Archive member included to satisfy reference by file (symbol)

C:/ST/STM32CubeIDE_1.15.1/STM32CubeIDE/plugins/com.st.stm32cube.ide.mcu.externaltools.gnu-tools-for-stm32.12.3.rel1.win32_1.0.100.202403111256/tools/bin/../lib/gcc/arm-none-eabi/12.3.1/../../../../arm-none-eabi/lib/thumb/v7-m/nofp\libc_nano.a(libc_a-exit.o)
                              C:/ST/STM32CubeIDE_1.15.1/STM32CubeIDE/plugins/com.st.stm32cube.ide.mcu.externaltools.gnu-tools-for-stm32.12.3.rel1.win32_1.0.100.202403111256/tools/bin/../lib/gcc/arm-none-eabi/12.3.1/../../../../arm-none-eabi/lib/thumb/v7-m/nofp/crt0.o (exit)
C:/ST/STM32CubeIDE_1.15.1/STM32CubeIDE/plugins/com.st.stm32cube.ide.mcu.externaltools.gnu-tools-for-stm32.12.3.rel1.win32_1.0.100.202403111256/tools/bin/../lib/gcc/arm-none-eabi/12.3.1/../../../../arm-none-eabi/lib/thumb/v7-m/nofp\libc_nano.a(libc_a-findfp.o)
                              C:/ST/STM32CubeIDE_1.15.1/STM32CubeIDE/plugins/com.st.stm32cube.ide.mcu.externaltools.gnu-tools-for-stm32.12.3.rel1.win32_1.0.100.202403111256/tools/bin/../lib/gcc/arm-none-eabi/12.3.1/../../../../arm-none-eabi/lib/thumb/v7-m/nofp\libc_nano.a(libc_a-exit.o) (__stdio_exit_handler)
C:/ST/STM32CubeIDE_1.15.1/STM32CubeIDE/plugins/com.st.stm32cube.ide.mcu.externaltools.gnu-tools-for-stm32.12.3.rel1.win32_1.0.100.202403111256/tools/bin/../lib/gcc/arm-none-eabi/12.3.1/../../../../arm-none-eabi/lib/thumb/v7-m/nofp\libc_nano.a(libc_a-fwalk.o)
                              C:/ST/STM32CubeIDE_1.15.1/STM32CubeIDE/plugins/com.st.stm32cube.ide.mcu.externaltools.gnu-tools-for-stm32.12.3.rel1.win32_1.0.100.202403111256/tools/bin/../lib/gcc/arm-none-eabi/12.3.1/../../../../arm-none-eabi/lib/thumb/v7-m/nofp\libc_nano.a(libc_a-findfp.o) (_fwalk_sglue)
C:/ST/STM32CubeIDE_1.15.1/STM32CubeIDE/plugins/com.st.stm32cube.ide.mcu.externaltools.gnu-tools-for-stm32.12.3.rel1.win32_1.0.100.202403111256/tools/bin/../lib/gcc/arm-none-eabi/12.3.1/../../../../arm-none-eabi/lib/thumb/v7-m/nofp\libc_nano.a(libc_a-stdio.o)
                              C:/ST/STM32CubeIDE_1.15.1/STM32CubeIDE/plugins/com.st.stm32cube.ide.mcu.externaltools.gnu-tools-for-stm32.12.3.rel1.win32_1.0.100.202403111256/tools/bin/../lib/gcc/arm-none-eabi/12.3.1/../../../../arm-none-eabi/lib/thumb/v7-m/nofp\libc_nano.a(libc_a-findfp.o) (__sread)
C:/ST/STM32CubeIDE_1.15.1/STM32CubeIDE/plugins/com.st.stm32cube.ide.mcu.externaltools.gnu-tools-for-stm32.12.3.rel1.win32_1.0.100.202403111256/tools/bin/../lib/gcc/arm-none-eabi/12.3.1/../../../../arm-none-eabi/lib/thumb/v7-m/nofp\libc_nano.a(libc_a-memset.o)
                              C:/ST/STM32CubeIDE_1.15.1/STM32CubeIDE/plugins/com.st.stm32cube.ide.mcu.externaltools.gnu-tools-for-stm32.12.3.rel1.win32_1.0.100.202403111256/tools/bin/../lib/gcc/arm-none-eabi/12.3.1/../../../../arm-none-eabi/lib/thumb/v7-m/nofp/crt0.o (memset)
C:/ST/STM32CubeIDE_1.15.1/STM32CubeIDE/plugins/com.st.stm32cube.ide.mcu.externaltools.gnu-tools-for-stm32.12.3.rel1.win32_1.0.100.202403111256/tools/bin/../lib/gcc/arm-none-eabi/12.3.1/../../../../arm-none-eabi/lib/thumb/v7-m/nofp\libc_nano.a(libc_a-closer.o)
                              C:/ST/STM32CubeIDE_1.15.1/STM32CubeIDE/plugins/com.st.stm32cube.ide.mcu.externaltools.gnu-tools-for-stm32.12.3.rel1.win32_1.0.100.202403111256/tools/bin/../lib/gcc/arm-none-eabi/12.3.1/../../../../arm-none-eabi/lib/thumb/v7-m/nofp\libc_nano.a(libc_a-stdio.o) (_close_r)
C:/ST/STM32CubeIDE_1.15.1/STM32CubeIDE/plugins/com.st.stm32cube.ide.mcu.externaltools.gnu-tools-for-stm32.12.3.rel1.win32_1.0.100.202403111256/tools/bin/../lib/gcc/arm-none-eabi/12.3.1/../../../../arm-none-eabi/lib/thumb/v7-m/nofp\libc_nano.a(libc_a-reent.o)
                              C:/ST/STM32CubeIDE_1.15.1/STM32CubeIDE/plugins/com.st.stm32cube.ide.mcu.externaltools.gnu-tools-for-stm32.12.3.rel1.win32_1.0.100.202403111256/tools/bin/../lib/gcc/arm-none-eabi/12.3.1/../../../../arm-none-eabi/lib/thumb/v7-m/nofp\libc_nano.a(libc_a-closer.o) (errno)
C:/ST/STM32CubeIDE_1.15.1/STM32CubeIDE/plugins/com.st.stm32cube.ide.mcu.externaltools.gnu-tools-for-stm32.12.3.rel1.win32_1.0.100.202403111256/tools/bin/../lib/gcc/arm-none-eabi/12.3.1/../../../../arm-none-eabi/lib/thumb/v7-m/nofp\libc_nano.a(libc_a-impure.o)
                              C:/ST/STM32CubeIDE_1.15.1/STM32CubeIDE/plugins/com.st.stm32cube.ide.mcu.externaltools.gnu-tools-for-stm32.12.3.rel1.win32_1.0.100.202403111256/tools/bin/../lib/gcc/arm-none-eabi/12.3.1/../../../../arm-none-eabi/lib/thumb/v7-m/nofp\libc_nano.a(libc_a-reent.o) (_impure_ptr)
C:/ST/STM32CubeIDE_1.15.1/STM32CubeIDE/plugins/com.st.stm32cube.ide.mcu.externaltools.gnu-tools-for-stm32.12.3.rel1.win32_1.0.100.202403111256/tools/bin/../lib/gcc/arm-none-eabi/12.3.1/../../../../arm-none-eabi/lib/thumb/v7-m/nofp\libc_nano.a(libc_a-lseekr.o)
[...]
Memory Configuration

Name             Origin             Length             Attributes
RAM              0x20000000         0x0000c000         xrw
FLASH            0x08000000         0x00040000         xr
*default*        0x00000000         0xffffffff

Linker script and memory map

LOAD C:/ST/STM32CubeIDE_1.15.1/STM32CubeIDE/plugins/com.st.stm32cube.ide.mcu.externaltools.gnu-tools-for-stm32.12.3.rel1.win32_1.0.100.202403111256/tools/bin/../lib/gcc/arm-none-eabi/12.3.1/thumb/v7-m/nofp/crti.o
LOAD C:/ST/STM32CubeIDE_1.15.1/STM32CubeIDE/plugins/com.st.stm32cube.ide.mcu.externaltools.gnu-tools-for-stm32.12.3.rel1.win32_1.0.100.202403111256/tools/bin/../lib/gcc/arm-none-eabi/12.3.1/thumb/v7-m/nofp/crtbegin.o
LOAD C:/ST/STM32CubeIDE_1.15.1/STM32CubeIDE/plugins/com.st.stm32cube.ide.mcu.externaltools.gnu-tools-for-stm32.12.3.rel1.win32_1.0.100.202403111256/tools/bin/../lib/gcc/arm-none-eabi/12.3.1/../../../../arm-none-eabi/lib/thumb/v7-m/nofp/crt0.o
LOAD ./BSP/bsp.o
LOAD ./BSP/bsp_beep.o
LOAD ./BSP/bsp_key.o
LOAD ./BSP/bsp_motor.o
LOAD ./BSP/bsp_pwmServo.o
LOAD ./BSP/bsp_uart.o
LOAD ./Core/Src/dma.o
LOAD ./Core/Src/gpio.o
LOAD ./Core/Src/main.o
LOAD ./Core/Src/stm32f1xx_hal_msp.o
LOAD ./Core/Src/stm32f1xx_it.o
LOAD ./Core/Src/syscalls.o
LOAD ./Core/Src/sysmem.o
LOAD ./Core/Src/system_stm32f1xx.o
LOAD ./Core/Src/tim.o
LOAD ./Core/Src/usart.o
LOAD ./Core/Startup/startup_stm32f103rctx.o
LOAD ./Drivers/STM32F1xx_HAL_Driver/Src/stm32f1xx_hal.o
LOAD ./Drivers/STM32F1xx_HAL_Driver/Src/stm32f1xx_hal_cortex.o
LOAD ./Drivers/STM32F1xx_HAL_Driver/Src/stm32f1xx_hal_dma.o
LOAD ./Drivers/STM32F1xx_HAL_Driver/Src/stm32f1xx_hal_exti.o
LOAD ./Drivers/STM32F1xx_HAL_Driver/Src/stm32f1xx_hal_flash.o
LOAD ./Drivers/STM32F1xx_HAL_Driver/Src/stm32f1xx_hal_flash_ex.o
LOAD ./Drivers/STM32F1xx_HAL_Driver/Src/stm32f1xx_hal_gpio.o
LOAD ./Drivers/STM32F1xx_HAL_Driver/Src/stm32f1xx_hal_gpio_ex.o
LOAD ./Drivers/STM32F1xx_HAL_Driver/Src/stm32f1xx_hal_pwr.o
LOAD ./Drivers/STM32F1xx_HAL_Driver/Src/stm32f1xx_hal_rcc.o
LOAD ./Drivers/STM32F1xx_HAL_Driver/Src/stm32f1xx_hal_rcc_ex.o
LOAD ./Drivers/STM32F1xx_HAL_Driver/Src/stm32f1xx_hal_tim.o
LOAD ./Drivers/STM32F1xx_HAL_Driver/Src/stm32f1xx_hal_tim_ex.o
LOAD ./Drivers/STM32F1xx_HAL_Driver/Src/stm32f1xx_hal_uart.o
START GROUP
LOAD C:/ST/STM32CubeIDE_1.15.1/STM32CubeIDE/plugins/com.st.stm32cube.ide.mcu.externaltools.gnu-tools-for-stm32.12.3.rel1.win32_1.0.100.202403111256/tools/bin/../lib/gcc/arm-none-eabi/12.3.1/../../../../arm-none-eabi/lib/thumb/v7-m/nofp\libc_nano.a
LOAD C:/ST/STM32CubeIDE_1.15.1/STM32CubeIDE/plugins/com.st.stm32cube.ide.mcu.externaltools.gnu-tools-for-stm32.12.3.rel1.win32_1.0.100.202403111256/tools/bin/../lib/gcc/arm-none-eabi/12.3.1/../../../../arm-none-eabi/lib/thumb/v7-m/nofp\libm.a
END GROUP
START GROUP
LOAD C:/ST/STM32CubeIDE_1.15.1/STM32CubeIDE/plugins/com.st.stm32cube.ide.mcu.externaltools.gnu-tools-for-stm32.12.3.rel1.win32_1.0.100.202403111256/tools/bin/../lib/gcc/arm-none-eabi/12.3.1/thumb/v7-m/nofp\libgcc.a
LOAD C:/ST/STM32CubeIDE_1.15.1/STM32CubeIDE/plugins/com.st.stm32cube.ide.mcu.externaltools.gnu-tools-for-stm32.12.3.rel1.win32_1.0.100.202403111256/tools/bin/../lib/gcc/arm-none-eabi/12.3.1/../../../../arm-none-eabi/lib/thumb/v7-m/nofp\libc_nano.a
END GROUP
START GROUP
LOAD C:/ST/STM32CubeIDE_1.15.1/STM32CubeIDE/plugins/com.st.stm32cube.ide.mcu.externaltools.gnu-tools-for-stm32.12.3.rel1.win32_1.0.100.202403111256/tools/bin/../lib/gcc/arm-none-eabi/12.3.1/thumb/v7-m/nofp\libgcc.a
LOAD C:/ST/STM32CubeIDE_1.15.1/STM32CubeIDE/plugins/com.st.stm32cube.ide.mcu.externaltools.gnu-tools-for-stm32.12.3.rel1.win32_1.0.100.202403111256/tools/bin/../lib/gcc/arm-none-eabi/12.3.1/../../../../arm-none-eabi/lib/thumb/v7-m/nofp\libc_nano.a
LOAD C:/ST/STM32CubeIDE_1.15.1/STM32CubeIDE/plugins/com.st.stm32cube.ide.mcu.externaltools.gnu-tools-for-stm32.12.3.rel1.win32_1.0.100.202403111256/tools/bin/../lib/gcc/arm-none-eabi/12.3.1/../../../../arm-none-eabi/lib/thumb/v7-m/nofp\libnosys.a
END GROUP
START GROUP
LOAD C:/ST/STM32CubeIDE_1.15.1/STM32CubeIDE/plugins/com.st.stm32cube.ide.mcu.externaltools.gnu-tools-for-stm32.12.3.rel1.win32_1.0.100.202403111256/tools/bin/../lib/gcc/arm-none-eabi/12.3.1/thumb/v7-m/nofp\libgcc.a
LOAD C:/ST/STM32CubeIDE_1.15.1/STM32CubeIDE/plugins/com.st.stm32cube.ide.mcu.externaltools.gnu-tools-for-stm32.12.3.rel1.win32_1.0.100.202403111256/tools/bin/../lib/gcc/arm-none-eabi/12.3.1/../../../../arm-none-eabi/lib/thumb/v7-m/nofp\libc_nano.a
LOAD C:/ST/STM32CubeIDE_1.15.1/STM32CubeIDE/plugins/com.st.stm32cube.ide.mcu.externaltools.gnu-tools-for-stm32.12.3.rel1.win32_1.0.100.202403111256/tools/bin/../lib/gcc/arm-none-eabi/12.3.1/../../../../arm-none-eabi/lib/thumb/v7-m/nofp\libnosys.a
END GROUP
LOAD C:/ST/STM32CubeIDE_1.15.1/STM32CubeIDE/plugins/com.st.stm32cube.ide.mcu.externaltools.gnu-tools-for-stm32.12.3.rel1.win32_1.0.100.202403111256/tools/bin/../lib/gcc/arm-none-eabi/12.3.1/thumb/v7-m/nofp/crtend.o
LOAD C:/ST/STM32CubeIDE_1.15.1/STM32CubeIDE/plugins/com.st.stm32cube.ide.mcu.externaltools.gnu-tools-for-stm32.12.3.rel1.win32_1.0.100.202403111256/tools/bin/../lib/gcc/arm-none-eabi/12.3.1/thumb/v7-m/nofp/crtn.o
                0x2000c000                        _estack = (ORIGIN (RAM) + LENGTH (RAM))
                0x00000200                        _Min_Heap_Size = 0x200
                0x00000400                        _Min_Stack_Size = 0x400

.isr_vector     0x08000000      0x1e4
                0x08000000                        . = ALIGN (0x4)
 *(.isr_vector)
 .isr_vector    0x08000000      0x1e4 ./Core/Startup/startup_stm32f103rctx.o
                0x08000000                g_pfnVectors
                0x080001e4                        . = ALIGN (0x4)

.text           0x080001e4     0x429c
                0x080001e4                        . = ALIGN (0x4)
 *(.text)
 .text          0x080001e4       0x40 C:/ST/STM32CubeIDE_1.15.1/STM32CubeIDE/plugins/com.st.stm32cube.ide.mcu.externaltools.gnu-tools-for-stm32.12.3.rel1.win32_1.0.100.202403111256/tools/bin/../lib/gcc/arm-none-eabi/12.3.1/thumb/v7-m/nofp/crtbegin.o
 *(.text*)
 .text.Bsp_Init
                0x08000224       0x14 ./BSP/bsp.o
                0x08000224                Bsp_Init
 .text.Bsp_Loop
                0x08000238       0xcc ./BSP/bsp.o
                0x08000238                Bsp_Loop
 .text.Motor_Ignore_Dead_Zone
                0x08000304       0x3e ./BSP/bsp_motor.o
 *fill*         0x08000342        0x2 
 .text.Motor_Init
                0x08000344       0x50 ./BSP/bsp_motor.o
                0x08000344                Motor_Init
 .text.Motor_Stop
                0x08000394       0x98 ./BSP/bsp_motor.o
                0x08000394                Motor_Stop
 .text.Motor_Set_Pwm
                0x0800042c      0x128 ./BSP/bsp_motor.o
                0x0800042c                Motor_Set_Pwm
 .text.PwmServo_Angle_To_Pulse
                0x08000554       0x38 ./BSP/bsp_pwmServo.o
 .text.PwmServo_Handle
                0x0800058c       0xb8 ./BSP/bsp_pwmServo.o
                0x0800058c                PwmServo_Handle
 .text.PwmServo_Init
                0x08000644       0x50 ./BSP/bsp_pwmServo.o
                0x08000644                PwmServo_Init
 .text.PwmServo_Set_Angle_All
                0x08000694       0xa0 ./BSP/bsp_pwmServo.o
                0x08000694                PwmServo_Set_Angle_All
 .text.HAL_TIM_PeriodElapsedCallback
                0x08000734       0x24 ./BSP/bsp_pwmServo.o
                0x08000734                HAL_TIM_PeriodElapsedCallback
 .text.USART1_Init
                0x08000758       0x1c ./BSP/bsp_uart.o
                0x08000758                USART1_Init
 .text.USART1_Send_U8
                0x08000774       0x24 ./BSP/bsp_uart.o
                0x08000774                USART1_Send_U8
 .text.HAL_UART_RxCpltCallback
                0x08000798       0x2c ./BSP/bsp_uart.o
                0x08000798                HAL_UART_RxCpltCallback
 .text.MX_DMA_Init
                0x080007c4       0x3c ./Core/Src/dma.o
                0x080007c4                MX_DMA_Init
 .text.MX_GPIO_Init
                0x08000800       0xe8 ./Core/Src/gpio.o
                0x08000800                MX_GPIO_Init
 .text.main     0x080008e8       0x2e ./Core/Src/main.o
                0x080008e8                main
 .text.SystemClock_Config
                0x08000916       0x8a ./Core/Src/main.o
                0x08000916                SystemClock_Config
 .text.Error_Handler
                0x080009a0        0xc ./Core/Src/main.o
                0x080009a0                Error_Handler
 .text.HAL_MspInit
                0x080009ac       0x64 ./Core/Src/stm32f1xx_hal_msp.o
                0x080009ac                HAL_MspInit
 .text.NMI_Handler
                0x08000a10        0x8 ./Core/Src/stm32f1xx_it.o
                0x08000a10                NMI_Handler
 .text.HardFault_Handler
                0x08000a18        0x8 ./Core/Src/stm32f1xx_it.o
                0x08000a18                HardFault_Handler
 .text.MemManage_Handler
                0x08000a20        0x8 ./Core/Src/stm32f1xx_it.o
                0x08000a20                MemManage_Handler
 .text.BusFault_Handler
                0x08000a28        0x8 ./Core/Src/stm32f1xx_it.o
                0x08000a28                BusFault_Handler
 .text.UsageFault_Handler
                0x08000a30        0x8 ./Core/Src/stm32f1xx_it.o
                0x08000a30                UsageFault_Handler
 .text.SVC_Handler
                0x08000a38        0xc ./Core/Src/stm32f1xx_it.o
                0x08000a38                SVC_Handler
 .text.DebugMon_Handler
                0x08000a44        0xc ./Core/Src/stm32f1xx_it.o
                0x08000a44                DebugMon_Handler
 .text.PendSV_Handler
                0x08000a50        0xc ./Core/Src/stm32f1xx_it.o
                0x08000a50                PendSV_Handler
 .text.SysTick_Handler
                0x08000a5c        0xc ./Core/Src/stm32f1xx_it.o
                0x08000a5c                SysTick_Handler
 .text.DMA1_Channel4_IRQHandler
                0x08000a68       0x14 ./Core/Src/stm32f1xx_it.o
                0x08000a68                DMA1_Channel4_IRQHandler
 .text.USART1_IRQHandler
                0x08000a7c       0x14 ./Core/Src/stm32f1xx_it.o
                0x08000a7c                USART1_IRQHandler
 .text.TIM7_IRQHandler
                0x08000a90       0x14 ./Core/Src/stm32f1xx_it.o
                0x08000a90                TIM7_IRQHandler
 .text.SystemInit
                0x08000aa4        0xc ./Core/Src/system_stm32f1xx.o
                0x08000aa4                SystemInit
 .text.MX_TIM1_Init
                0x08000ab0      0x188 ./Core/Src/tim.o
                0x08000ab0                MX_TIM1_Init
 .text.MX_TIM7_Init
                0x08000c38       0x70 ./Core/Src/tim.o
                0x08000c38                MX_TIM7_Init
 .text.MX_TIM8_Init
                0x08000ca8      0x188 ./Core/Src/tim.o
                0x08000ca8                MX_TIM8_Init
 .text.HAL_TIM_Base_MspInit
                0x08000e30       0x9c ./Core/Src/tim.o
                0x08000e30                HAL_TIM_Base_MspInit
 .text.HAL_TIM_MspPostInit
                0x08000ecc      0x108 ./Core/Src/tim.o
                0x08000ecc                HAL_TIM_MspPostInit
 .text.MX_USART1_UART_Init
                0x08000fd4       0x54 ./Core/Src/usart.o
                0x08000fd4                MX_USART1_UART_Init
 .text.HAL_UART_MspInit
                0x08001028       0xfc ./Core/Src/usart.o
                0x08001028                HAL_UART_MspInit
 .text.Reset_Handler
                0x08001124       0x48 ./Core/Startup/startup_stm32f103rctx.o
                0x08001124                Reset_Handler
 .text.Default_Handler
                0x0800116c        0x2 ./Core/Startup/startup_stm32f103rctx.o
                0x0800116c                RTC_Alarm_IRQHandler
                0x0800116c                EXTI2_IRQHandler
                0x0800116c                TIM8_TRG_COM_IRQHandler
                0x0800116c                TIM8_CC_IRQHandler
                0x0800116c                TIM1_CC_IRQHandler
                0x0800116c                TIM6_IRQHandler
                0x0800116c                PVD_IRQHandler
                0x0800116c                SDIO_IRQHandler
                0x0800116c                EXTI3_IRQHandler
                0x0800116c                EXTI0_IRQHandler
                0x0800116c                I2C2_EV_IRQHandler
                0x0800116c                ADC1_2_IRQHandler
                0x0800116c                SPI1_IRQHandler
                0x0800116c                TAMPER_IRQHandler
                0x0800116c                TIM8_UP_IRQHandler
                0x0800116c                DMA2_Channel2_IRQHandler
                0x0800116c                USART3_IRQHandler
                0x0800116c                RTC_IRQHandler
                0x0800116c                DMA1_Channel7_IRQHandler
                0x0800116c                CAN1_RX1_IRQHandler
                0x0800116c                UART5_IRQHandler
                0x0800116c                ADC3_IRQHandler
                0x0800116c                TIM4_IRQHandler
                0x0800116c                DMA2_Channel1_IRQHandler
                0x0800116c                I2C1_EV_IRQHandler
                0x0800116c                DMA1_Channel6_IRQHandler
                0x0800116c                UART4_IRQHandler
                0x0800116c                TIM3_IRQHandler
                0x0800116c                RCC_IRQHandler
                0x0800116c                TIM1_TRG_COM_IRQHandler
                0x0800116c                DMA1_Channel1_IRQHandler
                0x0800116c                Default_Handler
                0x0800116c                EXTI15_10_IRQHandler
                0x0800116c                TIM5_IRQHandler
                0x0800116c                EXTI9_5_IRQHandler
                0x0800116c                SPI2_IRQHandler
                0x0800116c                DMA1_Channel5_IRQHandler
                0x0800116c                EXTI4_IRQHandler
                0x0800116c                USB_LP_CAN1_RX0_IRQHandler
                0x0800116c                USB_HP_CAN1_TX_IRQHandler
                0x0800116c                DMA1_Channel3_IRQHandler
                0x0800116c                FSMC_IRQHandler
                0x0800116c                TIM1_UP_IRQHandler
                0x0800116c                WWDG_IRQHandler
                0x0800116c                TIM2_IRQHandler
                0x0800116c                TIM1_BRK_IRQHandler
                0x0800116c                EXTI1_IRQHandler
                0x0800116c                DMA2_Channel4_5_IRQHandler
                0x0800116c                USART2_IRQHandler
                0x0800116c                I2C2_ER_IRQHandler
                0x0800116c                DMA1_Channel2_IRQHandler
                0x0800116c                TIM8_BRK_IRQHandler
                0x0800116c                CAN1_SCE_IRQHandler
                0x0800116c                FLASH_IRQHandler
                0x0800116c                SPI3_IRQHandler
                0x0800116c                I2C1_ER_IRQHandler
                0x0800116c                USBWakeUp_IRQHandler
                0x0800116c                DMA2_Channel3_IRQHandler
 *fill*         0x0800116e        0x2 
 .text.HAL_Init
                0x08001170       0x2c ./Drivers/STM32F1xx_HAL_Driver/Src/stm32f1xx_hal.o
                0x08001170                HAL_Init
 .text.HAL_InitTick
                0x0800119c       0x60 ./Drivers/STM32F1xx_HAL_Driver/Src/stm32f1xx_hal.o
                0x0800119c                HAL_InitTick
 .text.HAL_IncTick
                0x080011fc       0x24 ./Drivers/STM32F1xx_HAL_Driver/Src/stm32f1xx_hal.o
                0x080011fc                HAL_IncTick
 .text.HAL_GetTick
                0x08001220       0x14 ./Drivers/STM32F1xx_HAL_Driver/Src/stm32f1xx_hal.o
                0x08001220                HAL_GetTick
 .text.__NVIC_SetPriorityGrouping
                0x08001234       0x48 ./Drivers/STM32F1xx_HAL_Driver/Src/stm32f1xx_hal_cortex.o
 .text.__NVIC_GetPriorityGrouping
                0x0800127c       0x1c ./Drivers/STM32F1xx_HAL_Driver/Src/stm32f1xx_hal_cortex.o
 .text.__NVIC_EnableIRQ
                0x08001298       0x38 ./Drivers/STM32F1xx_HAL_Driver/Src/stm32f1xx_hal_cortex.o
 .text.__NVIC_SetPriority
                0x080012d0       0x54 ./Drivers/STM32F1xx_HAL_Driver/Src/stm32f1xx_hal_cortex.o
 .text.NVIC_EncodePriority
                0x08001324       0x64 ./Drivers/STM32F1xx_HAL_Driver/Src/stm32f1xx_hal_cortex.o
 .text.SysTick_Config
                0x08001388       0x44 ./Drivers/STM32F1xx_HAL_Driver/Src/stm32f1xx_hal_cortex.o
 .text.HAL_NVIC_SetPriorityGrouping
                0x080013cc       0x16 ./Drivers/STM32F1xx_HAL_Driver/Src/stm32f1xx_hal_cortex.o
                0x080013cc                HAL_NVIC_SetPriorityGrouping
 .text.HAL_NVIC_SetPriority
                0x080013e2       0x38 ./Drivers/STM32F1xx_HAL_Driver/Src/stm32f1xx_hal_cortex.o
                0x080013e2                HAL_NVIC_SetPriority
 .text.HAL_NVIC_EnableIRQ
                0x0800141a       0x1c ./Drivers/STM32F1xx_HAL_Driver/Src/stm32f1xx_hal_cortex.o
                0x0800141a                HAL_NVIC_EnableIRQ
 .text.HAL_SYSTICK_Config
                0x08001436       0x18 ./Drivers/STM32F1xx_HAL_Driver/Src/stm32f1xx_hal_cortex.o
                0x08001436                HAL_SYSTICK_Config
 *fill*         0x0800144e        0x2 
 .text.HAL_DMA_Init
                0x08001450       0xec ./Drivers/STM32F1xx_HAL_Driver/Src/stm32f1xx_hal_dma.o
                0x08001450                HAL_DMA_Init
 .text.HAL_DMA_Abort
                0x0800153c       0x74 ./Drivers/STM32F1xx_HAL_Driver/Src/stm32f1xx_hal_dma.o
                0x0800153c                HAL_DMA_Abort
 .text.HAL_DMA_Abort_IT
                0x080015b0      0x210 ./Drivers/STM32F1xx_HAL_Driver/Src/stm32f1xx_hal_dma.o
                0x080015b0                HAL_DMA_Abort_IT
 .text.HAL_DMA_IRQHandler
                0x080017c0      0x478 ./Drivers/STM32F1xx_HAL_Driver/Src/stm32f1xx_hal_dma.o
                0x080017c0                HAL_DMA_IRQHandler
 .text.HAL_GPIO_Init
                0x08001c38      0x328 ./Drivers/STM32F1xx_HAL_Driver/Src/stm32f1xx_hal_gpio.o
                0x08001c38                HAL_GPIO_Init
 .text.HAL_GPIO_WritePin
                0x08001f60       0x30 ./Drivers/STM32F1xx_HAL_Driver/Src/stm32f1xx_hal_gpio.o
                0x08001f60                HAL_GPIO_WritePin
 .text.HAL_RCC_OscConfig
                0x08001f90      0x504 ./Drivers/STM32F1xx_HAL_Driver/Src/stm32f1xx_hal_rcc.o
                0x08001f90                HAL_RCC_OscConfig
 .text.HAL_RCC_ClockConfig
                0x08002494      0x1d4 ./Drivers/STM32F1xx_HAL_Driver/Src/stm32f1xx_hal_rcc.o
                0x08002494                HAL_RCC_ClockConfig
 .text.HAL_RCC_GetSysClockFreq
                0x08002668       0xbc ./Drivers/STM32F1xx_HAL_Driver/Src/stm32f1xx_hal_rcc.o
                0x08002668                HAL_RCC_GetSysClockFreq
 .text.HAL_RCC_GetHCLKFreq
                0x08002724       0x14 ./Drivers/STM32F1xx_HAL_Driver/Src/stm32f1xx_hal_rcc.o
                0x08002724                HAL_RCC_GetHCLKFreq
 .text.HAL_RCC_GetPCLK1Freq
                0x08002738       0x28 ./Drivers/STM32F1xx_HAL_Driver/Src/stm32f1xx_hal_rcc.o
                0x08002738                HAL_RCC_GetPCLK1Freq
 .text.HAL_RCC_GetPCLK2Freq
                0x08002760       0x28 ./Drivers/STM32F1xx_HAL_Driver/Src/stm32f1xx_hal_rcc.o
                0x08002760                HAL_RCC_GetPCLK2Freq
 .text.RCC_Delay
                0x08002788       0x3c ./Drivers/STM32F1xx_HAL_Driver/Src/stm32f1xx_hal_rcc.o
 .text.HAL_TIM_Base_Init
                0x080027c4       0x9e ./Drivers/STM32F1xx_HAL_Driver/Src/stm32f1xx_hal_tim.o
                0x080027c4                HAL_TIM_Base_Init
 *fill*         0x08002862        0x2 
 .text.HAL_TIM_Base_Start_IT
                0x08002864       0xc0 ./Drivers/STM32F1xx_HAL_Driver/Src/stm32f1xx_hal_tim.o
                0x08002864                HAL_TIM_Base_Start_IT
 .text.HAL_TIM_PWM_Init
                0x08002924       0x9e ./Drivers/STM32F1xx_HAL_Driver/Src/stm32f1xx_hal_tim.o
                0x08002924                HAL_TIM_PWM_Init
 .text.HAL_TIM_PWM_MspInit
                0x080029c2       0x12 ./Drivers/STM32F1xx_HAL_Driver/Src/stm32f1xx_hal_tim.o
                0x080029c2                HAL_TIM_PWM_MspInit
 .text.HAL_TIM_PWM_Start
                0x080029d4      0x174 ./Drivers/STM32F1xx_HAL_Driver/Src/stm32f1xx_hal_tim.o
                0x080029d4                HAL_TIM_PWM_Start
 .text.HAL_TIM_IRQHandler
                0x08002b48      0x210 ./Drivers/STM32F1xx_HAL_Driver/Src/stm32f1xx_hal_tim.o
                0x08002b48                HAL_TIM_IRQHandler
 .text.HAL_TIM_PWM_ConfigChannel
                0x08002d58      0x17c ./Drivers/STM32F1xx_HAL_Driver/Src/stm32f1xx_hal_tim.o
                0x08002d58                HAL_TIM_PWM_ConfigChannel
 .text.HAL_TIM_ConfigClockSource
                0x08002ed4      0x188 ./Drivers/STM32F1xx_HAL_Driver/Src/stm32f1xx_hal_tim.o
                0x08002ed4                HAL_TIM_ConfigClockSource
 .text.HAL_TIM_OC_DelayElapsedCallback
                0x0800305c       0x12 ./Drivers/STM32F1xx_HAL_Driver/Src/stm32f1xx_hal_tim.o
                0x0800305c                HAL_TIM_OC_DelayElapsedCallback
 .text.HAL_TIM_IC_CaptureCallback
                0x0800306e       0x12 ./Drivers/STM32F1xx_HAL_Driver/Src/stm32f1xx_hal_tim.o
                0x0800306e                HAL_TIM_IC_CaptureCallback
 .text.HAL_TIM_PWM_PulseFinishedCallback
                0x08003080       0x12 ./Drivers/STM32F1xx_HAL_Driver/Src/stm32f1xx_hal_tim.o
                0x08003080                HAL_TIM_PWM_PulseFinishedCallback
 .text.HAL_TIM_TriggerCallback
                0x08003092       0x12 ./Drivers/STM32F1xx_HAL_Driver/Src/stm32f1xx_hal_tim.o
                0x08003092                HAL_TIM_TriggerCallback
 .text.TIM_Base_SetConfig
                0x080030a4       0xf4 ./Drivers/STM32F1xx_HAL_Driver/Src/stm32f1xx_hal_tim.o
                0x080030a4                TIM_Base_SetConfig
 .text.TIM_OC1_SetConfig
                0x08003198       0xe0 ./Drivers/STM32F1xx_HAL_Driver/Src/stm32f1xx_hal_tim.o
 .text.TIM_OC2_SetConfig
                0x08003278       0xe8 ./Drivers/STM32F1xx_HAL_Driver/Src/stm32f1xx_hal_tim.o
                0x08003278                TIM_OC2_SetConfig
 .text.TIM_OC3_SetConfig
                0x08003360       0xe8 ./Drivers/STM32F1xx_HAL_Driver/Src/stm32f1xx_hal_tim.o
 .text.TIM_OC4_SetConfig
                0x08003448       0xa8 ./Drivers/STM32F1xx_HAL_Driver/Src/stm32f1xx_hal_tim.o
 .text.TIM_TI1_ConfigInputStage
                0x080034f0       0x5c ./Drivers/STM32F1xx_HAL_Driver/Src/stm32f1xx_hal_tim.o
 .text.TIM_TI2_ConfigInputStage
                0x0800354c       0x5e ./Drivers/STM32F1xx_HAL_Driver/Src/stm32f1xx_hal_tim.o
 .text.TIM_ITRx_SetConfig
                0x080035aa       0x34 ./Drivers/STM32F1xx_HAL_Driver/Src/stm32f1xx_hal_tim.o
 .text.TIM_ETR_SetConfig
                0x080035de       0x3e ./Drivers/STM32F1xx_HAL_Driver/Src/stm32f1xx_hal_tim.o
                0x080035de                TIM_ETR_SetConfig
 .text.TIM_CCxChannelCmd
                0x0800361c       0x48 ./Drivers/STM32F1xx_HAL_Driver/Src/stm32f1xx_hal_tim.o
                0x0800361c                TIM_CCxChannelCmd
 .text.HAL_TIMEx_PWMN_Start
                0x08003664      0x158 ./Drivers/STM32F1xx_HAL_Driver/Src/stm32f1xx_hal_tim_ex.o
                0x08003664                HAL_TIMEx_PWMN_Start
 .text.HAL_TIMEx_MasterConfigSynchronization
                0x080037bc       0xd8 ./Drivers/STM32F1xx_HAL_Driver/Src/stm32f1xx_hal_tim_ex.o
                0x080037bc                HAL_TIMEx_MasterConfigSynchronization
 .text.HAL_TIMEx_ConfigBreakDeadTime
                0x08003894       0xa2 ./Drivers/STM32F1xx_HAL_Driver/Src/stm32f1xx_hal_tim_ex.o
                0x08003894                HAL_TIMEx_ConfigBreakDeadTime
 .text.HAL_TIMEx_CommutCallback
                0x08003936       0x12 ./Drivers/STM32F1xx_HAL_Driver/Src/stm32f1xx_hal_tim_ex.o
                0x08003936                HAL_TIMEx_CommutCallback
 .text.HAL_TIMEx_BreakCallback
                0x08003948       0x12 ./Drivers/STM32F1xx_HAL_Driver/Src/stm32f1xx_hal_tim_ex.o
                0x08003948                HAL_TIMEx_BreakCallback
 .text.TIM_CCxNChannelCmd
                0x0800395a       0x48 ./Drivers/STM32F1xx_HAL_Driver/Src/stm32f1xx_hal_tim_ex.o
 .text.HAL_UART_Init
                0x080039a2       0x9a ./Drivers/STM32F1xx_HAL_Driver/Src/stm32f1xx_hal_uart.o
                0x080039a2                HAL_UART_Init
 .text.HAL_UART_Transmit
                0x08003a3c      0x124 ./Drivers/STM32F1xx_HAL_Driver/Src/stm32f1xx_hal_uart.o
                0x08003a3c                HAL_UART_Transmit
 .text.HAL_UART_Receive_IT
                0x08003b60       0x60 ./Drivers/STM32F1xx_HAL_Driver/Src/stm32f1xx_hal_uart.o
                0x08003b60                HAL_UART_Receive_IT
 .text.HAL_UART_IRQHandler
                0x08003bc0      0x354 ./Drivers/STM32F1xx_HAL_Driver/Src/stm32f1xx_hal_uart.o
                0x08003bc0                HAL_UART_IRQHandler
 .text.HAL_UART_TxCpltCallback
                0x08003f14       0x12 ./Drivers/STM32F1xx_HAL_Driver/Src/stm32f1xx_hal_uart.o
                0x08003f14                HAL_UART_TxCpltCallback
 .text.HAL_UART_ErrorCallback
                0x08003f26       0x12 ./Drivers/STM32F1xx_HAL_Driver/Src/stm32f1xx_hal_uart.o
                0x08003f26                HAL_UART_ErrorCallback
 .text.HAL_UARTEx_RxEventCallback
                0x08003f38       0x16 ./Drivers/STM32F1xx_HAL_Driver/Src/stm32f1xx_hal_uart.o
                0x08003f38                HAL_UARTEx_RxEventCallback
 .text.UART_WaitOnFlagUntilTimeout
                0x08003f4e       0x94 ./Drivers/STM32F1xx_HAL_Driver/Src/stm32f1xx_hal_uart.o
 .text.UART_Start_Receive_IT
                0x08003fe2       0x72 ./Drivers/STM32F1xx_HAL_Driver/Src/stm32f1xx_hal_uart.o
                0x08003fe2                UART_Start_Receive_IT
 .text.UART_EndRxTransfer
                0x08004054       0x58 ./Drivers/STM32F1xx_HAL_Driver/Src/stm32f1xx_hal_uart.o
 .text.UART_DMAAbortOnError
                0x080040ac       0x28 ./Drivers/STM32F1xx_HAL_Driver/Src/stm32f1xx_hal_uart.o
 .text.UART_Transmit_IT
                0x080040d4       0x9e ./Drivers/STM32F1xx_HAL_Driver/Src/stm32f1xx_hal_uart.o
 .text.UART_EndTransmit_IT
                0x08004172       0x30 ./Drivers/STM32F1xx_HAL_Driver/Src/stm32f1xx_hal_uart.o
 .text.UART_Receive_IT
                0x080041a2      0x152 ./Drivers/STM32F1xx_HAL_Driver/Src/stm32f1xx_hal_uart.o
 .text.UART_SetConfig
                0x080042f4      0x11c ./Drivers/STM32F1xx_HAL_Driver/Src/stm32f1xx_hal_uart.o
 .text.memset   0x08004410       0x10 C:/ST/STM32CubeIDE_1.15.1/STM32CubeIDE/plugins/com.st.stm32cube.ide.mcu.externaltools.gnu-tools-for-stm32.12.3.rel1.win32_1.0.100.202403111256/tools/bin/../lib/gcc/arm-none-eabi/12.3.1/../../../../arm-none-eabi/lib/thumb/v7-m/nofp\libc_nano.a(libc_a-memset.o)
                0x08004410                memset
 .text.__libc_init_array
                0x08004420       0x48 C:/ST/STM32CubeIDE_1.15.1/STM32CubeIDE/plugins/com.st.stm32cube.ide.mcu.externaltools.gnu-tools-for-stm32.12.3.rel1.win32_1.0.100.202403111256/tools/bin/../lib/gcc/arm-none-eabi/12.3.1/../../../../arm-none-eabi/lib/thumb/v7-m/nofp\libc_nano.a(libc_a-init.o)
                0x08004420                __libc_init_array
 *(.glue_7)
 .glue_7        0x08004468        0x0 linker stubs
 *(.glue_7t)
 .glue_7t       0x08004468        0x0 linker stubs
 *(.eh_frame)
 .eh_frame      0x08004468        0x0 C:/ST/STM32CubeIDE_1.15.1/STM32CubeIDE/plugins/com.st.stm32cube.ide.mcu.externaltools.gnu-tools-for-stm32.12.3.rel1.win32_1.0.100.202403111256/tools/bin/../lib/gcc/arm-none-eabi/12.3.1/thumb/v7-m/nofp/crtbegin.o
 *(.init)
 .init          0x08004468        0x4 C:/ST/STM32CubeIDE_1.15.1/STM32CubeIDE/plugins/com.st.stm32cube.ide.mcu.externaltools.gnu-tools-for-stm32.12.3.rel1.win32_1.0.100.202403111256/tools/bin/../lib/gcc/arm-none-eabi/12.3.1/thumb/v7-m/nofp/crti.o
                0x08004468                _init
 .init          0x0800446c        0x8 C:/ST/STM32CubeIDE_1.15.1/STM32CubeIDE/plugins/com.st.stm32cube.ide.mcu.externaltools.gnu-tools-for-stm32.12.3.rel1.win32_1.0.100.202403111256/tools/bin/../lib/gcc/arm-none-eabi/12.3.1/thumb/v7-m/nofp/crtn.o
 *(.fini)
 .fini          0x08004474        0x4 C:/ST/STM32CubeIDE_1.15.1/STM32CubeIDE/plugins/com.st.stm32cube.ide.mcu.externaltools.gnu-tools-for-stm32.12.3.rel1.win32_1.0.100.202403111256/tools/bin/../lib/gcc/arm-none-eabi/12.3.1/thumb/v7-m/nofp/crti.o
                0x08004474                _fini
 .fini          0x08004478        0x8 C:/ST/STM32CubeIDE_1.15.1/STM32CubeIDE/plugins/com.st.stm32cube.ide.mcu.externaltools.gnu-tools-for-stm32.12.3.rel1.win32_1.0.100.202403111256/tools/bin/../lib/gcc/arm-none-eabi/12.3.1/thumb/v7-m/nofp/crtn.o
                0x08004480                        . = ALIGN (0x4)
                0x08004480                        _etext = .

.vfp11_veneer   0x08004480        0x0
 .vfp11_veneer  0x08004480        0x0 linker stubs

.v4_bx          0x08004480        0x0
 .v4_bx         0x08004480        0x0 linker stubs

.iplt           0x08004480        0x0
 .iplt          0x08004480        0x0 C:/ST/STM32CubeIDE_1.15.1/STM32CubeIDE/plugins/com.st.stm32cube.ide.mcu.externaltools.gnu-tools-for-stm32.12.3.rel1.win32_1.0.100.202403111256/tools/bin/../lib/gcc/arm-none-eabi/12.3.1/thumb/v7-m/nofp/crtbegin.o

.rodata         0x08004480       0x28
                0x08004480                        . = ALIGN (0x4)
 *(.rodata)
 .rodata        0x08004480       0x10 ./Drivers/STM32F1xx_HAL_Driver/Src/stm32f1xx_hal_rcc.o
 *(.rodata*)
 .rodata.AHBPrescTable
                0x08004490       0x10 ./Core/Src/system_stm32f1xx.o
                0x08004490                AHBPrescTable
 .rodata.APBPrescTable
                0x080044a0        0x8 ./Core/Src/system_stm32f1xx.o
                0x080044a0                APBPrescTable
                0x080044a8                        . = ALIGN (0x4)

.rel.dyn        0x080044a8        0x0
 .rel.iplt      0x080044a8        0x0 C:/ST/STM32CubeIDE_1.15.1/STM32CubeIDE/plugins/com.st.stm32cube.ide.mcu.externaltools.gnu-tools-for-stm32.12.3.rel1.win32_1.0.100.202403111256/tools/bin/../lib/gcc/arm-none-eabi/12.3.1/thumb/v7-m/nofp/crtbegin.o

.ARM.extab      0x080044a8        0x0
                0x080044a8                        . = ALIGN (0x4)
 *(.ARM.extab* .gnu.linkonce.armextab.*)
                0x080044a8                        . = ALIGN (0x4)

.ARM            0x080044a8        0x0
                0x080044a8                        . = ALIGN (0x4)
                0x080044a8                        __exidx_start = .
 *(.ARM.exidx*)
                0x080044a8                        __exidx_end = .
                0x080044a8                        . = ALIGN (0x4)

.preinit_array  0x080044a8        0x0
                0x080044a8                        . = ALIGN (0x4)
                0x080044a8                        PROVIDE (__preinit_array_start = .)
 *(.preinit_array*)
                0x080044a8                        PROVIDE (__preinit_array_end = .)
                0x080044a8                        . = ALIGN (0x4)

.init_array     0x080044a8        0x4
                0x080044a8                        . = ALIGN (0x4)
                0x080044a8                        PROVIDE (__init_array_start = .)
 *(SORT_BY_NAME(.init_array.*))
 *(.init_array*)
 .init_array    0x080044a8        0x4 C:/ST/STM32CubeIDE_1.15.1/STM32CubeIDE/plugins/com.st.stm32cube.ide.mcu.externaltools.gnu-tools-for-stm32.12.3.rel1.win32_1.0.100.202403111256/tools/bin/../lib/gcc/arm-none-eabi/12.3.1/thumb/v7-m/nofp/crtbegin.o
                0x080044ac                        PROVIDE (__init_array_end = .)
                0x080044ac                        . = ALIGN (0x4)

.fini_array     0x080044ac        0x4
                0x080044ac                        . = ALIGN (0x4)
                [!provide]                        PROVIDE (__fini_array_start = .)
 *(SORT_BY_NAME(.fini_array.*))
 *(.fini_array*)
 .fini_array    0x080044ac        0x4 C:/ST/STM32CubeIDE_1.15.1/STM32CubeIDE/plugins/com.st.stm32cube.ide.mcu.externaltools.gnu-tools-for-stm32.12.3.rel1.win32_1.0.100.202403111256/tools/bin/../lib/gcc/arm-none-eabi/12.3.1/thumb/v7-m/nofp/crtbegin.o
                [!provide]                        PROVIDE (__fini_array_end = .)
                0x080044b0                        . = ALIGN (0x4)
                0x080044b0                        _sidata = LOADADDR (.data)

.data           0x20000000       0x18 load address 0x080044b0
                0x20000000                        . = ALIGN (0x4)
                0x20000000                        _sdata = .
 *(.data)
 *(.data*)
 .data.g_pwm_angle
                0x20000000        0x4 ./BSP/bsp_pwmServo.o
                0x20000000                g_pwm_angle
 .data.g_angle_num
                0x20000004        0x8 ./BSP/bsp_pwmServo.o
                0x20000004                g_angle_num
 .data.SystemCoreClock
                0x2000000c        0x4 ./Core/Src/system_stm32f1xx.o
                0x2000000c                SystemCoreClock
 .data.uwTickPrio
                0x20000010        0x4 ./Drivers/STM32F1xx_HAL_Driver/Src/stm32f1xx_hal.o
                0x20000010                uwTickPrio
 .data.uwTickFreq
                0x20000014        0x1 ./Drivers/STM32F1xx_HAL_Driver/Src/stm32f1xx_hal.o
                0x20000014                uwTickFreq
 *(.RamFunc)
 *(.RamFunc*)
                0x20000018                        . = ALIGN (0x4)
 *fill*         0x20000015        0x3 
                0x20000018                        _edata = .

.igot.plt       0x20000018        0x0 load address 0x080044c8
 .igot.plt      0x20000018        0x0 C:/ST/STM32CubeIDE_1.15.1/STM32CubeIDE/plugins/com.st.stm32cube.ide.mcu.externaltools.gnu-tools-for-stm32.12.3.rel1.win32_1.0.100.202403111256/tools/bin/../lib/gcc/arm-none-eabi/12.3.1/thumb/v7-m/nofp/crtbegin.o
                0x20000018                        . = ALIGN (0x4)

.bss            0x20000018      0x184 load address 0x080044c8
                0x20000018                        _sbss = .
                0x20000018                        __bss_start__ = _sbss
 *(.bss)
 .bss           0x20000018       0x1c C:/ST/STM32CubeIDE_1.15.1/STM32CubeIDE/plugins/com.st.stm32cube.ide.mcu.externaltools.gnu-tools-for-stm32.12.3.rel1.win32_1.0.100.202403111256/tools/bin/../lib/gcc/arm-none-eabi/12.3.1/thumb/v7-m/nofp/crtbegin.o
 *(.bss*)
 .bss.g_pwm_pulse
                0x20000034        0x2 ./BSP/bsp_pwmServo.o
                0x20000034                g_pwm_pulse
 .bss.RxTemp    0x20000036        0x1 ./BSP/bsp_uart.o
                0x20000036                RxTemp
 *fill*         0x20000037        0x1 
 .bss.htim1     0x20000038       0x48 ./Core/Src/tim.o
                0x20000038                htim1
 .bss.htim7     0x20000080       0x48 ./Core/Src/tim.o
                0x20000080                htim7
 .bss.htim8     0x200000c8       0x48 ./Core/Src/tim.o
                0x200000c8                htim8
 .bss.huart1    0x20000110       0x44 ./Core/Src/usart.o
                0x20000110                huart1
 .bss.hdma_usart1_tx
                0x20000154       0x44 ./Core/Src/usart.o
                0x20000154                hdma_usart1_tx
 .bss.uwTick    0x20000198        0x4 ./Drivers/STM32F1xx_HAL_Driver/Src/stm32f1xx_hal.o
                0x20000198                uwTick
 *(COMMON)
                0x2000019c                        . = ALIGN (0x4)
                0x2000019c                        _ebss = .
                0x2000019c                        __bss_end__ = _ebss

._user_heap_stack
                0x2000019c      0x604 load address 0x080044c8
                0x200001a0                        . = ALIGN (0x8)
 *fill*         0x2000019c        0x4 
                [!provide]                        PROVIDE (end = .)
                0x200001a0                        PROVIDE (_end = .)
                0x200003a0                        . = (. + _Min_Heap_Size)
 *fill*         0x200001a0      0x200 
                0x200007a0                        . = (. + _Min_Stack_Size)
 *fill*         0x200003a0      0x400 
                0x200007a0                        . = ALIGN (0x8)

/DISCARD/
 libc.a(*)
 libm.a(*)
 libgcc.a(*)

.ARM.attributes
                0x00000000       0x29
 *(.ARM.attributes)
 .ARM.attributes
                0x00000000       0x1d C:/ST/STM32CubeIDE_1.15.1/STM32CubeIDE/plugins/com.st.stm32cube.ide.mcu.externaltools.gnu-tools-for-stm32.12.3.rel1.win32_1.0.100.202403111256/tools/bin/../lib/gcc/arm-none-eabi/12.3.1/thumb/v7-m/nofp/crti.o
 .ARM.attributes
                0x0000001d       0x2d C:/ST/STM32CubeIDE_1.15.1/STM32CubeIDE/plugins/com.st.stm32cube.ide.mcu.externaltools.gnu-tools-for-stm32.12.3.rel1.win32_1.0.100.202403111256/tools/bin/../lib/gcc/arm-none-eabi/12.3.1/thumb/v7-m/nofp/crtbegin.o
 .ARM.attributes
                0x0000004a       0x2d ./BSP/bsp.o
 .ARM.attributes
                0x00000077       0x2d ./BSP/bsp_motor.o
 .ARM.attributes
                0x000000a4       0x2d ./BSP/bsp_pwmServo.o
 .ARM.attributes
                0x000000d1       0x2d ./BSP/bsp_uart.o
 .ARM.attributes
                0x000000fe       0x2d ./Core/Src/dma.o
 .ARM.attributes
                0x0000012b       0x2d ./Core/Src/gpio.o
 .ARM.attributes
                0x00000158       0x2d ./Core/Src/main.o
 .ARM.attributes
                0x00000185       0x2d ./Core/Src/stm32f1xx_hal_msp.o
 .ARM.attributes
                0x000001b2       0x2d ./Core/Src/stm32f1xx_it.o
 .ARM.attributes
                0x000001df       0x2d ./Core/Src/system_stm32f1xx.o
 .ARM.attributes
                0x0000020c       0x2d ./Core/Src/tim.o
 .ARM.attributes
                0x00000239       0x2d ./Core/Src/usart.o
 .ARM.attributes
                0x00000266       0x21 ./Core/Startup/startup_stm32f103rctx.o
 .ARM.attributes
                0x00000287       0x2d ./Drivers/STM32F1xx_HAL_Driver/Src/stm32f1xx_hal.o
 .ARM.attributes
                0x000002b4       0x2d ./Drivers/STM32F1xx_HAL_Driver/Src/stm32f1xx_hal_cortex.o
 .ARM.attributes
                0x000002e1       0x2d ./Drivers/STM32F1xx_HAL_Driver/Src/stm32f1xx_hal_dma.o
 .ARM.attributes
                0x0000030e       0x2d ./Drivers/STM32F1xx_HAL_Driver/Src/stm32f1xx_hal_gpio.o
 .ARM.attributes
                0x0000033b       0x2d ./Drivers/STM32F1xx_HAL_Driver/Src/stm32f1xx_hal_rcc.o
 .ARM.attributes
                0x00000368       0x2d ./Drivers/STM32F1xx_HAL_Driver/Src/stm32f1xx_hal_tim.o
 .ARM.attributes
                0x00000395       0x2d ./Drivers/STM32F1xx_HAL_Driver/Src/stm32f1xx_hal_tim_ex.o
 .ARM.attributes
                0x000003c2       0x2d ./Drivers/STM32F1xx_HAL_Driver/Src/stm32f1xx_hal_uart.o
 .ARM.attributes
                0x000003ef       0x2d C:/ST/STM32CubeIDE_1.15.1/STM32CubeIDE/plugins/com.st.stm32cube.ide.mcu.externaltools.gnu-tools-for-stm32.12.3.rel1.win32_1.0.100.202403111256/tools/bin/../lib/gcc/arm-none-eabi/12.3.1/../../../../arm-none-eabi/lib/thumb/v7-m/nofp\libc_nano.a(libc_a-memset.o)
 .ARM.attributes
                0x0000041c       0x2d C:/ST/STM32CubeIDE_1.15.1/STM32CubeIDE/plugins/com.st.stm32cube.ide.mcu.externaltools.gnu-tools-for-stm32.12.3.rel1.win32_1.0.100.202403111256/tools/bin/../lib/gcc/arm-none-eabi/12.3.1/../../../../arm-none-eabi/lib/thumb/v7-m/nofp\libc_nano.a(libc_a-init.o)
 .ARM.attributes
                0x00000449       0x1d C:/ST/STM32CubeIDE_1.15.1/STM32CubeIDE/plugins/com.st.stm32cube.ide.mcu.externaltools.gnu-tools-for-stm32.12.3.rel1.win32_1.0.100.202403111256/tools/bin/../lib/gcc/arm-none-eabi/12.3.1/thumb/v7-m/nofp/crtn.o
OUTPUT(Motor.elf elf32-littlearm)
LOAD linker stubs
LOAD C:/ST/STM32CubeIDE_1.15.1/STM32CubeIDE/plugins/com.st.stm32cube.ide.mcu.externaltools.gnu-tools-for-stm32.12.3.rel1.win32_1.0.100.202403111256/tools/bin/../lib/gcc/arm-none-eabi/12.3.1/../../../../arm-none-eabi/lib/thumb/v7-m/nofp\libc.a
LOAD C:/ST/STM32CubeIDE_1.15.1/STM32CubeIDE/plugins/com.st.stm32cube.ide.mcu.externaltools.gnu-tools-for-stm32.12.3.rel1.win32_1.0.100.202403111256/tools/bin/../lib/gcc/arm-none-eabi/12.3.1/../../../../arm-none-eabi/lib/thumb/v7-m/nofp\libm.a
LOAD C:/ST/STM32CubeIDE_1.15.1/STM32CubeIDE/plugins/com.st.stm32cube.ide.mcu.externaltools.gnu-tools-for-stm32.12.3.rel1.win32_1.0.100.202403111256/tools/bin/../lib/gcc/arm-none-eabi/12.3.1/thumb/v7-m/nofp\libgcc.a

.debug_info     0x00000000     0xc1bc
 .debug_info    0x00000000      0x6b2 ./BSP/bsp.o
 .debug_info    0x000006b2      0x752 ./BSP/bsp_motor.o
 .debug_info    0x00000e04      0x831 ./BSP/bsp_pwmServo.o
 .debug_info    0x00001635      0x65d ./BSP/bsp_uart.o
 .debug_info    0x00001c92      0x335 ./Core/Src/dma.o
 .debug_info    0x00001fc7      0x2d3 ./Core/Src/gpio.o
 .debug_info    0x0000229a      0x2c2 ./Core/Src/main.o
 .debug_info    0x0000255c      0x1f1 ./Core/Src/stm32f1xx_hal_msp.o
 .debug_info    0x0000274d      0x94c ./Core/Src/stm32f1xx_it.o
 .debug_info    0x00003099      0x222 ./Core/Src/system_stm32f1xx.o
 .debug_info    0x000032bb      0xe6c ./Core/Src/tim.o
 .debug_info    0x00004127      0x9a0 ./Core/Src/usart.o
 .debug_info    0x00004ac7       0x30 ./Core/Startup/startup_stm32f103rctx.o
 .debug_info    0x00004af7      0x76a ./Drivers/STM32F1xx_HAL_Driver/Src/stm32f1xx_hal.o
 .debug_info    0x00005261      0xaed ./Drivers/STM32F1xx_HAL_Driver/Src/stm32f1xx_hal_cortex.o
 .debug_info    0x00005d4e      0x6cd ./Drivers/STM32F1xx_HAL_Driver/Src/stm32f1xx_hal_dma.o
 .debug_info    0x0000641b      0x5ab ./Drivers/STM32F1xx_HAL_Driver/Src/stm32f1xx_hal_gpio.o
 .debug_info    0x000069c6      0x7e9 ./Drivers/STM32F1xx_HAL_Driver/Src/stm32f1xx_hal_rcc.o
 .debug_info    0x000071af     0x2789 ./Drivers/STM32F1xx_HAL_Driver/Src/stm32f1xx_hal_tim.o
 .debug_info    0x00009938     0x13f1 ./Drivers/STM32F1xx_HAL_Driver/Src/stm32f1xx_hal_tim_ex.o
 .debug_info    0x0000ad29     0x1493 ./Drivers/STM32F1xx_HAL_Driver/Src/stm32f1xx_hal_uart.o

.debug_abbrev   0x00000000     0x2655
 .debug_abbrev  0x00000000      0x1b5 ./BSP/bsp.o
 .debug_abbrev  0x000001b5      0x1fe ./BSP/bsp_motor.o
 .debug_abbrev  0x000003b3      0x1e8 ./BSP/bsp_pwmServo.o
 .debug_abbrev  0x0000059b      0x1b4 ./BSP/bsp_uart.o
 .debug_abbrev  0x0000074f       0xfc ./Core/Src/dma.o
 .debug_abbrev  0x0000084b      0x13f ./Core/Src/gpio.o
 .debug_abbrev  0x0000098a      0x172 ./Core/Src/main.o
 .debug_abbrev  0x00000afc       0xdb ./Core/Src/stm32f1xx_hal_msp.o
 .debug_abbrev  0x00000bd7      0x194 ./Core/Src/stm32f1xx_it.o
 .debug_abbrev  0x00000d6b      0x13f ./Core/Src/system_stm32f1xx.o
 .debug_abbrev  0x00000eaa      0x27e ./Core/Src/tim.o
 .debug_abbrev  0x00001128      0x212 ./Core/Src/usart.o
 .debug_abbrev  0x0000133a       0x24 ./Core/Startup/startup_stm32f103rctx.o
 .debug_abbrev  0x0000135e      0x201 ./Drivers/STM32F1xx_HAL_Driver/Src/stm32f1xx_hal.o
 .debug_abbrev  0x0000155f      0x2f8 ./Drivers/STM32F1xx_HAL_Driver/Src/stm32f1xx_hal_cortex.o
 .debug_abbrev  0x00001857      0x20b ./Drivers/STM32F1xx_HAL_Driver/Src/stm32f1xx_hal_dma.o
 .debug_abbrev  0x00001a62      0x1ca ./Drivers/STM32F1xx_HAL_Driver/Src/stm32f1xx_hal_gpio.o
 .debug_abbrev  0x00001c2c      0x2b1 ./Drivers/STM32F1xx_HAL_Driver/Src/stm32f1xx_hal_rcc.o
 .debug_abbrev  0x00001edd      0x270 ./Drivers/STM32F1xx_HAL_Driver/Src/stm32f1xx_hal_tim.o
 .debug_abbrev  0x0000214d      0x27b ./Drivers/STM32F1xx_HAL_Driver/Src/stm32f1xx_hal_tim_ex.o
 .debug_abbrev  0x000023c8      0x28d ./Drivers/STM32F1xx_HAL_Driver/Src/stm32f1xx_hal_uart.o

.debug_aranges  0x00000000      0xd40
 .debug_aranges
                0x00000000       0x30 ./BSP/bsp.o
 .debug_aranges
                0x00000030       0x38 ./BSP/bsp_motor.o
 .debug_aranges
                0x00000068       0x48 ./BSP/bsp_pwmServo.o
 .debug_aranges
                0x000000b0       0x40 ./BSP/bsp_uart.o
 .debug_aranges
                0x000000f0       0x20 ./Core/Src/dma.o
 .debug_aranges
                0x00000110       0x20 ./Core/Src/gpio.o
 .debug_aranges
                0x00000130       0x30 ./Core/Src/main.o
 .debug_aranges
                0x00000160       0x20 ./Core/Src/stm32f1xx_hal_msp.o
 .debug_aranges
                0x00000180       0x78 ./Core/Src/stm32f1xx_it.o
 .debug_aranges
                0x000001f8       0x28 ./Core/Src/system_stm32f1xx.o
 .debug_aranges
                0x00000220       0x48 ./Core/Src/tim.o
 .debug_aranges
                0x00000268       0x30 ./Core/Src/usart.o
 .debug_aranges
                0x00000298       0x28 ./Core/Startup/startup_stm32f103rctx.o
 .debug_aranges
                0x000002c0       0xe0 ./Drivers/STM32F1xx_HAL_Driver/Src/stm32f1xx_hal.o
 .debug_aranges
                0x000003a0      0x100 ./Drivers/STM32F1xx_HAL_Driver/Src/stm32f1xx_hal_cortex.o
 .debug_aranges
                0x000004a0       0x80 ./Drivers/STM32F1xx_HAL_Driver/Src/stm32f1xx_hal_dma.o
 .debug_aranges
                0x00000520       0x58 ./Drivers/STM32F1xx_HAL_Driver/Src/stm32f1xx_hal_gpio.o
 .debug_aranges
                0x00000578       0x90 ./Drivers/STM32F1xx_HAL_Driver/Src/stm32f1xx_hal_rcc.o
 .debug_aranges
                0x00000608      0x3d0 ./Drivers/STM32F1xx_HAL_Driver/Src/stm32f1xx_hal_tim.o
 .debug_aranges
                0x000009d8      0x168 ./Drivers/STM32F1xx_HAL_Driver/Src/stm32f1xx_hal_tim_ex.o
 .debug_aranges
                0x00000b40      0x200 ./Drivers/STM32F1xx_HAL_Driver/Src/stm32f1xx_hal_uart.o

.debug_rnglists
                0x00000000      0xa3c
 .debug_rnglists
                0x00000000       0x20 ./BSP/bsp.o
 .debug_rnglists
                0x00000020       0x27 ./BSP/bsp_motor.o
 .debug_rnglists
                0x00000047       0x33 ./BSP/bsp_pwmServo.o
 .debug_rnglists
                0x0000007a       0x2b ./BSP/bsp_uart.o
 .debug_rnglists
                0x000000a5       0x13 ./Core/Src/dma.o
 .debug_rnglists
                0x000000b8       0x14 ./Core/Src/gpio.o
 .debug_rnglists
                0x000000cc       0x20 ./Core/Src/main.o
 .debug_rnglists
                0x000000ec       0x13 ./Core/Src/stm32f1xx_hal_msp.o
 .debug_rnglists
                0x000000ff       0x55 ./Core/Src/stm32f1xx_it.o
 .debug_rnglists
                0x00000154       0x1a ./Core/Src/system_stm32f1xx.o
 .debug_rnglists
                0x0000016e       0x35 ./Core/Src/tim.o
 .debug_rnglists
                0x000001a3       0x20 ./Core/Src/usart.o
 .debug_rnglists
                0x000001c3       0x19 ./Core/Startup/startup_stm32f103rctx.o
 .debug_rnglists
                0x000001dc       0xa3 ./Drivers/STM32F1xx_HAL_Driver/Src/stm32f1xx_hal.o
 .debug_rnglists
                0x0000027f       0xbb ./Drivers/STM32F1xx_HAL_Driver/Src/stm32f1xx_hal_cortex.o
 .debug_rnglists
                0x0000033a       0x64 ./Drivers/STM32F1xx_HAL_Driver/Src/stm32f1xx_hal_dma.o
 .debug_rnglists
                0x0000039e       0x3f ./Drivers/STM32F1xx_HAL_Driver/Src/stm32f1xx_hal_gpio.o
 .debug_rnglists
                0x000003dd       0x6c ./Drivers/STM32F1xx_HAL_Driver/Src/stm32f1xx_hal_rcc.o
 .debug_rnglists
                0x00000449      0x31a ./Drivers/STM32F1xx_HAL_Driver/Src/stm32f1xx_hal_tim.o
 .debug_rnglists
                0x00000763      0x125 ./Drivers/STM32F1xx_HAL_Driver/Src/stm32f1xx_hal_tim_ex.o
 .debug_rnglists
                0x00000888      0x1b4 ./Drivers/STM32F1xx_HAL_Driver/Src/stm32f1xx_hal_uart.o

.debug_macro    0x00000000    0x1ab20
 .debug_macro   0x00000000      0x2f2 ./BSP/bsp.o
 .debug_macro   0x000002f2      0xaa8 ./BSP/bsp.o
 .debug_macro   0x00000d9a      0x221 ./BSP/bsp.o
 .debug_macro   0x00000fbb       0x2e ./BSP/bsp.o
 .debug_macro   0x00000fe9       0x22 ./BSP/bsp.o
 .debug_macro   0x0000100b       0x22 ./BSP/bsp.o
 .debug_macro   0x0000102d       0x8e ./BSP/bsp.o
 .debug_macro   0x000010bb       0x51 ./BSP/bsp.o
 .debug_macro   0x0000110c      0x103 ./BSP/bsp.o
 .debug_macro   0x0000120f       0x6a ./BSP/bsp.o
 .debug_macro   0x00001279      0x1df ./BSP/bsp.o
 .debug_macro   0x00001458       0x1c ./BSP/bsp.o
 .debug_macro   0x00001474       0x22 ./BSP/bsp.o
 .debug_macro   0x00001496       0xbd ./BSP/bsp.o
 .debug_macro   0x00001553      0xd23 ./BSP/bsp.o
 .debug_macro   0x00002276     0xfd8c ./BSP/bsp.o
 .debug_macro   0x00012002       0x6d ./BSP/bsp.o
 .debug_macro   0x0001206f     0x3468 ./BSP/bsp.o
 .debug_macro   0x000154d7      0x189 ./BSP/bsp.o
 .debug_macro   0x00015660       0x5c ./BSP/bsp.o
 .debug_macro   0x000156bc      0x5be ./BSP/bsp.o
 .debug_macro   0x00015c7a      0x4d5 ./BSP/bsp.o
 .debug_macro   0x0001614f      0x1cb ./BSP/bsp.o
 .debug_macro   0x0001631a      0x114 ./BSP/bsp.o
 .debug_macro   0x0001642e      0x1ea ./BSP/bsp.o
 .debug_macro   0x00016618       0x27 ./BSP/bsp.o
 .debug_macro   0x0001663f      0x144 ./BSP/bsp.o
 .debug_macro   0x00016783      0x1bc ./BSP/bsp.o
 .debug_macro   0x0001693f       0x30 ./BSP/bsp.o
 .debug_macro   0x0001696f       0x3c ./BSP/bsp.o
 .debug_macro   0x000169ab       0x57 ./BSP/bsp.o
 .debug_macro   0x00016a02       0x88 ./BSP/bsp.o
 .debug_macro   0x00016a8a      0x24f ./BSP/bsp.o
 .debug_macro   0x00016cd9      0x141 ./BSP/bsp.o
 .debug_macro   0x00016e1a      0x8d1 ./BSP/bsp.o
 .debug_macro   0x000176eb      0x279 ./BSP/bsp.o
 .debug_macro   0x00017964       0xb5 ./BSP/bsp.o
 .debug_macro   0x00017a19       0x58 ./BSP/bsp.o
 .debug_macro   0x00017a71       0x10 ./BSP/bsp.o
 .debug_macro   0x00017a81       0x28 ./BSP/bsp.o
 .debug_macro   0x00017aa9       0x22 ./BSP/bsp.o
 .debug_macro   0x00017acb       0x4c ./BSP/bsp.o
 .debug_macro   0x00017b17       0x58 ./BSP/bsp.o
 .debug_macro   0x00017b6f       0x61 ./BSP/bsp.o
 .debug_macro   0x00017bd0       0x24 ./BSP/bsp.o
 .debug_macro   0x00017bf4       0x43 ./BSP/bsp.o
 .debug_macro   0x00017c37       0x34 ./BSP/bsp.o
 .debug_macro   0x00017c6b       0x16 ./BSP/bsp.o
 .debug_macro   0x00017c81       0x35 ./BSP/bsp.o
 .debug_macro   0x00017cb6      0x369 ./BSP/bsp.o
 .debug_macro   0x0001801f       0x10 ./BSP/bsp.o
 .debug_macro   0x0001802f       0x16 ./BSP/bsp.o
 .debug_macro   0x00018045       0x43 ./BSP/bsp.o
 .debug_macro   0x00018088       0x34 ./BSP/bsp.o
 .debug_macro   0x000180bc       0x10 ./BSP/bsp.o
 .debug_macro   0x000180cc       0x58 ./BSP/bsp.o
 .debug_macro   0x00018124       0x8e ./BSP/bsp.o
 .debug_macro   0x000181b2       0x1c ./BSP/bsp.o
 .debug_macro   0x000181ce      0x177 ./BSP/bsp.o
 .debug_macro   0x00018345       0x16 ./BSP/bsp.o
 .debug_macro   0x0001835b       0x16 ./BSP/bsp.o
 .debug_macro   0x00018371      0x146 ./BSP/bsp.o
 .debug_macro   0x000184b7       0x16 ./BSP/bsp.o
 .debug_macro   0x000184cd      0x2f8 ./BSP/bsp_motor.o
 .debug_macro   0x000187c5       0x46 ./BSP/bsp_motor.o
 .debug_macro   0x0001880b      0x2f8 ./BSP/bsp_pwmServo.o
 .debug_macro   0x00018b03       0x52 ./BSP/bsp_pwmServo.o
 .debug_macro   0x00018b55      0x2fe ./BSP/bsp_uart.o
 .debug_macro   0x00018e53      0x1bc ./Core/Src/dma.o
 .debug_macro   0x0001900f      0x1c1 ./Core/Src/gpio.o
 .debug_macro   0x000191d0      0x2f6 ./Core/Src/main.o
 .debug_macro   0x000194c6       0x16 ./Core/Src/main.o
 .debug_macro   0x000194dc      0x1b2 ./Core/Src/stm32f1xx_hal_msp.o
 .debug_macro   0x0001968e      0x1bc ./Core/Src/stm32f1xx_it.o
 .debug_macro   0x0001984a      0x1a3 ./Core/Src/system_stm32f1xx.o
 .debug_macro   0x000199ed      0x1bc ./Core/Src/tim.o
 .debug_macro   0x00019ba9      0x1bc ./Core/Src/usart.o
 .debug_macro   0x00019d65      0x1c7 ./Drivers/STM32F1xx_HAL_Driver/Src/stm32f1xx_hal.o
 .debug_macro   0x00019f2c      0x1a3 ./Drivers/STM32F1xx_HAL_Driver/Src/stm32f1xx_hal_cortex.o
 .debug_macro   0x0001a0cf      0x1a3 ./Drivers/STM32F1xx_HAL_Driver/Src/stm32f1xx_hal_dma.o
 .debug_macro   0x0001a272      0x20e ./Drivers/STM32F1xx_HAL_Driver/Src/stm32f1xx_hal_gpio.o
 .debug_macro   0x0001a480      0x1b5 ./Drivers/STM32F1xx_HAL_Driver/Src/stm32f1xx_hal_rcc.o
 .debug_macro   0x0001a635      0x1a4 ./Drivers/STM32F1xx_HAL_Driver/Src/stm32f1xx_hal_tim.o
 .debug_macro   0x0001a7d9      0x1a3 ./Drivers/STM32F1xx_HAL_Driver/Src/stm32f1xx_hal_tim_ex.o
 .debug_macro   0x0001a97c      0x1a4 ./Drivers/STM32F1xx_HAL_Driver/Src/stm32f1xx_hal_uart.o

.debug_line     0x00000000    0x10f9a
 .debug_line    0x00000000      0x927 ./BSP/bsp.o
 .debug_line    0x00000927      0xa0d ./BSP/bsp_motor.o
 .debug_line    0x00001334      0x9ec ./BSP/bsp_pwmServo.o
 .debug_line    0x00001d20      0x91a ./BSP/bsp_uart.o
 .debug_line    0x0000263a      0x700 ./Core/Src/dma.o
 .debug_line    0x00002d3a      0x72b ./Core/Src/gpio.o
 .debug_line    0x00003465      0x94b ./Core/Src/main.o
 .debug_line    0x00003db0      0x705 ./Core/Src/stm32f1xx_hal_msp.o
 .debug_line    0x000044b5      0x80f ./Core/Src/stm32f1xx_it.o
 .debug_line    0x00004cc4      0x783 ./Core/Src/system_stm32f1xx.o
 .debug_line    0x00005447      0x96f ./Core/Src/tim.o
 .debug_line    0x00005db6      0x79a ./Core/Src/usart.o
 .debug_line    0x00006550       0x79 ./Core/Startup/startup_stm32f103rctx.o
 .debug_line    0x000065c9      0x9b0 ./Drivers/STM32F1xx_HAL_Driver/Src/stm32f1xx_hal.o
 .debug_line    0x00006f79      0xb9c ./Drivers/STM32F1xx_HAL_Driver/Src/stm32f1xx_hal_cortex.o
 .debug_line    0x00007b15     0x12da ./Drivers/STM32F1xx_HAL_Driver/Src/stm32f1xx_hal_dma.o
 .debug_line    0x00008def      0xa6f ./Drivers/STM32F1xx_HAL_Driver/Src/stm32f1xx_hal_gpio.o
 .debug_line    0x0000985e      0xdbb ./Drivers/STM32F1xx_HAL_Driver/Src/stm32f1xx_hal_rcc.o
 .debug_line    0x0000a619     0x35a2 ./Drivers/STM32F1xx_HAL_Driver/Src/stm32f1xx_hal_tim.o
 .debug_line    0x0000dbbb     0x193c ./Drivers/STM32F1xx_HAL_Driver/Src/stm32f1xx_hal_tim_ex.o
 .debug_line    0x0000f4f7     0x1aa3 ./Drivers/STM32F1xx_HAL_Driver/Src/stm32f1xx_hal_uart.o

.debug_str      0x00000000    0x98896
 .debug_str     0x00000000    0x954aa ./BSP/bsp.o
                              0x958fc (size before relaxing)
 .debug_str     0x000954aa      0x304 ./BSP/bsp_motor.o
                              0x959cd (size before relaxing)
 .debug_str     0x000957ae      0x104 ./BSP/bsp_pwmServo.o
                              0x95a16 (size before relaxing)
 .debug_str     0x000958b2       0xcb ./BSP/bsp_uart.o
                              0x958fe (size before relaxing)
 .debug_str     0x0009597d      0x39d ./Core/Src/dma.o
                              0x91be5 (size before relaxing)
 .debug_str     0x00095d1a       0x5a ./Core/Src/gpio.o
                              0x91916 (size before relaxing)
 .debug_str     0x00095d74      0x1c1 ./Core/Src/main.o
                              0x9561f (size before relaxing)
 .debug_str     0x00095f35       0x5a ./Core/Src/stm32f1xx_hal_msp.o
                              0x9182b (size before relaxing)
 .debug_str     0x00095f8f      0x14d ./Core/Src/stm32f1xx_it.o
                              0x91f94 (size before relaxing)
 .debug_str     0x000960dc       0x7e ./Core/Src/system_stm32f1xx.o
                              0x91748 (size before relaxing)
 .debug_str     0x0009615a      0x2c0 ./Core/Src/tim.o
                              0x92468 (size before relaxing)
 .debug_str     0x0009641a       0x7d ./Core/Src/usart.o
                              0x920ed (size before relaxing)
 .debug_str     0x00096497       0x92 ./Core/Startup/startup_stm32f103rctx.o
 .debug_str     0x00096529      0x38e ./Drivers/STM32F1xx_HAL_Driver/Src/stm32f1xx_hal.o
                              0x91f5f (size before relaxing)
 .debug_str     0x000968b7      0x294 ./Drivers/STM32F1xx_HAL_Driver/Src/stm32f1xx_hal_cortex.o
                              0x91eab (size before relaxing)
 .debug_str     0x00096b4b      0x206 ./Drivers/STM32F1xx_HAL_Driver/Src/stm32f1xx_hal_dma.o
                              0x91af1 (size before relaxing)
 .debug_str     0x00096d51      0x2ce ./Drivers/STM32F1xx_HAL_Driver/Src/stm32f1xx_hal_gpio.o
                              0x91ace (size before relaxing)
 .debug_str     0x0009701f      0x229 ./Drivers/STM32F1xx_HAL_Driver/Src/stm32f1xx_hal_rcc.o
                              0x91b77 (size before relaxing)
 .debug_str     0x00097248      0xd0b ./Drivers/STM32F1xx_HAL_Driver/Src/stm32f1xx_hal_tim.o
                              0x92b62 (size before relaxing)
 .debug_str     0x00097f53      0x3cc ./Drivers/STM32F1xx_HAL_Driver/Src/stm32f1xx_hal_tim_ex.o
                              0x9237e (size before relaxing)
 .debug_str     0x0009831f      0x577 ./Drivers/STM32F1xx_HAL_Driver/Src/stm32f1xx_hal_uart.o
                              0x92182 (size before relaxing)

.comment        0x00000000       0x43
 .comment       0x00000000       0x43 ./BSP/bsp.o
                                 0x44 (size before relaxing)
 .comment       0x00000043       0x44 ./BSP/bsp_motor.o
 .comment       0x00000043       0x44 ./BSP/bsp_pwmServo.o
 .comment       0x00000043       0x44 ./BSP/bsp_uart.o
 .comment       0x00000043       0x44 ./Core/Src/dma.o
 .comment       0x00000043       0x44 ./Core/Src/gpio.o
 .comment       0x00000043       0x44 ./Core/Src/main.o
 .comment       0x00000043       0x44 ./Core/Src/stm32f1xx_hal_msp.o
 .comment       0x00000043       0x44 ./Core/Src/stm32f1xx_it.o
 .comment       0x00000043       0x44 ./Core/Src/system_stm32f1xx.o
 .comment       0x00000043       0x44 ./Core/Src/tim.o
 .comment       0x00000043       0x44 ./Core/Src/usart.o
 .comment       0x00000043       0x44 ./Drivers/STM32F1xx_HAL_Driver/Src/stm32f1xx_hal.o
 .comment       0x00000043       0x44 ./Drivers/STM32F1xx_HAL_Driver/Src/stm32f1xx_hal_cortex.o
 .comment       0x00000043       0x44 ./Drivers/STM32F1xx_HAL_Driver/Src/stm32f1xx_hal_dma.o
 .comment       0x00000043       0x44 ./Drivers/STM32F1xx_HAL_Driver/Src/stm32f1xx_hal_gpio.o
 .comment       0x00000043       0x44 ./Drivers/STM32F1xx_HAL_Driver/Src/stm32f1xx_hal_rcc.o
 .comment       0x00000043       0x44 ./Drivers/STM32F1xx_HAL_Driver/Src/stm32f1xx_hal_tim.o
 .comment       0x00000043       0x44 ./Drivers/STM32F1xx_HAL_Driver/Src/stm32f1xx_hal_tim_ex.o
 .comment       0x00000043       0x44 ./Drivers/STM32F1xx_HAL_Driver/Src/stm32f1xx_hal_uart.o

.debug_frame    0x00000000     0x34e8
 .debug_frame   0x00000000       0x68 ./BSP/bsp.o
 .debug_frame   0x00000068       0xa0 ./BSP/bsp_motor.o
 .debug_frame   0x00000108       0xec ./BSP/bsp_pwmServo.o
 .debug_frame   0x000001f4       0xbc ./BSP/bsp_uart.o
 .debug_frame   0x000002b0       0x34 ./Core/Src/dma.o
 .debug_frame   0x000002e4       0x34 ./Core/Src/gpio.o
 .debug_frame   0x00000318       0x68 ./Core/Src/main.o
 .debug_frame   0x00000380       0x38 ./Core/Src/stm32f1xx_hal_msp.o
 .debug_frame   0x000003b8      0x158 ./Core/Src/stm32f1xx_it.o
 .debug_frame   0x00000510       0x58 ./Core/Src/system_stm32f1xx.o
 .debug_frame   0x00000568       0xe8 ./Core/Src/tim.o
 .debug_frame   0x00000650       0x74 ./Core/Src/usart.o
 .debug_frame   0x000006c4      0x334 ./Drivers/STM32F1xx_HAL_Driver/Src/stm32f1xx_hal.o
 .debug_frame   0x000009f8      0x428 ./Drivers/STM32F1xx_HAL_Driver/Src/stm32f1xx_hal_cortex.o
 .debug_frame   0x00000e20      0x20c ./Drivers/STM32F1xx_HAL_Driver/Src/stm32f1xx_hal_dma.o
 .debug_frame   0x0000102c      0x14c ./Drivers/STM32F1xx_HAL_Driver/Src/stm32f1xx_hal_gpio.o
 .debug_frame   0x00001178      0x21c ./Drivers/STM32F1xx_HAL_Driver/Src/stm32f1xx_hal_rcc.o
 .debug_frame   0x00001394     0x11bc ./Drivers/STM32F1xx_HAL_Driver/Src/stm32f1xx_hal_tim.o
 .debug_frame   0x00002550      0x638 ./Drivers/STM32F1xx_HAL_Driver/Src/stm32f1xx_hal_tim_ex.o
 .debug_frame   0x00002b88      0x914 ./Drivers/STM32F1xx_HAL_Driver/Src/stm32f1xx_hal_uart.o
 .debug_frame   0x0000349c       0x20 C:/ST/STM32CubeIDE_1.15.1/STM32CubeIDE/plugins/com.st.stm32cube.ide.mcu.externaltools.gnu-tools-for-stm32.12.3.rel1.win32_1.0.100.202403111256/tools/bin/../lib/gcc/arm-none-eabi/12.3.1/../../../../arm-none-eabi/lib/thumb/v7-m/nofp\libc_nano.a(libc_a-memset.o)
 .debug_frame   0x000034bc       0x2c C:/ST/STM32CubeIDE_1.15.1/STM32CubeIDE/plugins/com.st.stm32cube.ide.mcu.externaltools.gnu-tools-for-stm32.12.3.rel1.win32_1.0.100.202403111256/tools/bin/../lib/gcc/arm-none-eabi/12.3.1/../../../../arm-none-eabi/lib/thumb/v7-m/nofp\libc_nano.a(libc_a-init.o)

.debug_line_str
                0x00000000       0x76
 .debug_line_str
                0x00000000       0x76 ./Core/Startup/startup_stm32f103rctx.o
