Archive member included to satisfy reference by file (symbol)

C:/ST/STM32CubeIDE_1.15.1/STM32CubeIDE/plugins/com.st.stm32cube.ide.mcu.externaltools.gnu-tools-for-stm32.12.3.rel1.win32_1.0.100.202403111256/tools/bin/../lib/gcc/arm-none-eabi/12.3.1/../../../../arm-none-eabi/lib/thumb/v7-m/nofp\libc_nano.a(libc_a-exit.o)
                              C:/ST/STM32CubeIDE_1.15.1/STM32CubeIDE/plugins/com.st.stm32cube.ide.mcu.externaltools.gnu-tools-for-stm32.12.3.rel1.win32_1.0.100.202403111256/tools/bin/../lib/gcc/arm-none-eabi/12.3.1/../../../../arm-none-eabi/lib/thumb/v7-m/nofp/crt0.o (exit)
C:/ST/STM32CubeIDE_1.15.1/STM32CubeIDE/plugins/com.st.stm32cube.ide.mcu.externaltools.gnu-tools-for-stm32.12.3.rel1.win32_1.0.100.202403111256/tools/bin/../lib/gcc/arm-none-eabi/12.3.1/../../../../arm-none-eabi/lib/thumb/v7-m/nofp\libc_nano.a(libc_a-findfp.o)
                              C:/ST/STM32CubeIDE_1.15.1/STM32CubeIDE/plugins/com.st.stm32cube.ide.mcu.externaltools.gnu-tools-for-stm32.12.3.rel1.win32_1.0.100.202403111256/tools/bin/../lib/gcc/arm-none-eabi/12.3.1/../../../../arm-none-eabi/lib/thumb/v7-m/nofp\libc_nano.a(libc_a-exit.o) (__stdio_exit_handler)
C:/ST/STM32CubeIDE_1.15.1/STM32CubeIDE/plugins/com.st.stm32cube.ide.mcu.externaltools.gnu-tools-for-stm32.12.3.rel1.win32_1.0.100.202403111256/tools/bin/../lib/gcc/arm-none-eabi/12.3.1/../../../../arm-none-eabi/lib/thumb/v7-m/nofp\libc_nano.a(libc_a-fwalk.o)
                              C:/ST/STM32CubeIDE_1.15.1/STM32CubeIDE/plugins/com.st.stm32cube.ide.mcu.externaltools.gnu-tools-for-stm32.12.3.rel1.win32_1.0.100.202403111256/tools/bin/../lib/gcc/arm-none-eabi/12.3.1/../../../../arm-none-eabi/lib/thumb/v7-m/nofp\libc_nano.a(libc_a-findfp.o) (_fwalk_sglue)
C:/ST/STM32CubeIDE_1.15.1/STM32CubeIDE/plugins/com.st.stm32cube.ide.mcu.externaltools.gnu-tools-for-stm32.12.3.rel1.win32_1.0.100.202403111256/tools/bin/../lib/gcc/arm-none-eabi/12.3.1/../../../../arm-none-eabi/lib/thumb/v7-m/nofp\libc_nano.a(libc_a-stdio.o)
                              C:/ST/STM32CubeIDE_1.15.1/STM32CubeIDE/plugins/com.st.stm32cube.ide.mcu.externaltools.gnu-tools-for-stm32.12.3.rel1.win32_1.0.100.202403111256/tools/bin/../lib/gcc/arm-none-eabi/12.3.1/../../../../arm-none-eabi/lib/thumb/v7-m/nofp\libc_nano.a(libc_a-findfp.o) (__sread)
C:/ST/STM32CubeIDE_1.15.1/STM32CubeIDE/plugins/com.st.stm32cube.ide.mcu.externaltools.gnu-tools-for-stm32.12.3.rel1.win32_1.0.100.202403111256/tools/bin/../lib/gcc/arm-none-eabi/12.3.1/../../../../arm-none-eabi/lib/thumb/v7-m/nofp\libc_nano.a(libc_a-memset.o)
                              C:/ST/STM32CubeIDE_1.15.1/STM32CubeIDE/plugins/com.st.stm32cube.ide.mcu.externaltools.gnu-tools-for-stm32.12.3.rel1.win32_1.0.100.202403111256/tools/bin/../lib/gcc/arm-none-eabi/12.3.1/../../../../arm-none-eabi/lib/thumb/v7-m/nofp/crt0.o (memset)
C:/ST/STM32CubeIDE_1.15.1/STM32CubeIDE/plugins/com.st.stm32cube.ide.mcu.externaltools.gnu-tools-for-stm32.12.3.rel1.win32_1.0.100.202403111256/tools/bin/../lib/gcc/arm-none-eabi/12.3.1/../../../../arm-none-eabi/lib/thumb/v7-m/nofp\libc_nano.a(libc_a-closer.o)
                              C:/ST/STM32CubeIDE_1.15.1/STM32CubeIDE/plugins/com.st.stm32cube.ide.mcu.externaltools.gnu-tools-for-stm32.12.3.rel1.win32_1.0.100.202403111256/tools/bin/../lib/gcc/arm-none-eabi/12.3.1/../../../../arm-none-eabi/lib/thumb/v7-m/nofp\libc_nano.a(libc_a-stdio.o) (_close_r)
C:/ST/STM32CubeIDE_1.15.1/STM32CubeIDE/plugins/com.st.stm32cube.ide.mcu.externaltools.gnu-tools-for-stm32.12.3.rel1.win32_1.0.100.202403111256/tools/bin/../lib/gcc/arm-none-eabi/12.3.1/../../../../arm-none-eabi/lib/thumb/v7-m/nofp\libc_nano.a(libc_a-reent.o)
                              C:/ST/STM32CubeIDE_1.15.1/STM32CubeIDE/plugins/com.st.stm32cube.ide.mcu.externaltools.gnu-tools-for-stm32.12.3.rel1.win32_1.0.100.202403111256/tools/bin/../lib/gcc/arm-none-eabi/12.3.1/../../../../arm-none-eabi/lib/thumb/v7-m/nofp\libc_nano.a(libc_a-closer.o) (errno)
C:/ST/STM32CubeIDE_1.15.1/STM32CubeIDE/plugins/com.st.stm32cube.ide.mcu.externaltools.gnu-tools-for-stm32.12.3.rel1.win32_1.0.100.202403111256/tools/bin/../lib/gcc/arm-none-eabi/12.3.1/../../../../arm-none-eabi/lib/thumb/v7-m/nofp\libc_nano.a(libc_a-impure.o)
                              C:/ST/STM32CubeIDE_1.15.1/STM32CubeIDE/plugins/com.st.stm32cube.ide.mcu.externaltools.gnu-tools-for-stm32.12.3.rel1.win32_1.0.100.202403111256/tools/bin/../lib/gcc/arm-none-eabi/12.3.1/../../../../arm-none-eabi/lib/thumb/v7-m/nofp\libc_nano.a(libc_a-reent.o) (_impure_ptr)
C:/ST/STM32CubeIDE_1.15.1/STM32CubeIDE/plugins/com.st.stm32cube.ide.mcu.externaltools.gnu-tools-for-stm32.12.3.rel1.win32_1.0.100.202403111256/tools/bin/../lib/gcc/arm-none-eabi/12.3.1/../../../../arm-none-eabi/lib/thumb/v7-m/nofp\libc_nano.a(libc_a-lseekr.o)
[...]
Memory Configuration

Name             Origin             Length             Attributes
RAM              0x20000000         0x0000c000         xrw
FLASH            0x08000000         0x00040000         xr
*default*        0x00000000         0xffffffff

Linker script and memory map

LOAD C:/ST/STM32CubeIDE_1.15.1/STM32CubeIDE/plugins/com.st.stm32cube.ide.mcu.externaltools.gnu-tools-for-stm32.12.3.rel1.win32_1.0.100.202403111256/tools/bin/../lib/gcc/arm-none-eabi/12.3.1/thumb/v7-m/nofp/crti.o
LOAD C:/ST/STM32CubeIDE_1.15.1/STM32CubeIDE/plugins/com.st.stm32cube.ide.mcu.externaltools.gnu-tools-for-stm32.12.3.rel1.win32_1.0.100.202403111256/tools/bin/../lib/gcc/arm-none-eabi/12.3.1/thumb/v7-m/nofp/crtbegin.o
LOAD C:/ST/STM32CubeIDE_1.15.1/STM32CubeIDE/plugins/com.st.stm32cube.ide.mcu.externaltools.gnu-tools-for-stm32.12.3.rel1.win32_1.0.100.202403111256/tools/bin/../lib/gcc/arm-none-eabi/12.3.1/../../../../arm-none-eabi/lib/thumb/v7-m/nofp/crt0.o
LOAD ./BSP/bsp.o
LOAD ./BSP/bsp_beep.o
LOAD ./BSP/bsp_key.o
LOAD ./BSP/bsp_motor.o
LOAD ./BSP/bsp_uart.o
LOAD ./Core/Src/dma.o
LOAD ./Core/Src/gpio.o
LOAD ./Core/Src/main.o
LOAD ./Core/Src/stm32f1xx_hal_msp.o
LOAD ./Core/Src/stm32f1xx_it.o
LOAD ./Core/Src/syscalls.o
LOAD ./Core/Src/sysmem.o
LOAD ./Core/Src/system_stm32f1xx.o
LOAD ./Core/Src/tim.o
LOAD ./Core/Src/usart.o
LOAD ./Core/Startup/startup_stm32f103rctx.o
LOAD ./Drivers/STM32F1xx_HAL_Driver/Src/stm32f1xx_hal.o
LOAD ./Drivers/STM32F1xx_HAL_Driver/Src/stm32f1xx_hal_cortex.o
LOAD ./Drivers/STM32F1xx_HAL_Driver/Src/stm32f1xx_hal_dma.o
LOAD ./Drivers/STM32F1xx_HAL_Driver/Src/stm32f1xx_hal_exti.o
LOAD ./Drivers/STM32F1xx_HAL_Driver/Src/stm32f1xx_hal_flash.o
LOAD ./Drivers/STM32F1xx_HAL_Driver/Src/stm32f1xx_hal_flash_ex.o
LOAD ./Drivers/STM32F1xx_HAL_Driver/Src/stm32f1xx_hal_gpio.o
LOAD ./Drivers/STM32F1xx_HAL_Driver/Src/stm32f1xx_hal_gpio_ex.o
LOAD ./Drivers/STM32F1xx_HAL_Driver/Src/stm32f1xx_hal_pwr.o
LOAD ./Drivers/STM32F1xx_HAL_Driver/Src/stm32f1xx_hal_rcc.o
LOAD ./Drivers/STM32F1xx_HAL_Driver/Src/stm32f1xx_hal_rcc_ex.o
LOAD ./Drivers/STM32F1xx_HAL_Driver/Src/stm32f1xx_hal_tim.o
LOAD ./Drivers/STM32F1xx_HAL_Driver/Src/stm32f1xx_hal_tim_ex.o
LOAD ./Drivers/STM32F1xx_HAL_Driver/Src/stm32f1xx_hal_uart.o
START GROUP
LOAD C:/ST/STM32CubeIDE_1.15.1/STM32CubeIDE/plugins/com.st.stm32cube.ide.mcu.externaltools.gnu-tools-for-stm32.12.3.rel1.win32_1.0.100.202403111256/tools/bin/../lib/gcc/arm-none-eabi/12.3.1/../../../../arm-none-eabi/lib/thumb/v7-m/nofp\libc_nano.a
LOAD C:/ST/STM32CubeIDE_1.15.1/STM32CubeIDE/plugins/com.st.stm32cube.ide.mcu.externaltools.gnu-tools-for-stm32.12.3.rel1.win32_1.0.100.202403111256/tools/bin/../lib/gcc/arm-none-eabi/12.3.1/../../../../arm-none-eabi/lib/thumb/v7-m/nofp\libm.a
END GROUP
START GROUP
LOAD C:/ST/STM32CubeIDE_1.15.1/STM32CubeIDE/plugins/com.st.stm32cube.ide.mcu.externaltools.gnu-tools-for-stm32.12.3.rel1.win32_1.0.100.202403111256/tools/bin/../lib/gcc/arm-none-eabi/12.3.1/thumb/v7-m/nofp\libgcc.a
LOAD C:/ST/STM32CubeIDE_1.15.1/STM32CubeIDE/plugins/com.st.stm32cube.ide.mcu.externaltools.gnu-tools-for-stm32.12.3.rel1.win32_1.0.100.202403111256/tools/bin/../lib/gcc/arm-none-eabi/12.3.1/../../../../arm-none-eabi/lib/thumb/v7-m/nofp\libc_nano.a
END GROUP
START GROUP
LOAD C:/ST/STM32CubeIDE_1.15.1/STM32CubeIDE/plugins/com.st.stm32cube.ide.mcu.externaltools.gnu-tools-for-stm32.12.3.rel1.win32_1.0.100.202403111256/tools/bin/../lib/gcc/arm-none-eabi/12.3.1/thumb/v7-m/nofp\libgcc.a
LOAD C:/ST/STM32CubeIDE_1.15.1/STM32CubeIDE/plugins/com.st.stm32cube.ide.mcu.externaltools.gnu-tools-for-stm32.12.3.rel1.win32_1.0.100.202403111256/tools/bin/../lib/gcc/arm-none-eabi/12.3.1/../../../../arm-none-eabi/lib/thumb/v7-m/nofp\libc_nano.a
LOAD C:/ST/STM32CubeIDE_1.15.1/STM32CubeIDE/plugins/com.st.stm32cube.ide.mcu.externaltools.gnu-tools-for-stm32.12.3.rel1.win32_1.0.100.202403111256/tools/bin/../lib/gcc/arm-none-eabi/12.3.1/../../../../arm-none-eabi/lib/thumb/v7-m/nofp\libnosys.a
END GROUP
START GROUP
LOAD C:/ST/STM32CubeIDE_1.15.1/STM32CubeIDE/plugins/com.st.stm32cube.ide.mcu.externaltools.gnu-tools-for-stm32.12.3.rel1.win32_1.0.100.202403111256/tools/bin/../lib/gcc/arm-none-eabi/12.3.1/thumb/v7-m/nofp\libgcc.a
LOAD C:/ST/STM32CubeIDE_1.15.1/STM32CubeIDE/plugins/com.st.stm32cube.ide.mcu.externaltools.gnu-tools-for-stm32.12.3.rel1.win32_1.0.100.202403111256/tools/bin/../lib/gcc/arm-none-eabi/12.3.1/../../../../arm-none-eabi/lib/thumb/v7-m/nofp\libc_nano.a
LOAD C:/ST/STM32CubeIDE_1.15.1/STM32CubeIDE/plugins/com.st.stm32cube.ide.mcu.externaltools.gnu-tools-for-stm32.12.3.rel1.win32_1.0.100.202403111256/tools/bin/../lib/gcc/arm-none-eabi/12.3.1/../../../../arm-none-eabi/lib/thumb/v7-m/nofp\libnosys.a
END GROUP
LOAD C:/ST/STM32CubeIDE_1.15.1/STM32CubeIDE/plugins/com.st.stm32cube.ide.mcu.externaltools.gnu-tools-for-stm32.12.3.rel1.win32_1.0.100.202403111256/tools/bin/../lib/gcc/arm-none-eabi/12.3.1/thumb/v7-m/nofp/crtend.o
LOAD C:/ST/STM32CubeIDE_1.15.1/STM32CubeIDE/plugins/com.st.stm32cube.ide.mcu.externaltools.gnu-tools-for-stm32.12.3.rel1.win32_1.0.100.202403111256/tools/bin/../lib/gcc/arm-none-eabi/12.3.1/thumb/v7-m/nofp/crtn.o
                0x2000c000                        _estack = (ORIGIN (RAM) + LENGTH (RAM))
                0x00000200                        _Min_Heap_Size = 0x200
                0x00000400                        _Min_Stack_Size = 0x400

.isr_vector     0x08000000      0x1e4
                0x08000000                        . = ALIGN (0x4)
 *(.isr_vector)
 .isr_vector    0x08000000      0x1e4 ./Core/Startup/startup_stm32f103rctx.o
                0x08000000                g_pfnVectors
                0x080001e4                        . = ALIGN (0x4)

.text           0x080001e4     0x3f24
                0x080001e4                        . = ALIGN (0x4)
 *(.text)
 .text          0x080001e4       0x40 C:/ST/STM32CubeIDE_1.15.1/STM32CubeIDE/plugins/com.st.stm32cube.ide.mcu.externaltools.gnu-tools-for-stm32.12.3.rel1.win32_1.0.100.202403111256/tools/bin/../lib/gcc/arm-none-eabi/12.3.1/thumb/v7-m/nofp/crtbegin.o
 *(.text*)
 .text.Bsp_Led_Show_State_Handle
                0x08000224       0x34 ./BSP/bsp.o
 .text.Bsp_Init
                0x08000258       0x16 ./BSP/bsp.o
                0x08000258                Bsp_Init
 *fill*         0x0800026e        0x2 
 .text.Bsp_Loop
                0x08000270       0xf0 ./BSP/bsp.o
                0x08000270                Bsp_Loop
 .text.Beep_Set_Time
                0x08000360       0x20 ./BSP/bsp_beep.o
 .text.Beep_Get_Time
                0x08000380       0x14 ./BSP/bsp_beep.o
 .text.Beep_Set_State
                0x08000394       0x20 ./BSP/bsp_beep.o
 .text.Beep_Get_State
                0x080003b4       0x14 ./BSP/bsp_beep.o
 .text.Beep_On_Time
                0x080003c8       0x80 ./BSP/bsp_beep.o
                0x080003c8                Beep_On_Time
 .text.Beep_Timeout_Close_Handle
                0x08000448       0x44 ./BSP/bsp_beep.o
                0x08000448                Beep_Timeout_Close_Handle
 .text.Key1_is_Press
                0x0800048c       0x20 ./BSP/bsp_key.o
 .text.Key1_State
                0x080004ac       0x54 ./BSP/bsp_key.o
                0x080004ac                Key1_State
 .text.Motor_Ignore_Dead_Zone
                0x08000500       0x3e ./BSP/bsp_motor.o
 *fill*         0x0800053e        0x2 
 .text.Motor_Init
                0x08000540       0x50 ./BSP/bsp_motor.o
                0x08000540                Motor_Init
 .text.Motor_Stop
                0x08000590       0x98 ./BSP/bsp_motor.o
                0x08000590                Motor_Stop
 .text.Motor_Set_Pwm
                0x08000628      0x128 ./BSP/bsp_motor.o
                0x08000628                Motor_Set_Pwm
 .text.USART1_Init
                0x08000750       0x1c ./BSP/bsp_uart.o
                0x08000750                USART1_Init
 .text.USART1_Send_U8
                0x0800076c       0x24 ./BSP/bsp_uart.o
                0x0800076c                USART1_Send_U8
 .text.HAL_UART_RxCpltCallback
                0x08000790       0x2c ./BSP/bsp_uart.o
                0x08000790                HAL_UART_RxCpltCallback
 .text.MX_DMA_Init
                0x080007bc       0x3c ./Core/Src/dma.o
                0x080007bc                MX_DMA_Init
 .text.MX_GPIO_Init
                0x080007f8       0xcc ./Core/Src/gpio.o
                0x080007f8                MX_GPIO_Init
 .text.main     0x080008c4       0x2a ./Core/Src/main.o
                0x080008c4                main
 .text.SystemClock_Config
                0x080008ee       0x8a ./Core/Src/main.o
                0x080008ee                SystemClock_Config
 .text.Error_Handler
                0x08000978        0xc ./Core/Src/main.o
                0x08000978                Error_Handler
 .text.HAL_MspInit
                0x08000984       0x64 ./Core/Src/stm32f1xx_hal_msp.o
                0x08000984                HAL_MspInit
 .text.NMI_Handler
                0x080009e8        0x8 ./Core/Src/stm32f1xx_it.o
                0x080009e8                NMI_Handler
 .text.HardFault_Handler
                0x080009f0        0x8 ./Core/Src/stm32f1xx_it.o
                0x080009f0                HardFault_Handler
 .text.MemManage_Handler
                0x080009f8        0x8 ./Core/Src/stm32f1xx_it.o
                0x080009f8                MemManage_Handler
 .text.BusFault_Handler
                0x08000a00        0x8 ./Core/Src/stm32f1xx_it.o
                0x08000a00                BusFault_Handler
 .text.UsageFault_Handler
                0x08000a08        0x8 ./Core/Src/stm32f1xx_it.o
                0x08000a08                UsageFault_Handler
 .text.SVC_Handler
                0x08000a10        0xc ./Core/Src/stm32f1xx_it.o
                0x08000a10                SVC_Handler
 .text.DebugMon_Handler
                0x08000a1c        0xc ./Core/Src/stm32f1xx_it.o
                0x08000a1c                DebugMon_Handler
 .text.PendSV_Handler
                0x08000a28        0xc ./Core/Src/stm32f1xx_it.o
                0x08000a28                PendSV_Handler
 .text.SysTick_Handler
                0x08000a34        0xc ./Core/Src/stm32f1xx_it.o
                0x08000a34                SysTick_Handler
 .text.DMA1_Channel4_IRQHandler
                0x08000a40       0x14 ./Core/Src/stm32f1xx_it.o
                0x08000a40                DMA1_Channel4_IRQHandler
 .text.USART1_IRQHandler
                0x08000a54       0x14 ./Core/Src/stm32f1xx_it.o
                0x08000a54                USART1_IRQHandler
 .text.SystemInit
                0x08000a68        0xc ./Core/Src/system_stm32f1xx.o
                0x08000a68                SystemInit
 .text.MX_TIM1_Init
                0x08000a74      0x188 ./Core/Src/tim.o
                0x08000a74                MX_TIM1_Init
 .text.MX_TIM8_Init
                0x08000bfc      0x188 ./Core/Src/tim.o
                0x08000bfc                MX_TIM8_Init
 .text.HAL_TIM_Base_MspInit
                0x08000d84       0x64 ./Core/Src/tim.o
                0x08000d84                HAL_TIM_Base_MspInit
 .text.HAL_TIM_MspPostInit
                0x08000de8      0x108 ./Core/Src/tim.o
                0x08000de8                HAL_TIM_MspPostInit
 .text.MX_USART1_UART_Init
                0x08000ef0       0x54 ./Core/Src/usart.o
                0x08000ef0                MX_USART1_UART_Init
 .text.HAL_UART_MspInit
                0x08000f44       0xfc ./Core/Src/usart.o
                0x08000f44                HAL_UART_MspInit
 .text.Reset_Handler
                0x08001040       0x48 ./Core/Startup/startup_stm32f103rctx.o
                0x08001040                Reset_Handler
 .text.Default_Handler
                0x08001088        0x2 ./Core/Startup/startup_stm32f103rctx.o
                0x08001088                RTC_Alarm_IRQHandler
                0x08001088                EXTI2_IRQHandler
                0x08001088                TIM8_TRG_COM_IRQHandler
                0x08001088                TIM8_CC_IRQHandler
                0x08001088                TIM1_CC_IRQHandler
                0x08001088                TIM6_IRQHandler
                0x08001088                PVD_IRQHandler
                0x08001088                SDIO_IRQHandler
                0x08001088                EXTI3_IRQHandler
                0x08001088                EXTI0_IRQHandler
                0x08001088                I2C2_EV_IRQHandler
                0x08001088                ADC1_2_IRQHandler
                0x08001088                SPI1_IRQHandler
                0x08001088                TAMPER_IRQHandler
                0x08001088                TIM8_UP_IRQHandler
                0x08001088                DMA2_Channel2_IRQHandler
                0x08001088                USART3_IRQHandler
                0x08001088                RTC_IRQHandler
                0x08001088                DMA1_Channel7_IRQHandler
                0x08001088                CAN1_RX1_IRQHandler
                0x08001088                UART5_IRQHandler
                0x08001088                ADC3_IRQHandler
                0x08001088                TIM4_IRQHandler
                0x08001088                DMA2_Channel1_IRQHandler
                0x08001088                I2C1_EV_IRQHandler
                0x08001088                DMA1_Channel6_IRQHandler
                0x08001088                UART4_IRQHandler
                0x08001088                TIM3_IRQHandler
                0x08001088                RCC_IRQHandler
                0x08001088                TIM1_TRG_COM_IRQHandler
                0x08001088                DMA1_Channel1_IRQHandler
                0x08001088                Default_Handler
                0x08001088                EXTI15_10_IRQHandler
                0x08001088                TIM7_IRQHandler
                0x08001088                TIM5_IRQHandler
                0x08001088                EXTI9_5_IRQHandler
                0x08001088                SPI2_IRQHandler
                0x08001088                DMA1_Channel5_IRQHandler
                0x08001088                EXTI4_IRQHandler
                0x08001088                USB_LP_CAN1_RX0_IRQHandler
                0x08001088                USB_HP_CAN1_TX_IRQHandler
                0x08001088                DMA1_Channel3_IRQHandler
                0x08001088                FSMC_IRQHandler
                0x08001088                TIM1_UP_IRQHandler
                0x08001088                WWDG_IRQHandler
                0x08001088                TIM2_IRQHandler
                0x08001088                TIM1_BRK_IRQHandler
                0x08001088                EXTI1_IRQHandler
                0x08001088                DMA2_Channel4_5_IRQHandler
                0x08001088                USART2_IRQHandler
                0x08001088                I2C2_ER_IRQHandler
                0x08001088                DMA1_Channel2_IRQHandler
                0x08001088                TIM8_BRK_IRQHandler
                0x08001088                CAN1_SCE_IRQHandler
                0x08001088                FLASH_IRQHandler
                0x08001088                SPI3_IRQHandler
                0x08001088                I2C1_ER_IRQHandler
                0x08001088                USBWakeUp_IRQHandler
                0x08001088                DMA2_Channel3_IRQHandler
 *fill*         0x0800108a        0x2 
 .text.HAL_Init
                0x0800108c       0x2c ./Drivers/STM32F1xx_HAL_Driver/Src/stm32f1xx_hal.o
                0x0800108c                HAL_Init
 .text.HAL_InitTick
                0x080010b8       0x60 ./Drivers/STM32F1xx_HAL_Driver/Src/stm32f1xx_hal.o
                0x080010b8                HAL_InitTick
 .text.HAL_IncTick
                0x08001118       0x24 ./Drivers/STM32F1xx_HAL_Driver/Src/stm32f1xx_hal.o
                0x08001118                HAL_IncTick
 .text.HAL_GetTick
                0x0800113c       0x14 ./Drivers/STM32F1xx_HAL_Driver/Src/stm32f1xx_hal.o
                0x0800113c                HAL_GetTick
 .text.HAL_Delay
                0x08001150       0x48 ./Drivers/STM32F1xx_HAL_Driver/Src/stm32f1xx_hal.o
                0x08001150                HAL_Delay
 .text.__NVIC_SetPriorityGrouping
                0x08001198       0x48 ./Drivers/STM32F1xx_HAL_Driver/Src/stm32f1xx_hal_cortex.o
 .text.__NVIC_GetPriorityGrouping
                0x080011e0       0x1c ./Drivers/STM32F1xx_HAL_Driver/Src/stm32f1xx_hal_cortex.o
 .text.__NVIC_EnableIRQ
                0x080011fc       0x38 ./Drivers/STM32F1xx_HAL_Driver/Src/stm32f1xx_hal_cortex.o
 .text.__NVIC_SetPriority
                0x08001234       0x54 ./Drivers/STM32F1xx_HAL_Driver/Src/stm32f1xx_hal_cortex.o
 .text.NVIC_EncodePriority
                0x08001288       0x64 ./Drivers/STM32F1xx_HAL_Driver/Src/stm32f1xx_hal_cortex.o
 .text.SysTick_Config
                0x080012ec       0x44 ./Drivers/STM32F1xx_HAL_Driver/Src/stm32f1xx_hal_cortex.o
 .text.HAL_NVIC_SetPriorityGrouping
                0x08001330       0x16 ./Drivers/STM32F1xx_HAL_Driver/Src/stm32f1xx_hal_cortex.o
                0x08001330                HAL_NVIC_SetPriorityGrouping
 .text.HAL_NVIC_SetPriority
                0x08001346       0x38 ./Drivers/STM32F1xx_HAL_Driver/Src/stm32f1xx_hal_cortex.o
                0x08001346                HAL_NVIC_SetPriority
 .text.HAL_NVIC_EnableIRQ
                0x0800137e       0x1c ./Drivers/STM32F1xx_HAL_Driver/Src/stm32f1xx_hal_cortex.o
                0x0800137e                HAL_NVIC_EnableIRQ
 .text.HAL_SYSTICK_Config
                0x0800139a       0x18 ./Drivers/STM32F1xx_HAL_Driver/Src/stm32f1xx_hal_cortex.o
                0x0800139a                HAL_SYSTICK_Config
 *fill*         0x080013b2        0x2 
 .text.HAL_DMA_Init
                0x080013b4       0xec ./Drivers/STM32F1xx_HAL_Driver/Src/stm32f1xx_hal_dma.o
                0x080013b4                HAL_DMA_Init
 .text.HAL_DMA_Abort
                0x080014a0       0x74 ./Drivers/STM32F1xx_HAL_Driver/Src/stm32f1xx_hal_dma.o
                0x080014a0                HAL_DMA_Abort
 .text.HAL_DMA_Abort_IT
                0x08001514      0x210 ./Drivers/STM32F1xx_HAL_Driver/Src/stm32f1xx_hal_dma.o
                0x08001514                HAL_DMA_Abort_IT
 .text.HAL_DMA_IRQHandler
                0x08001724      0x478 ./Drivers/STM32F1xx_HAL_Driver/Src/stm32f1xx_hal_dma.o
                0x08001724                HAL_DMA_IRQHandler
 .text.HAL_GPIO_Init
                0x08001b9c      0x328 ./Drivers/STM32F1xx_HAL_Driver/Src/stm32f1xx_hal_gpio.o
                0x08001b9c                HAL_GPIO_Init
 .text.HAL_GPIO_ReadPin
                0x08001ec4       0x2e ./Drivers/STM32F1xx_HAL_Driver/Src/stm32f1xx_hal_gpio.o
                0x08001ec4                HAL_GPIO_ReadPin
 .text.HAL_GPIO_WritePin
                0x08001ef2       0x30 ./Drivers/STM32F1xx_HAL_Driver/Src/stm32f1xx_hal_gpio.o
                0x08001ef2                HAL_GPIO_WritePin
 .text.HAL_GPIO_TogglePin
                0x08001f22       0x32 ./Drivers/STM32F1xx_HAL_Driver/Src/stm32f1xx_hal_gpio.o
                0x08001f22                HAL_GPIO_TogglePin
 .text.HAL_RCC_OscConfig
                0x08001f54      0x504 ./Drivers/STM32F1xx_HAL_Driver/Src/stm32f1xx_hal_rcc.o
                0x08001f54                HAL_RCC_OscConfig
 .text.HAL_RCC_ClockConfig
                0x08002458      0x1d4 ./Drivers/STM32F1xx_HAL_Driver/Src/stm32f1xx_hal_rcc.o
                0x08002458                HAL_RCC_ClockConfig
 .text.HAL_RCC_GetSysClockFreq
                0x0800262c       0xbc ./Drivers/STM32F1xx_HAL_Driver/Src/stm32f1xx_hal_rcc.o
                0x0800262c                HAL_RCC_GetSysClockFreq
 .text.HAL_RCC_GetHCLKFreq
                0x080026e8       0x14 ./Drivers/STM32F1xx_HAL_Driver/Src/stm32f1xx_hal_rcc.o
                0x080026e8                HAL_RCC_GetHCLKFreq
 .text.HAL_RCC_GetPCLK1Freq
                0x080026fc       0x28 ./Drivers/STM32F1xx_HAL_Driver/Src/stm32f1xx_hal_rcc.o
                0x080026fc                HAL_RCC_GetPCLK1Freq
 .text.HAL_RCC_GetPCLK2Freq
                0x08002724       0x28 ./Drivers/STM32F1xx_HAL_Driver/Src/stm32f1xx_hal_rcc.o
                0x08002724                HAL_RCC_GetPCLK2Freq
 .text.RCC_Delay
                0x0800274c       0x3c ./Drivers/STM32F1xx_HAL_Driver/Src/stm32f1xx_hal_rcc.o
 .text.HAL_TIM_Base_Init
                0x08002788       0x9e ./Drivers/STM32F1xx_HAL_Driver/Src/stm32f1xx_hal_tim.o
                0x08002788                HAL_TIM_Base_Init
 .text.HAL_TIM_PWM_Init
                0x08002826       0x9e ./Drivers/STM32F1xx_HAL_Driver/Src/stm32f1xx_hal_tim.o
                0x08002826                HAL_TIM_PWM_Init
 .text.HAL_TIM_PWM_MspInit
                0x080028c4       0x12 ./Drivers/STM32F1xx_HAL_Driver/Src/stm32f1xx_hal_tim.o
                0x080028c4                HAL_TIM_PWM_MspInit
 *fill*         0x080028d6        0x2 
 .text.HAL_TIM_PWM_Start
                0x080028d8      0x174 ./Drivers/STM32F1xx_HAL_Driver/Src/stm32f1xx_hal_tim.o
                0x080028d8                HAL_TIM_PWM_Start
 .text.HAL_TIM_PWM_ConfigChannel
                0x08002a4c      0x17c ./Drivers/STM32F1xx_HAL_Driver/Src/stm32f1xx_hal_tim.o
                0x08002a4c                HAL_TIM_PWM_ConfigChannel
 .text.HAL_TIM_ConfigClockSource
                0x08002bc8      0x188 ./Drivers/STM32F1xx_HAL_Driver/Src/stm32f1xx_hal_tim.o
                0x08002bc8                HAL_TIM_ConfigClockSource
 .text.TIM_Base_SetConfig
                0x08002d50       0xf4 ./Drivers/STM32F1xx_HAL_Driver/Src/stm32f1xx_hal_tim.o
                0x08002d50                TIM_Base_SetConfig
 .text.TIM_OC1_SetConfig
                0x08002e44       0xe0 ./Drivers/STM32F1xx_HAL_Driver/Src/stm32f1xx_hal_tim.o
 .text.TIM_OC2_SetConfig
                0x08002f24       0xe8 ./Drivers/STM32F1xx_HAL_Driver/Src/stm32f1xx_hal_tim.o
                0x08002f24                TIM_OC2_SetConfig
 .text.TIM_OC3_SetConfig
                0x0800300c       0xe8 ./Drivers/STM32F1xx_HAL_Driver/Src/stm32f1xx_hal_tim.o
 .text.TIM_OC4_SetConfig
                0x080030f4       0xa8 ./Drivers/STM32F1xx_HAL_Driver/Src/stm32f1xx_hal_tim.o
 .text.TIM_TI1_ConfigInputStage
                0x0800319c       0x5c ./Drivers/STM32F1xx_HAL_Driver/Src/stm32f1xx_hal_tim.o
 .text.TIM_TI2_ConfigInputStage
                0x080031f8       0x5e ./Drivers/STM32F1xx_HAL_Driver/Src/stm32f1xx_hal_tim.o
 .text.TIM_ITRx_SetConfig
                0x08003256       0x34 ./Drivers/STM32F1xx_HAL_Driver/Src/stm32f1xx_hal_tim.o
 .text.TIM_ETR_SetConfig
                0x0800328a       0x3e ./Drivers/STM32F1xx_HAL_Driver/Src/stm32f1xx_hal_tim.o
                0x0800328a                TIM_ETR_SetConfig
 .text.TIM_CCxChannelCmd
                0x080032c8       0x48 ./Drivers/STM32F1xx_HAL_Driver/Src/stm32f1xx_hal_tim.o
                0x080032c8                TIM_CCxChannelCmd
 .text.HAL_TIMEx_PWMN_Start
                0x08003310      0x158 ./Drivers/STM32F1xx_HAL_Driver/Src/stm32f1xx_hal_tim_ex.o
                0x08003310                HAL_TIMEx_PWMN_Start
 .text.HAL_TIMEx_MasterConfigSynchronization
                0x08003468       0xd8 ./Drivers/STM32F1xx_HAL_Driver/Src/stm32f1xx_hal_tim_ex.o
                0x08003468                HAL_TIMEx_MasterConfigSynchronization
 .text.HAL_TIMEx_ConfigBreakDeadTime
                0x08003540       0xa2 ./Drivers/STM32F1xx_HAL_Driver/Src/stm32f1xx_hal_tim_ex.o
                0x08003540                HAL_TIMEx_ConfigBreakDeadTime
 .text.TIM_CCxNChannelCmd
                0x080035e2       0x48 ./Drivers/STM32F1xx_HAL_Driver/Src/stm32f1xx_hal_tim_ex.o
 .text.HAL_UART_Init
                0x0800362a       0x9a ./Drivers/STM32F1xx_HAL_Driver/Src/stm32f1xx_hal_uart.o
                0x0800362a                HAL_UART_Init
 .text.HAL_UART_Transmit
                0x080036c4      0x124 ./Drivers/STM32F1xx_HAL_Driver/Src/stm32f1xx_hal_uart.o
                0x080036c4                HAL_UART_Transmit
 .text.HAL_UART_Receive_IT
                0x080037e8       0x60 ./Drivers/STM32F1xx_HAL_Driver/Src/stm32f1xx_hal_uart.o
                0x080037e8                HAL_UART_Receive_IT
 .text.HAL_UART_IRQHandler
                0x08003848      0x354 ./Drivers/STM32F1xx_HAL_Driver/Src/stm32f1xx_hal_uart.o
                0x08003848                HAL_UART_IRQHandler
 .text.HAL_UART_TxCpltCallback
                0x08003b9c       0x12 ./Drivers/STM32F1xx_HAL_Driver/Src/stm32f1xx_hal_uart.o
                0x08003b9c                HAL_UART_TxCpltCallback
 .text.HAL_UART_ErrorCallback
                0x08003bae       0x12 ./Drivers/STM32F1xx_HAL_Driver/Src/stm32f1xx_hal_uart.o
                0x08003bae                HAL_UART_ErrorCallback
 .text.HAL_UARTEx_RxEventCallback
                0x08003bc0       0x16 ./Drivers/STM32F1xx_HAL_Driver/Src/stm32f1xx_hal_uart.o
                0x08003bc0                HAL_UARTEx_RxEventCallback
 .text.UART_WaitOnFlagUntilTimeout
                0x08003bd6       0x94 ./Drivers/STM32F1xx_HAL_Driver/Src/stm32f1xx_hal_uart.o
 .text.UART_Start_Receive_IT
                0x08003c6a       0x72 ./Drivers/STM32F1xx_HAL_Driver/Src/stm32f1xx_hal_uart.o
                0x08003c6a                UART_Start_Receive_IT
 .text.UART_EndRxTransfer
                0x08003cdc       0x58 ./Drivers/STM32F1xx_HAL_Driver/Src/stm32f1xx_hal_uart.o
 .text.UART_DMAAbortOnError
                0x08003d34       0x28 ./Drivers/STM32F1xx_HAL_Driver/Src/stm32f1xx_hal_uart.o
 .text.UART_Transmit_IT
                0x08003d5c       0x9e ./Drivers/STM32F1xx_HAL_Driver/Src/stm32f1xx_hal_uart.o
 .text.UART_EndTransmit_IT
                0x08003dfa       0x30 ./Drivers/STM32F1xx_HAL_Driver/Src/stm32f1xx_hal_uart.o
 .text.UART_Receive_IT
                0x08003e2a      0x152 ./Drivers/STM32F1xx_HAL_Driver/Src/stm32f1xx_hal_uart.o
 .text.UART_SetConfig
                0x08003f7c      0x11c ./Drivers/STM32F1xx_HAL_Driver/Src/stm32f1xx_hal_uart.o
 .text.memset   0x08004098       0x10 C:/ST/STM32CubeIDE_1.15.1/STM32CubeIDE/plugins/com.st.stm32cube.ide.mcu.externaltools.gnu-tools-for-stm32.12.3.rel1.win32_1.0.100.202403111256/tools/bin/../lib/gcc/arm-none-eabi/12.3.1/../../../../arm-none-eabi/lib/thumb/v7-m/nofp\libc_nano.a(libc_a-memset.o)
                0x08004098                memset
 .text.__libc_init_array
                0x080040a8       0x48 C:/ST/STM32CubeIDE_1.15.1/STM32CubeIDE/plugins/com.st.stm32cube.ide.mcu.externaltools.gnu-tools-for-stm32.12.3.rel1.win32_1.0.100.202403111256/tools/bin/../lib/gcc/arm-none-eabi/12.3.1/../../../../arm-none-eabi/lib/thumb/v7-m/nofp\libc_nano.a(libc_a-init.o)
                0x080040a8                __libc_init_array
 *(.glue_7)
 .glue_7        0x080040f0        0x0 linker stubs
 *(.glue_7t)
 .glue_7t       0x080040f0        0x0 linker stubs
 *(.eh_frame)
 .eh_frame      0x080040f0        0x0 C:/ST/STM32CubeIDE_1.15.1/STM32CubeIDE/plugins/com.st.stm32cube.ide.mcu.externaltools.gnu-tools-for-stm32.12.3.rel1.win32_1.0.100.202403111256/tools/bin/../lib/gcc/arm-none-eabi/12.3.1/thumb/v7-m/nofp/crtbegin.o
 *(.init)
 .init          0x080040f0        0x4 C:/ST/STM32CubeIDE_1.15.1/STM32CubeIDE/plugins/com.st.stm32cube.ide.mcu.externaltools.gnu-tools-for-stm32.12.3.rel1.win32_1.0.100.202403111256/tools/bin/../lib/gcc/arm-none-eabi/12.3.1/thumb/v7-m/nofp/crti.o
                0x080040f0                _init
 .init          0x080040f4        0x8 C:/ST/STM32CubeIDE_1.15.1/STM32CubeIDE/plugins/com.st.stm32cube.ide.mcu.externaltools.gnu-tools-for-stm32.12.3.rel1.win32_1.0.100.202403111256/tools/bin/../lib/gcc/arm-none-eabi/12.3.1/thumb/v7-m/nofp/crtn.o
 *(.fini)
 .fini          0x080040fc        0x4 C:/ST/STM32CubeIDE_1.15.1/STM32CubeIDE/plugins/com.st.stm32cube.ide.mcu.externaltools.gnu-tools-for-stm32.12.3.rel1.win32_1.0.100.202403111256/tools/bin/../lib/gcc/arm-none-eabi/12.3.1/thumb/v7-m/nofp/crti.o
                0x080040fc                _fini
 .fini          0x08004100        0x8 C:/ST/STM32CubeIDE_1.15.1/STM32CubeIDE/plugins/com.st.stm32cube.ide.mcu.externaltools.gnu-tools-for-stm32.12.3.rel1.win32_1.0.100.202403111256/tools/bin/../lib/gcc/arm-none-eabi/12.3.1/thumb/v7-m/nofp/crtn.o
                0x08004108                        . = ALIGN (0x4)
                0x08004108                        _etext = .

.vfp11_veneer   0x08004108        0x0
 .vfp11_veneer  0x08004108        0x0 linker stubs

.v4_bx          0x08004108        0x0
 .v4_bx         0x08004108        0x0 linker stubs

.iplt           0x08004108        0x0
 .iplt          0x08004108        0x0 C:/ST/STM32CubeIDE_1.15.1/STM32CubeIDE/plugins/com.st.stm32cube.ide.mcu.externaltools.gnu-tools-for-stm32.12.3.rel1.win32_1.0.100.202403111256/tools/bin/../lib/gcc/arm-none-eabi/12.3.1/thumb/v7-m/nofp/crtbegin.o

.rodata         0x08004108       0x28
                0x08004108                        . = ALIGN (0x4)
 *(.rodata)
 .rodata        0x08004108       0x10 ./Drivers/STM32F1xx_HAL_Driver/Src/stm32f1xx_hal_rcc.o
 *(.rodata*)
 .rodata.AHBPrescTable
                0x08004118       0x10 ./Core/Src/system_stm32f1xx.o
                0x08004118                AHBPrescTable
 .rodata.APBPrescTable
                0x08004128        0x8 ./Core/Src/system_stm32f1xx.o
                0x08004128                APBPrescTable
                0x08004130                        . = ALIGN (0x4)

.rel.dyn        0x08004130        0x0
 .rel.iplt      0x08004130        0x0 C:/ST/STM32CubeIDE_1.15.1/STM32CubeIDE/plugins/com.st.stm32cube.ide.mcu.externaltools.gnu-tools-for-stm32.12.3.rel1.win32_1.0.100.202403111256/tools/bin/../lib/gcc/arm-none-eabi/12.3.1/thumb/v7-m/nofp/crtbegin.o

.ARM.extab      0x08004130        0x0
                0x08004130                        . = ALIGN (0x4)
 *(.ARM.extab* .gnu.linkonce.armextab.*)
                0x08004130                        . = ALIGN (0x4)

.ARM            0x08004130        0x0
                0x08004130                        . = ALIGN (0x4)
                0x08004130                        __exidx_start = .
 *(.ARM.exidx*)
                0x08004130                        __exidx_end = .
                0x08004130                        . = ALIGN (0x4)

.preinit_array  0x08004130        0x0
                0x08004130                        . = ALIGN (0x4)
                0x08004130                        PROVIDE (__preinit_array_start = .)
 *(.preinit_array*)
                0x08004130                        PROVIDE (__preinit_array_end = .)
                0x08004130                        . = ALIGN (0x4)

.init_array     0x08004130        0x4
                0x08004130                        . = ALIGN (0x4)
                0x08004130                        PROVIDE (__init_array_start = .)
 *(SORT_BY_NAME(.init_array.*))
 *(.init_array*)
 .init_array    0x08004130        0x4 C:/ST/STM32CubeIDE_1.15.1/STM32CubeIDE/plugins/com.st.stm32cube.ide.mcu.externaltools.gnu-tools-for-stm32.12.3.rel1.win32_1.0.100.202403111256/tools/bin/../lib/gcc/arm-none-eabi/12.3.1/thumb/v7-m/nofp/crtbegin.o
                0x08004134                        PROVIDE (__init_array_end = .)
                0x08004134                        . = ALIGN (0x4)

.fini_array     0x08004134        0x4
                0x08004134                        . = ALIGN (0x4)
                [!provide]                        PROVIDE (__fini_array_start = .)
 *(SORT_BY_NAME(.fini_array.*))
 *(.fini_array*)
 .fini_array    0x08004134        0x4 C:/ST/STM32CubeIDE_1.15.1/STM32CubeIDE/plugins/com.st.stm32cube.ide.mcu.externaltools.gnu-tools-for-stm32.12.3.rel1.win32_1.0.100.202403111256/tools/bin/../lib/gcc/arm-none-eabi/12.3.1/thumb/v7-m/nofp/crtbegin.o
                [!provide]                        PROVIDE (__fini_array_end = .)
                0x08004138                        . = ALIGN (0x4)
                0x08004138                        _sidata = LOADADDR (.data)

.data           0x20000000       0x10 load address 0x08004138
                0x20000000                        . = ALIGN (0x4)
                0x20000000                        _sdata = .
 *(.data)
 *(.data*)
 .data.press.1  0x20000000        0x1 ./BSP/bsp.o
 *fill*         0x20000001        0x3 
 .data.SystemCoreClock
                0x20000004        0x4 ./Core/Src/system_stm32f1xx.o
                0x20000004                SystemCoreClock
 .data.uwTickPrio
                0x20000008        0x4 ./Drivers/STM32F1xx_HAL_Driver/Src/stm32f1xx_hal.o
                0x20000008                uwTickPrio
 .data.uwTickFreq
                0x2000000c        0x1 ./Drivers/STM32F1xx_HAL_Driver/Src/stm32f1xx_hal.o
                0x2000000c                uwTickFreq
 *(.RamFunc)
 *(.RamFunc*)
                0x20000010                        . = ALIGN (0x4)
 *fill*         0x2000000d        0x3 
                0x20000010                        _edata = .

.igot.plt       0x20000010        0x0 load address 0x08004148
 .igot.plt      0x20000010        0x0 C:/ST/STM32CubeIDE_1.15.1/STM32CubeIDE/plugins/com.st.stm32cube.ide.mcu.externaltools.gnu-tools-for-stm32.12.3.rel1.win32_1.0.100.202403111256/tools/bin/../lib/gcc/arm-none-eabi/12.3.1/thumb/v7-m/nofp/crtbegin.o
                0x20000010                        . = ALIGN (0x4)

.bss            0x20000010      0x148 load address 0x08004148
                0x20000010                        _sbss = .
                0x20000010                        __bss_start__ = _sbss
 *(.bss)
 .bss           0x20000010       0x1c C:/ST/STM32CubeIDE_1.15.1/STM32CubeIDE/plugins/com.st.stm32cube.ide.mcu.externaltools.gnu-tools-for-stm32.12.3.rel1.win32_1.0.100.202403111256/tools/bin/../lib/gcc/arm-none-eabi/12.3.1/thumb/v7-m/nofp/crtbegin.o
 *(.bss*)
 .bss.led_count.2
                0x2000002c        0x1 ./BSP/bsp.o
 *fill*         0x2000002d        0x3 
 .bss.state.0   0x20000030        0x4 ./BSP/bsp.o
 .bss.beep_on_time
                0x20000034        0x2 ./BSP/bsp_beep.o
                0x20000034                beep_on_time
 .bss.beep_state
                0x20000036        0x1 ./BSP/bsp_beep.o
                0x20000036                beep_state
 *fill*         0x20000037        0x1 
 .bss.key1_state.0
                0x20000038        0x2 ./BSP/bsp_key.o
 .bss.RxTemp    0x2000003a        0x1 ./BSP/bsp_uart.o
                0x2000003a                RxTemp
 *fill*         0x2000003b        0x1 
 .bss.htim1     0x2000003c       0x48 ./Core/Src/tim.o
                0x2000003c                htim1
 .bss.htim8     0x20000084       0x48 ./Core/Src/tim.o
                0x20000084                htim8
 .bss.huart1    0x200000cc       0x44 ./Core/Src/usart.o
                0x200000cc                huart1
 .bss.hdma_usart1_tx
                0x20000110       0x44 ./Core/Src/usart.o
                0x20000110                hdma_usart1_tx
 .bss.uwTick    0x20000154        0x4 ./Drivers/STM32F1xx_HAL_Driver/Src/stm32f1xx_hal.o
                0x20000154                uwTick
 *(COMMON)
                0x20000158                        . = ALIGN (0x4)
                0x20000158                        _ebss = .
                0x20000158                        __bss_end__ = _ebss

._user_heap_stack
                0x20000158      0x600 load address 0x08004148
                0x20000158                        . = ALIGN (0x8)
                [!provide]                        PROVIDE (end = .)
                0x20000158                        PROVIDE (_end = .)
                0x20000358                        . = (. + _Min_Heap_Size)
 *fill*         0x20000158      0x200 
                0x20000758                        . = (. + _Min_Stack_Size)
 *fill*         0x20000358      0x400 
                0x20000758                        . = ALIGN (0x8)

/DISCARD/
 libc.a(*)
 libm.a(*)
 libgcc.a(*)

.ARM.attributes
                0x00000000       0x29
 *(.ARM.attributes)
 .ARM.attributes
                0x00000000       0x1d C:/ST/STM32CubeIDE_1.15.1/STM32CubeIDE/plugins/com.st.stm32cube.ide.mcu.externaltools.gnu-tools-for-stm32.12.3.rel1.win32_1.0.100.202403111256/tools/bin/../lib/gcc/arm-none-eabi/12.3.1/thumb/v7-m/nofp/crti.o
 .ARM.attributes
                0x0000001d       0x2d C:/ST/STM32CubeIDE_1.15.1/STM32CubeIDE/plugins/com.st.stm32cube.ide.mcu.externaltools.gnu-tools-for-stm32.12.3.rel1.win32_1.0.100.202403111256/tools/bin/../lib/gcc/arm-none-eabi/12.3.1/thumb/v7-m/nofp/crtbegin.o
 .ARM.attributes
                0x0000004a       0x2d ./BSP/bsp.o
 .ARM.attributes
                0x00000077       0x2d ./BSP/bsp_beep.o
 .ARM.attributes
                0x000000a4       0x2d ./BSP/bsp_key.o
 .ARM.attributes
                0x000000d1       0x2d ./BSP/bsp_motor.o
 .ARM.attributes
                0x000000fe       0x2d ./BSP/bsp_uart.o
 .ARM.attributes
                0x0000012b       0x2d ./Core/Src/dma.o
 .ARM.attributes
                0x00000158       0x2d ./Core/Src/gpio.o
 .ARM.attributes
                0x00000185       0x2d ./Core/Src/main.o
 .ARM.attributes
                0x000001b2       0x2d ./Core/Src/stm32f1xx_hal_msp.o
 .ARM.attributes
                0x000001df       0x2d ./Core/Src/stm32f1xx_it.o
 .ARM.attributes
                0x0000020c       0x2d ./Core/Src/system_stm32f1xx.o
 .ARM.attributes
                0x00000239       0x2d ./Core/Src/tim.o
 .ARM.attributes
                0x00000266       0x2d ./Core/Src/usart.o
 .ARM.attributes
                0x00000293       0x21 ./Core/Startup/startup_stm32f103rctx.o
 .ARM.attributes
                0x000002b4       0x2d ./Drivers/STM32F1xx_HAL_Driver/Src/stm32f1xx_hal.o
 .ARM.attributes
                0x000002e1       0x2d ./Drivers/STM32F1xx_HAL_Driver/Src/stm32f1xx_hal_cortex.o
 .ARM.attributes
                0x0000030e       0x2d ./Drivers/STM32F1xx_HAL_Driver/Src/stm32f1xx_hal_dma.o
 .ARM.attributes
                0x0000033b       0x2d ./Drivers/STM32F1xx_HAL_Driver/Src/stm32f1xx_hal_gpio.o
 .ARM.attributes
                0x00000368       0x2d ./Drivers/STM32F1xx_HAL_Driver/Src/stm32f1xx_hal_rcc.o
 .ARM.attributes
                0x00000395       0x2d ./Drivers/STM32F1xx_HAL_Driver/Src/stm32f1xx_hal_tim.o
 .ARM.attributes
                0x000003c2       0x2d ./Drivers/STM32F1xx_HAL_Driver/Src/stm32f1xx_hal_tim_ex.o
 .ARM.attributes
                0x000003ef       0x2d ./Drivers/STM32F1xx_HAL_Driver/Src/stm32f1xx_hal_uart.o
 .ARM.attributes
                0x0000041c       0x2d C:/ST/STM32CubeIDE_1.15.1/STM32CubeIDE/plugins/com.st.stm32cube.ide.mcu.externaltools.gnu-tools-for-stm32.12.3.rel1.win32_1.0.100.202403111256/tools/bin/../lib/gcc/arm-none-eabi/12.3.1/../../../../arm-none-eabi/lib/thumb/v7-m/nofp\libc_nano.a(libc_a-memset.o)
 .ARM.attributes
                0x00000449       0x2d C:/ST/STM32CubeIDE_1.15.1/STM32CubeIDE/plugins/com.st.stm32cube.ide.mcu.externaltools.gnu-tools-for-stm32.12.3.rel1.win32_1.0.100.202403111256/tools/bin/../lib/gcc/arm-none-eabi/12.3.1/../../../../arm-none-eabi/lib/thumb/v7-m/nofp\libc_nano.a(libc_a-init.o)
 .ARM.attributes
                0x00000476       0x1d C:/ST/STM32CubeIDE_1.15.1/STM32CubeIDE/plugins/com.st.stm32cube.ide.mcu.externaltools.gnu-tools-for-stm32.12.3.rel1.win32_1.0.100.202403111256/tools/bin/../lib/gcc/arm-none-eabi/12.3.1/thumb/v7-m/nofp/crtn.o
OUTPUT(Motor.elf elf32-littlearm)
LOAD linker stubs
LOAD C:/ST/STM32CubeIDE_1.15.1/STM32CubeIDE/plugins/com.st.stm32cube.ide.mcu.externaltools.gnu-tools-for-stm32.12.3.rel1.win32_1.0.100.202403111256/tools/bin/../lib/gcc/arm-none-eabi/12.3.1/../../../../arm-none-eabi/lib/thumb/v7-m/nofp\libc.a
LOAD C:/ST/STM32CubeIDE_1.15.1/STM32CubeIDE/plugins/com.st.stm32cube.ide.mcu.externaltools.gnu-tools-for-stm32.12.3.rel1.win32_1.0.100.202403111256/tools/bin/../lib/gcc/arm-none-eabi/12.3.1/../../../../arm-none-eabi/lib/thumb/v7-m/nofp\libm.a
LOAD C:/ST/STM32CubeIDE_1.15.1/STM32CubeIDE/plugins/com.st.stm32cube.ide.mcu.externaltools.gnu-tools-for-stm32.12.3.rel1.win32_1.0.100.202403111256/tools/bin/../lib/gcc/arm-none-eabi/12.3.1/thumb/v7-m/nofp\libgcc.a

.debug_info     0x00000000     0xb3e4
 .debug_info    0x00000000      0x2a7 ./BSP/bsp.o
 .debug_info    0x000002a7      0x25f ./BSP/bsp_beep.o
 .debug_info    0x00000506      0x1d2 ./BSP/bsp_key.o
 .debug_info    0x000006d8      0x752 ./BSP/bsp_motor.o
 .debug_info    0x00000e2a      0x65d ./BSP/bsp_uart.o
 .debug_info    0x00001487      0x335 ./Core/Src/dma.o
 .debug_info    0x000017bc      0x2d3 ./Core/Src/gpio.o
 .debug_info    0x00001a8f      0x2bb ./Core/Src/main.o
 .debug_info    0x00001d4a      0x1f1 ./Core/Src/stm32f1xx_hal_msp.o
 .debug_info    0x00001f3b      0x5e9 ./Core/Src/stm32f1xx_it.o
 .debug_info    0x00002524      0x222 ./Core/Src/system_stm32f1xx.o
 .debug_info    0x00002746      0xc09 ./Core/Src/tim.o
 .debug_info    0x0000334f      0x9a0 ./Core/Src/usart.o
 .debug_info    0x00003cef       0x30 ./Core/Startup/startup_stm32f103rctx.o
 .debug_info    0x00003d1f      0x76a ./Drivers/STM32F1xx_HAL_Driver/Src/stm32f1xx_hal.o
 .debug_info    0x00004489      0xaed ./Drivers/STM32F1xx_HAL_Driver/Src/stm32f1xx_hal_cortex.o
 .debug_info    0x00004f76      0x6cd ./Drivers/STM32F1xx_HAL_Driver/Src/stm32f1xx_hal_dma.o
 .debug_info    0x00005643      0x5ab ./Drivers/STM32F1xx_HAL_Driver/Src/stm32f1xx_hal_gpio.o
 .debug_info    0x00005bee      0x7e9 ./Drivers/STM32F1xx_HAL_Driver/Src/stm32f1xx_hal_rcc.o
 .debug_info    0x000063d7     0x2789 ./Drivers/STM32F1xx_HAL_Driver/Src/stm32f1xx_hal_tim.o
 .debug_info    0x00008b60     0x13f1 ./Drivers/STM32F1xx_HAL_Driver/Src/stm32f1xx_hal_tim_ex.o
 .debug_info    0x00009f51     0x1493 ./Drivers/STM32F1xx_HAL_Driver/Src/stm32f1xx_hal_uart.o

.debug_abbrev   0x00000000     0x2694
 .debug_abbrev  0x00000000      0x16e ./BSP/bsp.o
 .debug_abbrev  0x0000016e      0x177 ./BSP/bsp_beep.o
 .debug_abbrev  0x000002e5      0x121 ./BSP/bsp_key.o
 .debug_abbrev  0x00000406      0x1fe ./BSP/bsp_motor.o
 .debug_abbrev  0x00000604      0x1b4 ./BSP/bsp_uart.o
 .debug_abbrev  0x000007b8       0xfc ./Core/Src/dma.o
 .debug_abbrev  0x000008b4      0x13f ./Core/Src/gpio.o
 .debug_abbrev  0x000009f3      0x172 ./Core/Src/main.o
 .debug_abbrev  0x00000b65       0xdb ./Core/Src/stm32f1xx_hal_msp.o
 .debug_abbrev  0x00000c40      0x171 ./Core/Src/stm32f1xx_it.o
 .debug_abbrev  0x00000db1      0x13f ./Core/Src/system_stm32f1xx.o
 .debug_abbrev  0x00000ef0      0x277 ./Core/Src/tim.o
 .debug_abbrev  0x00001167      0x212 ./Core/Src/usart.o
 .debug_abbrev  0x00001379       0x24 ./Core/Startup/startup_stm32f103rctx.o
 .debug_abbrev  0x0000139d      0x201 ./Drivers/STM32F1xx_HAL_Driver/Src/stm32f1xx_hal.o
 .debug_abbrev  0x0000159e      0x2f8 ./Drivers/STM32F1xx_HAL_Driver/Src/stm32f1xx_hal_cortex.o
 .debug_abbrev  0x00001896      0x20b ./Drivers/STM32F1xx_HAL_Driver/Src/stm32f1xx_hal_dma.o
 .debug_abbrev  0x00001aa1      0x1ca ./Drivers/STM32F1xx_HAL_Driver/Src/stm32f1xx_hal_gpio.o
 .debug_abbrev  0x00001c6b      0x2b1 ./Drivers/STM32F1xx_HAL_Driver/Src/stm32f1xx_hal_rcc.o
 .debug_abbrev  0x00001f1c      0x270 ./Drivers/STM32F1xx_HAL_Driver/Src/stm32f1xx_hal_tim.o
 .debug_abbrev  0x0000218c      0x27b ./Drivers/STM32F1xx_HAL_Driver/Src/stm32f1xx_hal_tim_ex.o
 .debug_abbrev  0x00002407      0x28d ./Drivers/STM32F1xx_HAL_Driver/Src/stm32f1xx_hal_uart.o

.debug_aranges  0x00000000      0xd58
 .debug_aranges
                0x00000000       0x30 ./BSP/bsp.o
 .debug_aranges
                0x00000030       0x48 ./BSP/bsp_beep.o
 .debug_aranges
                0x00000078       0x28 ./BSP/bsp_key.o
 .debug_aranges
                0x000000a0       0x38 ./BSP/bsp_motor.o
 .debug_aranges
                0x000000d8       0x40 ./BSP/bsp_uart.o
 .debug_aranges
                0x00000118       0x20 ./Core/Src/dma.o
 .debug_aranges
                0x00000138       0x20 ./Core/Src/gpio.o
 .debug_aranges
                0x00000158       0x30 ./Core/Src/main.o
 .debug_aranges
                0x00000188       0x20 ./Core/Src/stm32f1xx_hal_msp.o
 .debug_aranges
                0x000001a8       0x70 ./Core/Src/stm32f1xx_it.o
 .debug_aranges
                0x00000218       0x28 ./Core/Src/system_stm32f1xx.o
 .debug_aranges
                0x00000240       0x40 ./Core/Src/tim.o
 .debug_aranges
                0x00000280       0x30 ./Core/Src/usart.o
 .debug_aranges
                0x000002b0       0x28 ./Core/Startup/startup_stm32f103rctx.o
 .debug_aranges
                0x000002d8       0xe0 ./Drivers/STM32F1xx_HAL_Driver/Src/stm32f1xx_hal.o
 .debug_aranges
                0x000003b8      0x100 ./Drivers/STM32F1xx_HAL_Driver/Src/stm32f1xx_hal_cortex.o
 .debug_aranges
                0x000004b8       0x80 ./Drivers/STM32F1xx_HAL_Driver/Src/stm32f1xx_hal_dma.o
 .debug_aranges
                0x00000538       0x58 ./Drivers/STM32F1xx_HAL_Driver/Src/stm32f1xx_hal_gpio.o
 .debug_aranges
                0x00000590       0x90 ./Drivers/STM32F1xx_HAL_Driver/Src/stm32f1xx_hal_rcc.o
 .debug_aranges
                0x00000620      0x3d0 ./Drivers/STM32F1xx_HAL_Driver/Src/stm32f1xx_hal_tim.o
 .debug_aranges
                0x000009f0      0x168 ./Drivers/STM32F1xx_HAL_Driver/Src/stm32f1xx_hal_tim_ex.o
 .debug_aranges
                0x00000b58      0x200 ./Drivers/STM32F1xx_HAL_Driver/Src/stm32f1xx_hal_uart.o

.debug_rnglists
                0x00000000      0xa47
 .debug_rnglists
                0x00000000       0x20 ./BSP/bsp.o
 .debug_rnglists
                0x00000020       0x32 ./BSP/bsp_beep.o
 .debug_rnglists
                0x00000052       0x19 ./BSP/bsp_key.o
 .debug_rnglists
                0x0000006b       0x27 ./BSP/bsp_motor.o
 .debug_rnglists
                0x00000092       0x2b ./BSP/bsp_uart.o
 .debug_rnglists
                0x000000bd       0x13 ./Core/Src/dma.o
 .debug_rnglists
                0x000000d0       0x14 ./Core/Src/gpio.o
 .debug_rnglists
                0x000000e4       0x20 ./Core/Src/main.o
 .debug_rnglists
                0x00000104       0x13 ./Core/Src/stm32f1xx_hal_msp.o
 .debug_rnglists
                0x00000117       0x4f ./Core/Src/stm32f1xx_it.o
 .debug_rnglists
                0x00000166       0x1a ./Core/Src/system_stm32f1xx.o
 .debug_rnglists
                0x00000180       0x2e ./Core/Src/tim.o
 .debug_rnglists
                0x000001ae       0x20 ./Core/Src/usart.o
 .debug_rnglists
                0x000001ce       0x19 ./Core/Startup/startup_stm32f103rctx.o
 .debug_rnglists
                0x000001e7       0xa3 ./Drivers/STM32F1xx_HAL_Driver/Src/stm32f1xx_hal.o
 .debug_rnglists
                0x0000028a       0xbb ./Drivers/STM32F1xx_HAL_Driver/Src/stm32f1xx_hal_cortex.o
 .debug_rnglists
                0x00000345       0x64 ./Drivers/STM32F1xx_HAL_Driver/Src/stm32f1xx_hal_dma.o
 .debug_rnglists
                0x000003a9       0x3f ./Drivers/STM32F1xx_HAL_Driver/Src/stm32f1xx_hal_gpio.o
 .debug_rnglists
                0x000003e8       0x6c ./Drivers/STM32F1xx_HAL_Driver/Src/stm32f1xx_hal_rcc.o
 .debug_rnglists
                0x00000454      0x31a ./Drivers/STM32F1xx_HAL_Driver/Src/stm32f1xx_hal_tim.o
 .debug_rnglists
                0x0000076e      0x125 ./Drivers/STM32F1xx_HAL_Driver/Src/stm32f1xx_hal_tim_ex.o
 .debug_rnglists
                0x00000893      0x1b4 ./Drivers/STM32F1xx_HAL_Driver/Src/stm32f1xx_hal_uart.o

.debug_macro    0x00000000    0x1ad03
 .debug_macro   0x00000000      0x2e4 ./BSP/bsp.o
 .debug_macro   0x000002e4      0xaa8 ./BSP/bsp.o
 .debug_macro   0x00000d8c      0x221 ./BSP/bsp.o
 .debug_macro   0x00000fad       0x2e ./BSP/bsp.o
 .debug_macro   0x00000fdb       0x22 ./BSP/bsp.o
 .debug_macro   0x00000ffd       0x22 ./BSP/bsp.o
 .debug_macro   0x0000101f       0x8e ./BSP/bsp.o
 .debug_macro   0x000010ad       0x51 ./BSP/bsp.o
 .debug_macro   0x000010fe      0x103 ./BSP/bsp.o
 .debug_macro   0x00001201       0x6a ./BSP/bsp.o
 .debug_macro   0x0000126b      0x1df ./BSP/bsp.o
 .debug_macro   0x0000144a       0x1c ./BSP/bsp.o
 .debug_macro   0x00001466       0x22 ./BSP/bsp.o
 .debug_macro   0x00001488       0xbd ./BSP/bsp.o
 .debug_macro   0x00001545      0xd23 ./BSP/bsp.o
 .debug_macro   0x00002268     0xfd8c ./BSP/bsp.o
 .debug_macro   0x00011ff4       0x6d ./BSP/bsp.o
 .debug_macro   0x00012061     0x3468 ./BSP/bsp.o
 .debug_macro   0x000154c9      0x189 ./BSP/bsp.o
 .debug_macro   0x00015652       0x5c ./BSP/bsp.o
 .debug_macro   0x000156ae      0x5be ./BSP/bsp.o
 .debug_macro   0x00015c6c      0x4d5 ./BSP/bsp.o
 .debug_macro   0x00016141      0x1cb ./BSP/bsp.o
 .debug_macro   0x0001630c      0x114 ./BSP/bsp.o
 .debug_macro   0x00016420      0x1ea ./BSP/bsp.o
 .debug_macro   0x0001660a       0x27 ./BSP/bsp.o
 .debug_macro   0x00016631      0x144 ./BSP/bsp.o
 .debug_macro   0x00016775      0x1bc ./BSP/bsp.o
 .debug_macro   0x00016931       0x30 ./BSP/bsp.o
 .debug_macro   0x00016961       0x3c ./BSP/bsp.o
 .debug_macro   0x0001699d       0x57 ./BSP/bsp.o
 .debug_macro   0x000169f4       0x88 ./BSP/bsp.o
 .debug_macro   0x00016a7c      0x24f ./BSP/bsp.o
 .debug_macro   0x00016ccb      0x141 ./BSP/bsp.o
 .debug_macro   0x00016e0c      0x8d1 ./BSP/bsp.o
 .debug_macro   0x000176dd      0x279 ./BSP/bsp.o
 .debug_macro   0x00017956       0xb5 ./BSP/bsp.o
 .debug_macro   0x00017a0b       0x28 ./BSP/bsp.o
 .debug_macro   0x00017a33       0x28 ./BSP/bsp.o
 .debug_macro   0x00017a5b       0x22 ./BSP/bsp.o
 .debug_macro   0x00017a7d       0x4c ./BSP/bsp.o
 .debug_macro   0x00017ac9       0x61 ./BSP/bsp.o
 .debug_macro   0x00017b2a       0x24 ./BSP/bsp.o
 .debug_macro   0x00017b4e       0x43 ./BSP/bsp.o
 .debug_macro   0x00017b91       0x34 ./BSP/bsp.o
 .debug_macro   0x00017bc5       0x16 ./BSP/bsp.o
 .debug_macro   0x00017bdb       0x35 ./BSP/bsp.o
 .debug_macro   0x00017c10      0x369 ./BSP/bsp.o
 .debug_macro   0x00017f79       0x10 ./BSP/bsp.o
 .debug_macro   0x00017f89       0x16 ./BSP/bsp.o
 .debug_macro   0x00017f9f       0x43 ./BSP/bsp.o
 .debug_macro   0x00017fe2       0x34 ./BSP/bsp.o
 .debug_macro   0x00018016       0x10 ./BSP/bsp.o
 .debug_macro   0x00018026       0x58 ./BSP/bsp.o
 .debug_macro   0x0001807e       0x8e ./BSP/bsp.o
 .debug_macro   0x0001810c       0x1c ./BSP/bsp.o
 .debug_macro   0x00018128      0x177 ./BSP/bsp.o
 .debug_macro   0x0001829f       0x16 ./BSP/bsp.o
 .debug_macro   0x000182b5       0x16 ./BSP/bsp.o
 .debug_macro   0x000182cb      0x146 ./BSP/bsp.o
 .debug_macro   0x00018411       0x16 ./BSP/bsp.o
 .debug_macro   0x00018427      0x2ea ./BSP/bsp_beep.o
 .debug_macro   0x00018711       0x22 ./BSP/bsp_beep.o
 .debug_macro   0x00018733      0x2ea ./BSP/bsp_key.o
 .debug_macro   0x00018a1d       0x1c ./BSP/bsp_key.o
 .debug_macro   0x00018a39      0x2ea ./BSP/bsp_motor.o
 .debug_macro   0x00018d23       0x46 ./BSP/bsp_motor.o
 .debug_macro   0x00018d69      0x2f0 ./BSP/bsp_uart.o
 .debug_macro   0x00019059      0x1bc ./Core/Src/dma.o
 .debug_macro   0x00019215      0x1bc ./Core/Src/gpio.o
 .debug_macro   0x000193d1      0x2ee ./Core/Src/main.o
 .debug_macro   0x000196bf      0x1b2 ./Core/Src/stm32f1xx_hal_msp.o
 .debug_macro   0x00019871      0x1bc ./Core/Src/stm32f1xx_it.o
 .debug_macro   0x00019a2d      0x1a3 ./Core/Src/system_stm32f1xx.o
 .debug_macro   0x00019bd0      0x1bc ./Core/Src/tim.o
 .debug_macro   0x00019d8c      0x1bc ./Core/Src/usart.o
 .debug_macro   0x00019f48      0x1c7 ./Drivers/STM32F1xx_HAL_Driver/Src/stm32f1xx_hal.o
 .debug_macro   0x0001a10f      0x1a3 ./Drivers/STM32F1xx_HAL_Driver/Src/stm32f1xx_hal_cortex.o
 .debug_macro   0x0001a2b2      0x1a3 ./Drivers/STM32F1xx_HAL_Driver/Src/stm32f1xx_hal_dma.o
 .debug_macro   0x0001a455      0x20e ./Drivers/STM32F1xx_HAL_Driver/Src/stm32f1xx_hal_gpio.o
 .debug_macro   0x0001a663      0x1b5 ./Drivers/STM32F1xx_HAL_Driver/Src/stm32f1xx_hal_rcc.o
 .debug_macro   0x0001a818      0x1a4 ./Drivers/STM32F1xx_HAL_Driver/Src/stm32f1xx_hal_tim.o
 .debug_macro   0x0001a9bc      0x1a3 ./Drivers/STM32F1xx_HAL_Driver/Src/stm32f1xx_hal_tim_ex.o
 .debug_macro   0x0001ab5f      0x1a4 ./Drivers/STM32F1xx_HAL_Driver/Src/stm32f1xx_hal_uart.o

.debug_line     0x00000000    0x1171b
 .debug_line    0x00000000      0x921 ./BSP/bsp.o
 .debug_line    0x00000921      0x951 ./BSP/bsp_beep.o
 .debug_line    0x00001272      0x8e3 ./BSP/bsp_key.o
 .debug_line    0x00001b55      0x9fb ./BSP/bsp_motor.o
 .debug_line    0x00002550      0x908 ./BSP/bsp_uart.o
 .debug_line    0x00002e58      0x700 ./Core/Src/dma.o
 .debug_line    0x00003558      0x71e ./Core/Src/gpio.o
 .debug_line    0x00003c76      0x938 ./Core/Src/main.o
 .debug_line    0x000045ae      0x705 ./Core/Src/stm32f1xx_hal_msp.o
 .debug_line    0x00004cb3      0x7f7 ./Core/Src/stm32f1xx_it.o
 .debug_line    0x000054aa      0x783 ./Core/Src/system_stm32f1xx.o
 .debug_line    0x00005c2d      0x90a ./Core/Src/tim.o
 .debug_line    0x00006537      0x79a ./Core/Src/usart.o
 .debug_line    0x00006cd1       0x79 ./Core/Startup/startup_stm32f103rctx.o
 .debug_line    0x00006d4a      0x9b0 ./Drivers/STM32F1xx_HAL_Driver/Src/stm32f1xx_hal.o
 .debug_line    0x000076fa      0xb9c ./Drivers/STM32F1xx_HAL_Driver/Src/stm32f1xx_hal_cortex.o
 .debug_line    0x00008296     0x12da ./Drivers/STM32F1xx_HAL_Driver/Src/stm32f1xx_hal_dma.o
 .debug_line    0x00009570      0xa6f ./Drivers/STM32F1xx_HAL_Driver/Src/stm32f1xx_hal_gpio.o
 .debug_line    0x00009fdf      0xdbb ./Drivers/STM32F1xx_HAL_Driver/Src/stm32f1xx_hal_rcc.o
 .debug_line    0x0000ad9a     0x35a2 ./Drivers/STM32F1xx_HAL_Driver/Src/stm32f1xx_hal_tim.o
 .debug_line    0x0000e33c     0x193c ./Drivers/STM32F1xx_HAL_Driver/Src/stm32f1xx_hal_tim_ex.o
 .debug_line    0x0000fc78     0x1aa3 ./Drivers/STM32F1xx_HAL_Driver/Src/stm32f1xx_hal_uart.o

.debug_str      0x00000000    0x9853f
 .debug_str     0x00000000    0x94e4e ./BSP/bsp.o
                              0x95263 (size before relaxing)
 .debug_str     0x00094e4e       0xa0 ./BSP/bsp_beep.o
                              0x9520c (size before relaxing)
 .debug_str     0x00094eee       0x40 ./BSP/bsp_key.o
                              0x951a9 (size before relaxing)
 .debug_str     0x00094f2e      0x4b1 ./BSP/bsp_motor.o
                              0x956d4 (size before relaxing)
 .debug_str     0x000953df      0x2a4 ./BSP/bsp_uart.o
                              0x95605 (size before relaxing)
 .debug_str     0x00095683      0x39d ./Core/Src/dma.o
                              0x91b75 (size before relaxing)
 .debug_str     0x00095a20       0x5a ./Core/Src/gpio.o
                              0x91833 (size before relaxing)
 .debug_str     0x00095a7a      0x1b4 ./Core/Src/main.o
                              0x95319 (size before relaxing)
 .debug_str     0x00095c2e       0x5a ./Core/Src/stm32f1xx_hal_msp.o
                              0x917bb (size before relaxing)
 .debug_str     0x00095c88      0x12a ./Core/Src/stm32f1xx_it.o
                              0x91c1e (size before relaxing)
 .debug_str     0x00095db2       0x7e ./Core/Src/system_stm32f1xx.o
                              0x9176c (size before relaxing)
 .debug_str     0x00095e30      0x29c ./Core/Src/tim.o
                              0x91fd0 (size before relaxing)
 .debug_str     0x000960cc       0x91 ./Core/Src/usart.o
                              0x9207d (size before relaxing)
 .debug_str     0x0009615d       0x44 ./Core/Startup/startup_stm32f103rctx.o
                                 0x92 (size before relaxing)
 .debug_str     0x000961a1      0x384 ./Drivers/STM32F1xx_HAL_Driver/Src/stm32f1xx_hal.o
                              0x91f83 (size before relaxing)
 .debug_str     0x00096525      0x294 ./Drivers/STM32F1xx_HAL_Driver/Src/stm32f1xx_hal_cortex.o
                              0x91ecf (size before relaxing)
 .debug_str     0x000967b9      0x206 ./Drivers/STM32F1xx_HAL_Driver/Src/stm32f1xx_hal_dma.o
                              0x91b15 (size before relaxing)
 .debug_str     0x000969bf      0x2bd ./Drivers/STM32F1xx_HAL_Driver/Src/stm32f1xx_hal_gpio.o
                              0x91af2 (size before relaxing)
 .debug_str     0x00096c7c      0x229 ./Drivers/STM32F1xx_HAL_Driver/Src/stm32f1xx_hal_rcc.o
                              0x91b9b (size before relaxing)
 .debug_str     0x00096ea5      0xd57 ./Drivers/STM32F1xx_HAL_Driver/Src/stm32f1xx_hal_tim.o
                              0x92b86 (size before relaxing)
 .debug_str     0x00097bfc      0x3cc ./Drivers/STM32F1xx_HAL_Driver/Src/stm32f1xx_hal_tim_ex.o
                              0x923a2 (size before relaxing)
 .debug_str     0x00097fc8      0x577 ./Drivers/STM32F1xx_HAL_Driver/Src/stm32f1xx_hal_uart.o
                              0x921a6 (size before relaxing)

.comment        0x00000000       0x43
 .comment       0x00000000       0x43 ./BSP/bsp.o
                                 0x44 (size before relaxing)
 .comment       0x00000043       0x44 ./BSP/bsp_beep.o
 .comment       0x00000043       0x44 ./BSP/bsp_key.o
 .comment       0x00000043       0x44 ./BSP/bsp_motor.o
 .comment       0x00000043       0x44 ./BSP/bsp_uart.o
 .comment       0x00000043       0x44 ./Core/Src/dma.o
 .comment       0x00000043       0x44 ./Core/Src/gpio.o
 .comment       0x00000043       0x44 ./Core/Src/main.o
 .comment       0x00000043       0x44 ./Core/Src/stm32f1xx_hal_msp.o
 .comment       0x00000043       0x44 ./Core/Src/stm32f1xx_it.o
 .comment       0x00000043       0x44 ./Core/Src/system_stm32f1xx.o
 .comment       0x00000043       0x44 ./Core/Src/tim.o
 .comment       0x00000043       0x44 ./Core/Src/usart.o
 .comment       0x00000043       0x44 ./Drivers/STM32F1xx_HAL_Driver/Src/stm32f1xx_hal.o
 .comment       0x00000043       0x44 ./Drivers/STM32F1xx_HAL_Driver/Src/stm32f1xx_hal_cortex.o
 .comment       0x00000043       0x44 ./Drivers/STM32F1xx_HAL_Driver/Src/stm32f1xx_hal_dma.o
 .comment       0x00000043       0x44 ./Drivers/STM32F1xx_HAL_Driver/Src/stm32f1xx_hal_gpio.o
 .comment       0x00000043       0x44 ./Drivers/STM32F1xx_HAL_Driver/Src/stm32f1xx_hal_rcc.o
 .comment       0x00000043       0x44 ./Drivers/STM32F1xx_HAL_Driver/Src/stm32f1xx_hal_tim.o
 .comment       0x00000043       0x44 ./Drivers/STM32F1xx_HAL_Driver/Src/stm32f1xx_hal_tim_ex.o
 .comment       0x00000043       0x44 ./Drivers/STM32F1xx_HAL_Driver/Src/stm32f1xx_hal_uart.o

.debug_frame    0x00000000     0x34f8
 .debug_frame   0x00000000       0x6c ./BSP/bsp.o
 .debug_frame   0x0000006c       0xe0 ./BSP/bsp_beep.o
 .debug_frame   0x0000014c       0x50 ./BSP/bsp_key.o
 .debug_frame   0x0000019c       0xa0 ./BSP/bsp_motor.o
 .debug_frame   0x0000023c       0xbc ./BSP/bsp_uart.o
 .debug_frame   0x000002f8       0x34 ./Core/Src/dma.o
 .debug_frame   0x0000032c       0x34 ./Core/Src/gpio.o
 .debug_frame   0x00000360       0x68 ./Core/Src/main.o
 .debug_frame   0x000003c8       0x38 ./Core/Src/stm32f1xx_hal_msp.o
 .debug_frame   0x00000400      0x13c ./Core/Src/stm32f1xx_it.o
 .debug_frame   0x0000053c       0x58 ./Core/Src/system_stm32f1xx.o
 .debug_frame   0x00000594       0xcc ./Core/Src/tim.o
 .debug_frame   0x00000660       0x74 ./Core/Src/usart.o
 .debug_frame   0x000006d4      0x334 ./Drivers/STM32F1xx_HAL_Driver/Src/stm32f1xx_hal.o
 .debug_frame   0x00000a08      0x428 ./Drivers/STM32F1xx_HAL_Driver/Src/stm32f1xx_hal_cortex.o
 .debug_frame   0x00000e30      0x20c ./Drivers/STM32F1xx_HAL_Driver/Src/stm32f1xx_hal_dma.o
 .debug_frame   0x0000103c      0x14c ./Drivers/STM32F1xx_HAL_Driver/Src/stm32f1xx_hal_gpio.o
 .debug_frame   0x00001188      0x21c ./Drivers/STM32F1xx_HAL_Driver/Src/stm32f1xx_hal_rcc.o
 .debug_frame   0x000013a4     0x11bc ./Drivers/STM32F1xx_HAL_Driver/Src/stm32f1xx_hal_tim.o
 .debug_frame   0x00002560      0x638 ./Drivers/STM32F1xx_HAL_Driver/Src/stm32f1xx_hal_tim_ex.o
 .debug_frame   0x00002b98      0x914 ./Drivers/STM32F1xx_HAL_Driver/Src/stm32f1xx_hal_uart.o
 .debug_frame   0x000034ac       0x20 C:/ST/STM32CubeIDE_1.15.1/STM32CubeIDE/plugins/com.st.stm32cube.ide.mcu.externaltools.gnu-tools-for-stm32.12.3.rel1.win32_1.0.100.202403111256/tools/bin/../lib/gcc/arm-none-eabi/12.3.1/../../../../arm-none-eabi/lib/thumb/v7-m/nofp\libc_nano.a(libc_a-memset.o)
 .debug_frame   0x000034cc       0x2c C:/ST/STM32CubeIDE_1.15.1/STM32CubeIDE/plugins/com.st.stm32cube.ide.mcu.externaltools.gnu-tools-for-stm32.12.3.rel1.win32_1.0.100.202403111256/tools/bin/../lib/gcc/arm-none-eabi/12.3.1/../../../../arm-none-eabi/lib/thumb/v7-m/nofp\libc_nano.a(libc_a-init.o)

.debug_line_str
                0x00000000       0x76
 .debug_line_str
                0x00000000       0x76 ./Core/Startup/startup_stm32f103rctx.o
