Archive member included to satisfy reference by file (symbol)

C:/ST/STM32CubeIDE_1.15.1/STM32CubeIDE/plugins/com.st.stm32cube.ide.mcu.externaltools.gnu-tools-for-stm32.12.3.rel1.win32_1.0.100.202403111256/tools/bin/../lib/gcc/arm-none-eabi/12.3.1/../../../../arm-none-eabi/lib/thumb/v7-m/nofp\libc_nano.a(libc_a-exit.o)
                              C:/ST/STM32CubeIDE_1.15.1/STM32CubeIDE/plugins/com.st.stm32cube.ide.mcu.externaltools.gnu-tools-for-stm32.12.3.rel1.win32_1.0.100.202403111256/tools/bin/../lib/gcc/arm-none-eabi/12.3.1/../../../../arm-none-eabi/lib/thumb/v7-m/nofp/crt0.o (exit)
C:/ST/STM32CubeIDE_1.15.1/STM32CubeIDE/plugins/com.st.stm32cube.ide.mcu.externaltools.gnu-tools-for-stm32.12.3.rel1.win32_1.0.100.202403111256/tools/bin/../lib/gcc/arm-none-eabi/12.3.1/../../../../arm-none-eabi/lib/thumb/v7-m/nofp\libc_nano.a(libc_a-findfp.o)
                              C:/ST/STM32CubeIDE_1.15.1/STM32CubeIDE/plugins/com.st.stm32cube.ide.mcu.externaltools.gnu-tools-for-stm32.12.3.rel1.win32_1.0.100.202403111256/tools/bin/../lib/gcc/arm-none-eabi/12.3.1/../../../../arm-none-eabi/lib/thumb/v7-m/nofp\libc_nano.a(libc_a-exit.o) (__stdio_exit_handler)
C:/ST/STM32CubeIDE_1.15.1/STM32CubeIDE/plugins/com.st.stm32cube.ide.mcu.externaltools.gnu-tools-for-stm32.12.3.rel1.win32_1.0.100.202403111256/tools/bin/../lib/gcc/arm-none-eabi/12.3.1/../../../../arm-none-eabi/lib/thumb/v7-m/nofp\libc_nano.a(libc_a-fwalk.o)
                              C:/ST/STM32CubeIDE_1.15.1/STM32CubeIDE/plugins/com.st.stm32cube.ide.mcu.externaltools.gnu-tools-for-stm32.12.3.rel1.win32_1.0.100.202403111256/tools/bin/../lib/gcc/arm-none-eabi/12.3.1/../../../../arm-none-eabi/lib/thumb/v7-m/nofp\libc_nano.a(libc_a-findfp.o) (_fwalk_sglue)
C:/ST/STM32CubeIDE_1.15.1/STM32CubeIDE/plugins/com.st.stm32cube.ide.mcu.externaltools.gnu-tools-for-stm32.12.3.rel1.win32_1.0.100.202403111256/tools/bin/../lib/gcc/arm-none-eabi/12.3.1/../../../../arm-none-eabi/lib/thumb/v7-m/nofp\libc_nano.a(libc_a-stdio.o)
                              C:/ST/STM32CubeIDE_1.15.1/STM32CubeIDE/plugins/com.st.stm32cube.ide.mcu.externaltools.gnu-tools-for-stm32.12.3.rel1.win32_1.0.100.202403111256/tools/bin/../lib/gcc/arm-none-eabi/12.3.1/../../../../arm-none-eabi/lib/thumb/v7-m/nofp\libc_nano.a(libc_a-findfp.o) (__sread)
C:/ST/STM32CubeIDE_1.15.1/STM32CubeIDE/plugins/com.st.stm32cube.ide.mcu.externaltools.gnu-tools-for-stm32.12.3.rel1.win32_1.0.100.202403111256/tools/bin/../lib/gcc/arm-none-eabi/12.3.1/../../../../arm-none-eabi/lib/thumb/v7-m/nofp\libc_nano.a(libc_a-memset.o)
                              C:/ST/STM32CubeIDE_1.15.1/STM32CubeIDE/plugins/com.st.stm32cube.ide.mcu.externaltools.gnu-tools-for-stm32.12.3.rel1.win32_1.0.100.202403111256/tools/bin/../lib/gcc/arm-none-eabi/12.3.1/../../../../arm-none-eabi/lib/thumb/v7-m/nofp/crt0.o (memset)
C:/ST/STM32CubeIDE_1.15.1/STM32CubeIDE/plugins/com.st.stm32cube.ide.mcu.externaltools.gnu-tools-for-stm32.12.3.rel1.win32_1.0.100.202403111256/tools/bin/../lib/gcc/arm-none-eabi/12.3.1/../../../../arm-none-eabi/lib/thumb/v7-m/nofp\libc_nano.a(libc_a-closer.o)
                              C:/ST/STM32CubeIDE_1.15.1/STM32CubeIDE/plugins/com.st.stm32cube.ide.mcu.externaltools.gnu-tools-for-stm32.12.3.rel1.win32_1.0.100.202403111256/tools/bin/../lib/gcc/arm-none-eabi/12.3.1/../../../../arm-none-eabi/lib/thumb/v7-m/nofp\libc_nano.a(libc_a-stdio.o) (_close_r)
C:/ST/STM32CubeIDE_1.15.1/STM32CubeIDE/plugins/com.st.stm32cube.ide.mcu.externaltools.gnu-tools-for-stm32.12.3.rel1.win32_1.0.100.202403111256/tools/bin/../lib/gcc/arm-none-eabi/12.3.1/../../../../arm-none-eabi/lib/thumb/v7-m/nofp\libc_nano.a(libc_a-reent.o)
                              C:/ST/STM32CubeIDE_1.15.1/STM32CubeIDE/plugins/com.st.stm32cube.ide.mcu.externaltools.gnu-tools-for-stm32.12.3.rel1.win32_1.0.100.202403111256/tools/bin/../lib/gcc/arm-none-eabi/12.3.1/../../../../arm-none-eabi/lib/thumb/v7-m/nofp\libc_nano.a(libc_a-closer.o) (errno)
C:/ST/STM32CubeIDE_1.15.1/STM32CubeIDE/plugins/com.st.stm32cube.ide.mcu.externaltools.gnu-tools-for-stm32.12.3.rel1.win32_1.0.100.202403111256/tools/bin/../lib/gcc/arm-none-eabi/12.3.1/../../../../arm-none-eabi/lib/thumb/v7-m/nofp\libc_nano.a(libc_a-impure.o)
                              C:/ST/STM32CubeIDE_1.15.1/STM32CubeIDE/plugins/com.st.stm32cube.ide.mcu.externaltools.gnu-tools-for-stm32.12.3.rel1.win32_1.0.100.202403111256/tools/bin/../lib/gcc/arm-none-eabi/12.3.1/../../../../arm-none-eabi/lib/thumb/v7-m/nofp\libc_nano.a(libc_a-reent.o) (_impure_ptr)
C:/ST/STM32CubeIDE_1.15.1/STM32CubeIDE/plugins/com.st.stm32cube.ide.mcu.externaltools.gnu-tools-for-stm32.12.3.rel1.win32_1.0.100.202403111256/tools/bin/../lib/gcc/arm-none-eabi/12.3.1/../../../../arm-none-eabi/lib/thumb/v7-m/nofp\libc_nano.a(libc_a-lseekr.o)
[...]
Memory Configuration

Name             Origin             Length             Attributes
RAM              0x20000000         0x0000c000         xrw
FLASH            0x08000000         0x00040000         xr
*default*        0x00000000         0xffffffff

Linker script and memory map

LOAD C:/ST/STM32CubeIDE_1.15.1/STM32CubeIDE/plugins/com.st.stm32cube.ide.mcu.externaltools.gnu-tools-for-stm32.12.3.rel1.win32_1.0.100.202403111256/tools/bin/../lib/gcc/arm-none-eabi/12.3.1/thumb/v7-m/nofp/crti.o
LOAD C:/ST/STM32CubeIDE_1.15.1/STM32CubeIDE/plugins/com.st.stm32cube.ide.mcu.externaltools.gnu-tools-for-stm32.12.3.rel1.win32_1.0.100.202403111256/tools/bin/../lib/gcc/arm-none-eabi/12.3.1/thumb/v7-m/nofp/crtbegin.o
LOAD C:/ST/STM32CubeIDE_1.15.1/STM32CubeIDE/plugins/com.st.stm32cube.ide.mcu.externaltools.gnu-tools-for-stm32.12.3.rel1.win32_1.0.100.202403111256/tools/bin/../lib/gcc/arm-none-eabi/12.3.1/../../../../arm-none-eabi/lib/thumb/v7-m/nofp/crt0.o
LOAD ./BSP/bsp.o
LOAD ./BSP/bsp_beep.o
LOAD ./BSP/bsp_key.o
LOAD ./BSP/bsp_motor.o
LOAD ./BSP/bsp_uart.o
LOAD ./Core/Src/dma.o
LOAD ./Core/Src/gpio.o
LOAD ./Core/Src/main.o
LOAD ./Core/Src/stm32f1xx_hal_msp.o
LOAD ./Core/Src/stm32f1xx_it.o
LOAD ./Core/Src/syscalls.o
LOAD ./Core/Src/sysmem.o
LOAD ./Core/Src/system_stm32f1xx.o
LOAD ./Core/Src/tim.o
LOAD ./Core/Src/usart.o
LOAD ./Core/Startup/startup_stm32f103rctx.o
LOAD ./Drivers/STM32F1xx_HAL_Driver/Src/stm32f1xx_hal.o
LOAD ./Drivers/STM32F1xx_HAL_Driver/Src/stm32f1xx_hal_cortex.o
LOAD ./Drivers/STM32F1xx_HAL_Driver/Src/stm32f1xx_hal_dma.o
LOAD ./Drivers/STM32F1xx_HAL_Driver/Src/stm32f1xx_hal_exti.o
LOAD ./Drivers/STM32F1xx_HAL_Driver/Src/stm32f1xx_hal_flash.o
LOAD ./Drivers/STM32F1xx_HAL_Driver/Src/stm32f1xx_hal_flash_ex.o
LOAD ./Drivers/STM32F1xx_HAL_Driver/Src/stm32f1xx_hal_gpio.o
LOAD ./Drivers/STM32F1xx_HAL_Driver/Src/stm32f1xx_hal_gpio_ex.o
LOAD ./Drivers/STM32F1xx_HAL_Driver/Src/stm32f1xx_hal_pwr.o
LOAD ./Drivers/STM32F1xx_HAL_Driver/Src/stm32f1xx_hal_rcc.o
LOAD ./Drivers/STM32F1xx_HAL_Driver/Src/stm32f1xx_hal_rcc_ex.o
LOAD ./Drivers/STM32F1xx_HAL_Driver/Src/stm32f1xx_hal_tim.o
LOAD ./Drivers/STM32F1xx_HAL_Driver/Src/stm32f1xx_hal_tim_ex.o
LOAD ./Drivers/STM32F1xx_HAL_Driver/Src/stm32f1xx_hal_uart.o
START GROUP
LOAD C:/ST/STM32CubeIDE_1.15.1/STM32CubeIDE/plugins/com.st.stm32cube.ide.mcu.externaltools.gnu-tools-for-stm32.12.3.rel1.win32_1.0.100.202403111256/tools/bin/../lib/gcc/arm-none-eabi/12.3.1/../../../../arm-none-eabi/lib/thumb/v7-m/nofp\libc_nano.a
LOAD C:/ST/STM32CubeIDE_1.15.1/STM32CubeIDE/plugins/com.st.stm32cube.ide.mcu.externaltools.gnu-tools-for-stm32.12.3.rel1.win32_1.0.100.202403111256/tools/bin/../lib/gcc/arm-none-eabi/12.3.1/../../../../arm-none-eabi/lib/thumb/v7-m/nofp\libm.a
END GROUP
START GROUP
LOAD C:/ST/STM32CubeIDE_1.15.1/STM32CubeIDE/plugins/com.st.stm32cube.ide.mcu.externaltools.gnu-tools-for-stm32.12.3.rel1.win32_1.0.100.202403111256/tools/bin/../lib/gcc/arm-none-eabi/12.3.1/thumb/v7-m/nofp\libgcc.a
LOAD C:/ST/STM32CubeIDE_1.15.1/STM32CubeIDE/plugins/com.st.stm32cube.ide.mcu.externaltools.gnu-tools-for-stm32.12.3.rel1.win32_1.0.100.202403111256/tools/bin/../lib/gcc/arm-none-eabi/12.3.1/../../../../arm-none-eabi/lib/thumb/v7-m/nofp\libc_nano.a
END GROUP
START GROUP
LOAD C:/ST/STM32CubeIDE_1.15.1/STM32CubeIDE/plugins/com.st.stm32cube.ide.mcu.externaltools.gnu-tools-for-stm32.12.3.rel1.win32_1.0.100.202403111256/tools/bin/../lib/gcc/arm-none-eabi/12.3.1/thumb/v7-m/nofp\libgcc.a
LOAD C:/ST/STM32CubeIDE_1.15.1/STM32CubeIDE/plugins/com.st.stm32cube.ide.mcu.externaltools.gnu-tools-for-stm32.12.3.rel1.win32_1.0.100.202403111256/tools/bin/../lib/gcc/arm-none-eabi/12.3.1/../../../../arm-none-eabi/lib/thumb/v7-m/nofp\libc_nano.a
LOAD C:/ST/STM32CubeIDE_1.15.1/STM32CubeIDE/plugins/com.st.stm32cube.ide.mcu.externaltools.gnu-tools-for-stm32.12.3.rel1.win32_1.0.100.202403111256/tools/bin/../lib/gcc/arm-none-eabi/12.3.1/../../../../arm-none-eabi/lib/thumb/v7-m/nofp\libnosys.a
END GROUP
START GROUP
LOAD C:/ST/STM32CubeIDE_1.15.1/STM32CubeIDE/plugins/com.st.stm32cube.ide.mcu.externaltools.gnu-tools-for-stm32.12.3.rel1.win32_1.0.100.202403111256/tools/bin/../lib/gcc/arm-none-eabi/12.3.1/thumb/v7-m/nofp\libgcc.a
LOAD C:/ST/STM32CubeIDE_1.15.1/STM32CubeIDE/plugins/com.st.stm32cube.ide.mcu.externaltools.gnu-tools-for-stm32.12.3.rel1.win32_1.0.100.202403111256/tools/bin/../lib/gcc/arm-none-eabi/12.3.1/../../../../arm-none-eabi/lib/thumb/v7-m/nofp\libc_nano.a
LOAD C:/ST/STM32CubeIDE_1.15.1/STM32CubeIDE/plugins/com.st.stm32cube.ide.mcu.externaltools.gnu-tools-for-stm32.12.3.rel1.win32_1.0.100.202403111256/tools/bin/../lib/gcc/arm-none-eabi/12.3.1/../../../../arm-none-eabi/lib/thumb/v7-m/nofp\libnosys.a
END GROUP
LOAD C:/ST/STM32CubeIDE_1.15.1/STM32CubeIDE/plugins/com.st.stm32cube.ide.mcu.externaltools.gnu-tools-for-stm32.12.3.rel1.win32_1.0.100.202403111256/tools/bin/../lib/gcc/arm-none-eabi/12.3.1/thumb/v7-m/nofp/crtend.o
LOAD C:/ST/STM32CubeIDE_1.15.1/STM32CubeIDE/plugins/com.st.stm32cube.ide.mcu.externaltools.gnu-tools-for-stm32.12.3.rel1.win32_1.0.100.202403111256/tools/bin/../lib/gcc/arm-none-eabi/12.3.1/thumb/v7-m/nofp/crtn.o
                0x2000c000                        _estack = (ORIGIN (RAM) + LENGTH (RAM))
                0x00000200                        _Min_Heap_Size = 0x200
                0x00000400                        _Min_Stack_Size = 0x400

.isr_vector     0x08000000      0x1e4
                0x08000000                        . = ALIGN (0x4)
 *(.isr_vector)
 .isr_vector    0x08000000      0x1e4 ./Core/Startup/startup_stm32f103rctx.o
                0x08000000                g_pfnVectors
                0x080001e4                        . = ALIGN (0x4)

.text           0x080001e4     0x3c64
                0x080001e4                        . = ALIGN (0x4)
 *(.text)
 .text          0x080001e4       0x40 C:/ST/STM32CubeIDE_1.15.1/STM32CubeIDE/plugins/com.st.stm32cube.ide.mcu.externaltools.gnu-tools-for-stm32.12.3.rel1.win32_1.0.100.202403111256/tools/bin/../lib/gcc/arm-none-eabi/12.3.1/thumb/v7-m/nofp/crtbegin.o
 *(.text*)
 .text.Bsp_Init
                0x08000224       0x10 ./BSP/bsp.o
                0x08000224                Bsp_Init
 .text.Bsp_Loop
                0x08000234       0xb4 ./BSP/bsp.o
                0x08000234                Bsp_Loop
 .text.Motor_Ignore_Dead_Zone
                0x080002e8       0x3e ./BSP/bsp_motor.o
 *fill*         0x08000326        0x2 
 .text.Motor_Init
                0x08000328       0x50 ./BSP/bsp_motor.o
                0x08000328                Motor_Init
 .text.Motor_Stop
                0x08000378       0x98 ./BSP/bsp_motor.o
                0x08000378                Motor_Stop
 .text.Motor_Set_Pwm
                0x08000410      0x128 ./BSP/bsp_motor.o
                0x08000410                Motor_Set_Pwm
 .text.USART1_Init
                0x08000538       0x1c ./BSP/bsp_uart.o
                0x08000538                USART1_Init
 .text.USART1_Send_U8
                0x08000554       0x24 ./BSP/bsp_uart.o
                0x08000554                USART1_Send_U8
 .text.HAL_UART_RxCpltCallback
                0x08000578       0x2c ./BSP/bsp_uart.o
                0x08000578                HAL_UART_RxCpltCallback
 .text.MX_DMA_Init
                0x080005a4       0x3c ./Core/Src/dma.o
                0x080005a4                MX_DMA_Init
 .text.MX_GPIO_Init
                0x080005e0       0xcc ./Core/Src/gpio.o
                0x080005e0                MX_GPIO_Init
 .text.main     0x080006ac       0x2a ./Core/Src/main.o
                0x080006ac                main
 .text.SystemClock_Config
                0x080006d6       0x8a ./Core/Src/main.o
                0x080006d6                SystemClock_Config
 .text.Error_Handler
                0x08000760        0xc ./Core/Src/main.o
                0x08000760                Error_Handler
 .text.HAL_MspInit
                0x0800076c       0x64 ./Core/Src/stm32f1xx_hal_msp.o
                0x0800076c                HAL_MspInit
 .text.NMI_Handler
                0x080007d0        0x8 ./Core/Src/stm32f1xx_it.o
                0x080007d0                NMI_Handler
 .text.HardFault_Handler
                0x080007d8        0x8 ./Core/Src/stm32f1xx_it.o
                0x080007d8                HardFault_Handler
 .text.MemManage_Handler
                0x080007e0        0x8 ./Core/Src/stm32f1xx_it.o
                0x080007e0                MemManage_Handler
 .text.BusFault_Handler
                0x080007e8        0x8 ./Core/Src/stm32f1xx_it.o
                0x080007e8                BusFault_Handler
 .text.UsageFault_Handler
                0x080007f0        0x8 ./Core/Src/stm32f1xx_it.o
                0x080007f0                UsageFault_Handler
 .text.SVC_Handler
                0x080007f8        0xc ./Core/Src/stm32f1xx_it.o
                0x080007f8                SVC_Handler
 .text.DebugMon_Handler
                0x08000804        0xc ./Core/Src/stm32f1xx_it.o
                0x08000804                DebugMon_Handler
 .text.PendSV_Handler
                0x08000810        0xc ./Core/Src/stm32f1xx_it.o
                0x08000810                PendSV_Handler
 .text.SysTick_Handler
                0x0800081c        0xc ./Core/Src/stm32f1xx_it.o
                0x0800081c                SysTick_Handler
 .text.DMA1_Channel4_IRQHandler
                0x08000828       0x14 ./Core/Src/stm32f1xx_it.o
                0x08000828                DMA1_Channel4_IRQHandler
 .text.USART1_IRQHandler
                0x0800083c       0x14 ./Core/Src/stm32f1xx_it.o
                0x0800083c                USART1_IRQHandler
 .text.SystemInit
                0x08000850        0xc ./Core/Src/system_stm32f1xx.o
                0x08000850                SystemInit
 .text.MX_TIM1_Init
                0x0800085c      0x188 ./Core/Src/tim.o
                0x0800085c                MX_TIM1_Init
 .text.MX_TIM8_Init
                0x080009e4      0x188 ./Core/Src/tim.o
                0x080009e4                MX_TIM8_Init
 .text.HAL_TIM_Base_MspInit
                0x08000b6c       0x64 ./Core/Src/tim.o
                0x08000b6c                HAL_TIM_Base_MspInit
 .text.HAL_TIM_MspPostInit
                0x08000bd0      0x108 ./Core/Src/tim.o
                0x08000bd0                HAL_TIM_MspPostInit
 .text.MX_USART1_UART_Init
                0x08000cd8       0x54 ./Core/Src/usart.o
                0x08000cd8                MX_USART1_UART_Init
 .text.HAL_UART_MspInit
                0x08000d2c       0xfc ./Core/Src/usart.o
                0x08000d2c                HAL_UART_MspInit
 .text.Reset_Handler
                0x08000e28       0x48 ./Core/Startup/startup_stm32f103rctx.o
                0x08000e28                Reset_Handler
 .text.Default_Handler
                0x08000e70        0x2 ./Core/Startup/startup_stm32f103rctx.o
                0x08000e70                RTC_Alarm_IRQHandler
                0x08000e70                EXTI2_IRQHandler
                0x08000e70                TIM8_TRG_COM_IRQHandler
                0x08000e70                TIM8_CC_IRQHandler
                0x08000e70                TIM1_CC_IRQHandler
                0x08000e70                TIM6_IRQHandler
                0x08000e70                PVD_IRQHandler
                0x08000e70                SDIO_IRQHandler
                0x08000e70                EXTI3_IRQHandler
                0x08000e70                EXTI0_IRQHandler
                0x08000e70                I2C2_EV_IRQHandler
                0x08000e70                ADC1_2_IRQHandler
                0x08000e70                SPI1_IRQHandler
                0x08000e70                TAMPER_IRQHandler
                0x08000e70                TIM8_UP_IRQHandler
                0x08000e70                DMA2_Channel2_IRQHandler
                0x08000e70                USART3_IRQHandler
                0x08000e70                RTC_IRQHandler
                0x08000e70                DMA1_Channel7_IRQHandler
                0x08000e70                CAN1_RX1_IRQHandler
                0x08000e70                UART5_IRQHandler
                0x08000e70                ADC3_IRQHandler
                0x08000e70                TIM4_IRQHandler
                0x08000e70                DMA2_Channel1_IRQHandler
                0x08000e70                I2C1_EV_IRQHandler
                0x08000e70                DMA1_Channel6_IRQHandler
                0x08000e70                UART4_IRQHandler
                0x08000e70                TIM3_IRQHandler
                0x08000e70                RCC_IRQHandler
                0x08000e70                TIM1_TRG_COM_IRQHandler
                0x08000e70                DMA1_Channel1_IRQHandler
                0x08000e70                Default_Handler
                0x08000e70                EXTI15_10_IRQHandler
                0x08000e70                TIM7_IRQHandler
                0x08000e70                TIM5_IRQHandler
                0x08000e70                EXTI9_5_IRQHandler
                0x08000e70                SPI2_IRQHandler
                0x08000e70                DMA1_Channel5_IRQHandler
                0x08000e70                EXTI4_IRQHandler
                0x08000e70                USB_LP_CAN1_RX0_IRQHandler
                0x08000e70                USB_HP_CAN1_TX_IRQHandler
                0x08000e70                DMA1_Channel3_IRQHandler
                0x08000e70                FSMC_IRQHandler
                0x08000e70                TIM1_UP_IRQHandler
                0x08000e70                WWDG_IRQHandler
                0x08000e70                TIM2_IRQHandler
                0x08000e70                TIM1_BRK_IRQHandler
                0x08000e70                EXTI1_IRQHandler
                0x08000e70                DMA2_Channel4_5_IRQHandler
                0x08000e70                USART2_IRQHandler
                0x08000e70                I2C2_ER_IRQHandler
                0x08000e70                DMA1_Channel2_IRQHandler
                0x08000e70                TIM8_BRK_IRQHandler
                0x08000e70                CAN1_SCE_IRQHandler
                0x08000e70                FLASH_IRQHandler
                0x08000e70                SPI3_IRQHandler
                0x08000e70                I2C1_ER_IRQHandler
                0x08000e70                USBWakeUp_IRQHandler
                0x08000e70                DMA2_Channel3_IRQHandler
 *fill*         0x08000e72        0x2 
 .text.HAL_Init
                0x08000e74       0x2c ./Drivers/STM32F1xx_HAL_Driver/Src/stm32f1xx_hal.o
                0x08000e74                HAL_Init
 .text.HAL_InitTick
                0x08000ea0       0x60 ./Drivers/STM32F1xx_HAL_Driver/Src/stm32f1xx_hal.o
                0x08000ea0                HAL_InitTick
 .text.HAL_IncTick
                0x08000f00       0x24 ./Drivers/STM32F1xx_HAL_Driver/Src/stm32f1xx_hal.o
                0x08000f00                HAL_IncTick
 .text.HAL_GetTick
                0x08000f24       0x14 ./Drivers/STM32F1xx_HAL_Driver/Src/stm32f1xx_hal.o
                0x08000f24                HAL_GetTick
 .text.__NVIC_SetPriorityGrouping
                0x08000f38       0x48 ./Drivers/STM32F1xx_HAL_Driver/Src/stm32f1xx_hal_cortex.o
 .text.__NVIC_GetPriorityGrouping
                0x08000f80       0x1c ./Drivers/STM32F1xx_HAL_Driver/Src/stm32f1xx_hal_cortex.o
 .text.__NVIC_EnableIRQ
                0x08000f9c       0x38 ./Drivers/STM32F1xx_HAL_Driver/Src/stm32f1xx_hal_cortex.o
 .text.__NVIC_SetPriority
                0x08000fd4       0x54 ./Drivers/STM32F1xx_HAL_Driver/Src/stm32f1xx_hal_cortex.o
 .text.NVIC_EncodePriority
                0x08001028       0x64 ./Drivers/STM32F1xx_HAL_Driver/Src/stm32f1xx_hal_cortex.o
 .text.SysTick_Config
                0x0800108c       0x44 ./Drivers/STM32F1xx_HAL_Driver/Src/stm32f1xx_hal_cortex.o
 .text.HAL_NVIC_SetPriorityGrouping
                0x080010d0       0x16 ./Drivers/STM32F1xx_HAL_Driver/Src/stm32f1xx_hal_cortex.o
                0x080010d0                HAL_NVIC_SetPriorityGrouping
 .text.HAL_NVIC_SetPriority
                0x080010e6       0x38 ./Drivers/STM32F1xx_HAL_Driver/Src/stm32f1xx_hal_cortex.o
                0x080010e6                HAL_NVIC_SetPriority
 .text.HAL_NVIC_EnableIRQ
                0x0800111e       0x1c ./Drivers/STM32F1xx_HAL_Driver/Src/stm32f1xx_hal_cortex.o
                0x0800111e                HAL_NVIC_EnableIRQ
 .text.HAL_SYSTICK_Config
                0x0800113a       0x18 ./Drivers/STM32F1xx_HAL_Driver/Src/stm32f1xx_hal_cortex.o
                0x0800113a                HAL_SYSTICK_Config
 *fill*         0x08001152        0x2 
 .text.HAL_DMA_Init
                0x08001154       0xec ./Drivers/STM32F1xx_HAL_Driver/Src/stm32f1xx_hal_dma.o
                0x08001154                HAL_DMA_Init
 .text.HAL_DMA_Abort
                0x08001240       0x74 ./Drivers/STM32F1xx_HAL_Driver/Src/stm32f1xx_hal_dma.o
                0x08001240                HAL_DMA_Abort
 .text.HAL_DMA_Abort_IT
                0x080012b4      0x210 ./Drivers/STM32F1xx_HAL_Driver/Src/stm32f1xx_hal_dma.o
                0x080012b4                HAL_DMA_Abort_IT
 .text.HAL_DMA_IRQHandler
                0x080014c4      0x478 ./Drivers/STM32F1xx_HAL_Driver/Src/stm32f1xx_hal_dma.o
                0x080014c4                HAL_DMA_IRQHandler
 .text.HAL_GPIO_Init
                0x0800193c      0x328 ./Drivers/STM32F1xx_HAL_Driver/Src/stm32f1xx_hal_gpio.o
                0x0800193c                HAL_GPIO_Init
 .text.HAL_GPIO_WritePin
                0x08001c64       0x30 ./Drivers/STM32F1xx_HAL_Driver/Src/stm32f1xx_hal_gpio.o
                0x08001c64                HAL_GPIO_WritePin
 .text.HAL_RCC_OscConfig
                0x08001c94      0x504 ./Drivers/STM32F1xx_HAL_Driver/Src/stm32f1xx_hal_rcc.o
                0x08001c94                HAL_RCC_OscConfig
 .text.HAL_RCC_ClockConfig
                0x08002198      0x1d4 ./Drivers/STM32F1xx_HAL_Driver/Src/stm32f1xx_hal_rcc.o
                0x08002198                HAL_RCC_ClockConfig
 .text.HAL_RCC_GetSysClockFreq
                0x0800236c       0xbc ./Drivers/STM32F1xx_HAL_Driver/Src/stm32f1xx_hal_rcc.o
                0x0800236c                HAL_RCC_GetSysClockFreq
 .text.HAL_RCC_GetHCLKFreq
                0x08002428       0x14 ./Drivers/STM32F1xx_HAL_Driver/Src/stm32f1xx_hal_rcc.o
                0x08002428                HAL_RCC_GetHCLKFreq
 .text.HAL_RCC_GetPCLK1Freq
                0x0800243c       0x28 ./Drivers/STM32F1xx_HAL_Driver/Src/stm32f1xx_hal_rcc.o
                0x0800243c                HAL_RCC_GetPCLK1Freq
 .text.HAL_RCC_GetPCLK2Freq
                0x08002464       0x28 ./Drivers/STM32F1xx_HAL_Driver/Src/stm32f1xx_hal_rcc.o
                0x08002464                HAL_RCC_GetPCLK2Freq
 .text.RCC_Delay
                0x0800248c       0x3c ./Drivers/STM32F1xx_HAL_Driver/Src/stm32f1xx_hal_rcc.o
 .text.HAL_TIM_Base_Init
                0x080024c8       0x9e ./Drivers/STM32F1xx_HAL_Driver/Src/stm32f1xx_hal_tim.o
                0x080024c8                HAL_TIM_Base_Init
 .text.HAL_TIM_PWM_Init
                0x08002566       0x9e ./Drivers/STM32F1xx_HAL_Driver/Src/stm32f1xx_hal_tim.o
                0x08002566                HAL_TIM_PWM_Init
 .text.HAL_TIM_PWM_MspInit
                0x08002604       0x12 ./Drivers/STM32F1xx_HAL_Driver/Src/stm32f1xx_hal_tim.o
                0x08002604                HAL_TIM_PWM_MspInit
 *fill*         0x08002616        0x2 
 .text.HAL_TIM_PWM_Start
                0x08002618      0x174 ./Drivers/STM32F1xx_HAL_Driver/Src/stm32f1xx_hal_tim.o
                0x08002618                HAL_TIM_PWM_Start
 .text.HAL_TIM_PWM_ConfigChannel
                0x0800278c      0x17c ./Drivers/STM32F1xx_HAL_Driver/Src/stm32f1xx_hal_tim.o
                0x0800278c                HAL_TIM_PWM_ConfigChannel
 .text.HAL_TIM_ConfigClockSource
                0x08002908      0x188 ./Drivers/STM32F1xx_HAL_Driver/Src/stm32f1xx_hal_tim.o
                0x08002908                HAL_TIM_ConfigClockSource
 .text.TIM_Base_SetConfig
                0x08002a90       0xf4 ./Drivers/STM32F1xx_HAL_Driver/Src/stm32f1xx_hal_tim.o
                0x08002a90                TIM_Base_SetConfig
 .text.TIM_OC1_SetConfig
                0x08002b84       0xe0 ./Drivers/STM32F1xx_HAL_Driver/Src/stm32f1xx_hal_tim.o
 .text.TIM_OC2_SetConfig
                0x08002c64       0xe8 ./Drivers/STM32F1xx_HAL_Driver/Src/stm32f1xx_hal_tim.o
                0x08002c64                TIM_OC2_SetConfig
 .text.TIM_OC3_SetConfig
                0x08002d4c       0xe8 ./Drivers/STM32F1xx_HAL_Driver/Src/stm32f1xx_hal_tim.o
 .text.TIM_OC4_SetConfig
                0x08002e34       0xa8 ./Drivers/STM32F1xx_HAL_Driver/Src/stm32f1xx_hal_tim.o
 .text.TIM_TI1_ConfigInputStage
                0x08002edc       0x5c ./Drivers/STM32F1xx_HAL_Driver/Src/stm32f1xx_hal_tim.o
 .text.TIM_TI2_ConfigInputStage
                0x08002f38       0x5e ./Drivers/STM32F1xx_HAL_Driver/Src/stm32f1xx_hal_tim.o
 .text.TIM_ITRx_SetConfig
                0x08002f96       0x34 ./Drivers/STM32F1xx_HAL_Driver/Src/stm32f1xx_hal_tim.o
 .text.TIM_ETR_SetConfig
                0x08002fca       0x3e ./Drivers/STM32F1xx_HAL_Driver/Src/stm32f1xx_hal_tim.o
                0x08002fca                TIM_ETR_SetConfig
 .text.TIM_CCxChannelCmd
                0x08003008       0x48 ./Drivers/STM32F1xx_HAL_Driver/Src/stm32f1xx_hal_tim.o
                0x08003008                TIM_CCxChannelCmd
 .text.HAL_TIMEx_PWMN_Start
                0x08003050      0x158 ./Drivers/STM32F1xx_HAL_Driver/Src/stm32f1xx_hal_tim_ex.o
                0x08003050                HAL_TIMEx_PWMN_Start
 .text.HAL_TIMEx_MasterConfigSynchronization
                0x080031a8       0xd8 ./Drivers/STM32F1xx_HAL_Driver/Src/stm32f1xx_hal_tim_ex.o
                0x080031a8                HAL_TIMEx_MasterConfigSynchronization
 .text.HAL_TIMEx_ConfigBreakDeadTime
                0x08003280       0xa2 ./Drivers/STM32F1xx_HAL_Driver/Src/stm32f1xx_hal_tim_ex.o
                0x08003280                HAL_TIMEx_ConfigBreakDeadTime
 .text.TIM_CCxNChannelCmd
                0x08003322       0x48 ./Drivers/STM32F1xx_HAL_Driver/Src/stm32f1xx_hal_tim_ex.o
 .text.HAL_UART_Init
                0x0800336a       0x9a ./Drivers/STM32F1xx_HAL_Driver/Src/stm32f1xx_hal_uart.o
                0x0800336a                HAL_UART_Init
 .text.HAL_UART_Transmit
                0x08003404      0x124 ./Drivers/STM32F1xx_HAL_Driver/Src/stm32f1xx_hal_uart.o
                0x08003404                HAL_UART_Transmit
 .text.HAL_UART_Receive_IT
                0x08003528       0x60 ./Drivers/STM32F1xx_HAL_Driver/Src/stm32f1xx_hal_uart.o
                0x08003528                HAL_UART_Receive_IT
 .text.HAL_UART_IRQHandler
                0x08003588      0x354 ./Drivers/STM32F1xx_HAL_Driver/Src/stm32f1xx_hal_uart.o
                0x08003588                HAL_UART_IRQHandler
 .text.HAL_UART_TxCpltCallback
                0x080038dc       0x12 ./Drivers/STM32F1xx_HAL_Driver/Src/stm32f1xx_hal_uart.o
                0x080038dc                HAL_UART_TxCpltCallback
 .text.HAL_UART_ErrorCallback
                0x080038ee       0x12 ./Drivers/STM32F1xx_HAL_Driver/Src/stm32f1xx_hal_uart.o
                0x080038ee                HAL_UART_ErrorCallback
 .text.HAL_UARTEx_RxEventCallback
                0x08003900       0x16 ./Drivers/STM32F1xx_HAL_Driver/Src/stm32f1xx_hal_uart.o
                0x08003900                HAL_UARTEx_RxEventCallback
 .text.UART_WaitOnFlagUntilTimeout
                0x08003916       0x94 ./Drivers/STM32F1xx_HAL_Driver/Src/stm32f1xx_hal_uart.o
 .text.UART_Start_Receive_IT
                0x080039aa       0x72 ./Drivers/STM32F1xx_HAL_Driver/Src/stm32f1xx_hal_uart.o
                0x080039aa                UART_Start_Receive_IT
 .text.UART_EndRxTransfer
                0x08003a1c       0x58 ./Drivers/STM32F1xx_HAL_Driver/Src/stm32f1xx_hal_uart.o
 .text.UART_DMAAbortOnError
                0x08003a74       0x28 ./Drivers/STM32F1xx_HAL_Driver/Src/stm32f1xx_hal_uart.o
 .text.UART_Transmit_IT
                0x08003a9c       0x9e ./Drivers/STM32F1xx_HAL_Driver/Src/stm32f1xx_hal_uart.o
 .text.UART_EndTransmit_IT
                0x08003b3a       0x30 ./Drivers/STM32F1xx_HAL_Driver/Src/stm32f1xx_hal_uart.o
 .text.UART_Receive_IT
                0x08003b6a      0x152 ./Drivers/STM32F1xx_HAL_Driver/Src/stm32f1xx_hal_uart.o
 .text.UART_SetConfig
                0x08003cbc      0x11c ./Drivers/STM32F1xx_HAL_Driver/Src/stm32f1xx_hal_uart.o
 .text.memset   0x08003dd8       0x10 C:/ST/STM32CubeIDE_1.15.1/STM32CubeIDE/plugins/com.st.stm32cube.ide.mcu.externaltools.gnu-tools-for-stm32.12.3.rel1.win32_1.0.100.202403111256/tools/bin/../lib/gcc/arm-none-eabi/12.3.1/../../../../arm-none-eabi/lib/thumb/v7-m/nofp\libc_nano.a(libc_a-memset.o)
                0x08003dd8                memset
 .text.__libc_init_array
                0x08003de8       0x48 C:/ST/STM32CubeIDE_1.15.1/STM32CubeIDE/plugins/com.st.stm32cube.ide.mcu.externaltools.gnu-tools-for-stm32.12.3.rel1.win32_1.0.100.202403111256/tools/bin/../lib/gcc/arm-none-eabi/12.3.1/../../../../arm-none-eabi/lib/thumb/v7-m/nofp\libc_nano.a(libc_a-init.o)
                0x08003de8                __libc_init_array
 *(.glue_7)
 .glue_7        0x08003e30        0x0 linker stubs
 *(.glue_7t)
 .glue_7t       0x08003e30        0x0 linker stubs
 *(.eh_frame)
 .eh_frame      0x08003e30        0x0 C:/ST/STM32CubeIDE_1.15.1/STM32CubeIDE/plugins/com.st.stm32cube.ide.mcu.externaltools.gnu-tools-for-stm32.12.3.rel1.win32_1.0.100.202403111256/tools/bin/../lib/gcc/arm-none-eabi/12.3.1/thumb/v7-m/nofp/crtbegin.o
 *(.init)
 .init          0x08003e30        0x4 C:/ST/STM32CubeIDE_1.15.1/STM32CubeIDE/plugins/com.st.stm32cube.ide.mcu.externaltools.gnu-tools-for-stm32.12.3.rel1.win32_1.0.100.202403111256/tools/bin/../lib/gcc/arm-none-eabi/12.3.1/thumb/v7-m/nofp/crti.o
                0x08003e30                _init
 .init          0x08003e34        0x8 C:/ST/STM32CubeIDE_1.15.1/STM32CubeIDE/plugins/com.st.stm32cube.ide.mcu.externaltools.gnu-tools-for-stm32.12.3.rel1.win32_1.0.100.202403111256/tools/bin/../lib/gcc/arm-none-eabi/12.3.1/thumb/v7-m/nofp/crtn.o
 *(.fini)
 .fini          0x08003e3c        0x4 C:/ST/STM32CubeIDE_1.15.1/STM32CubeIDE/plugins/com.st.stm32cube.ide.mcu.externaltools.gnu-tools-for-stm32.12.3.rel1.win32_1.0.100.202403111256/tools/bin/../lib/gcc/arm-none-eabi/12.3.1/thumb/v7-m/nofp/crti.o
                0x08003e3c                _fini
 .fini          0x08003e40        0x8 C:/ST/STM32CubeIDE_1.15.1/STM32CubeIDE/plugins/com.st.stm32cube.ide.mcu.externaltools.gnu-tools-for-stm32.12.3.rel1.win32_1.0.100.202403111256/tools/bin/../lib/gcc/arm-none-eabi/12.3.1/thumb/v7-m/nofp/crtn.o
                0x08003e48                        . = ALIGN (0x4)
                0x08003e48                        _etext = .

.vfp11_veneer   0x08003e48        0x0
 .vfp11_veneer  0x08003e48        0x0 linker stubs

.v4_bx          0x08003e48        0x0
 .v4_bx         0x08003e48        0x0 linker stubs

.iplt           0x08003e48        0x0
 .iplt          0x08003e48        0x0 C:/ST/STM32CubeIDE_1.15.1/STM32CubeIDE/plugins/com.st.stm32cube.ide.mcu.externaltools.gnu-tools-for-stm32.12.3.rel1.win32_1.0.100.202403111256/tools/bin/../lib/gcc/arm-none-eabi/12.3.1/thumb/v7-m/nofp/crtbegin.o

.rodata         0x08003e48       0x28
                0x08003e48                        . = ALIGN (0x4)
 *(.rodata)
 .rodata        0x08003e48       0x10 ./Drivers/STM32F1xx_HAL_Driver/Src/stm32f1xx_hal_rcc.o
 *(.rodata*)
 .rodata.AHBPrescTable
                0x08003e58       0x10 ./Core/Src/system_stm32f1xx.o
                0x08003e58                AHBPrescTable
 .rodata.APBPrescTable
                0x08003e68        0x8 ./Core/Src/system_stm32f1xx.o
                0x08003e68                APBPrescTable
                0x08003e70                        . = ALIGN (0x4)

.rel.dyn        0x08003e70        0x0
 .rel.iplt      0x08003e70        0x0 C:/ST/STM32CubeIDE_1.15.1/STM32CubeIDE/plugins/com.st.stm32cube.ide.mcu.externaltools.gnu-tools-for-stm32.12.3.rel1.win32_1.0.100.202403111256/tools/bin/../lib/gcc/arm-none-eabi/12.3.1/thumb/v7-m/nofp/crtbegin.o

.ARM.extab      0x08003e70        0x0
                0x08003e70                        . = ALIGN (0x4)
 *(.ARM.extab* .gnu.linkonce.armextab.*)
                0x08003e70                        . = ALIGN (0x4)

.ARM            0x08003e70        0x0
                0x08003e70                        . = ALIGN (0x4)
                0x08003e70                        __exidx_start = .
 *(.ARM.exidx*)
                0x08003e70                        __exidx_end = .
                0x08003e70                        . = ALIGN (0x4)

.preinit_array  0x08003e70        0x0
                0x08003e70                        . = ALIGN (0x4)
                0x08003e70                        PROVIDE (__preinit_array_start = .)
 *(.preinit_array*)
                0x08003e70                        PROVIDE (__preinit_array_end = .)
                0x08003e70                        . = ALIGN (0x4)

.init_array     0x08003e70        0x4
                0x08003e70                        . = ALIGN (0x4)
                0x08003e70                        PROVIDE (__init_array_start = .)
 *(SORT_BY_NAME(.init_array.*))
 *(.init_array*)
 .init_array    0x08003e70        0x4 C:/ST/STM32CubeIDE_1.15.1/STM32CubeIDE/plugins/com.st.stm32cube.ide.mcu.externaltools.gnu-tools-for-stm32.12.3.rel1.win32_1.0.100.202403111256/tools/bin/../lib/gcc/arm-none-eabi/12.3.1/thumb/v7-m/nofp/crtbegin.o
                0x08003e74                        PROVIDE (__init_array_end = .)
                0x08003e74                        . = ALIGN (0x4)

.fini_array     0x08003e74        0x4
                0x08003e74                        . = ALIGN (0x4)
                [!provide]                        PROVIDE (__fini_array_start = .)
 *(SORT_BY_NAME(.fini_array.*))
 *(.fini_array*)
 .fini_array    0x08003e74        0x4 C:/ST/STM32CubeIDE_1.15.1/STM32CubeIDE/plugins/com.st.stm32cube.ide.mcu.externaltools.gnu-tools-for-stm32.12.3.rel1.win32_1.0.100.202403111256/tools/bin/../lib/gcc/arm-none-eabi/12.3.1/thumb/v7-m/nofp/crtbegin.o
                [!provide]                        PROVIDE (__fini_array_end = .)
                0x08003e78                        . = ALIGN (0x4)
                0x08003e78                        _sidata = LOADADDR (.data)

.data           0x20000000        0xc load address 0x08003e78
                0x20000000                        . = ALIGN (0x4)
                0x20000000                        _sdata = .
 *(.data)
 *(.data*)
 .data.SystemCoreClock
                0x20000000        0x4 ./Core/Src/system_stm32f1xx.o
                0x20000000                SystemCoreClock
 .data.uwTickPrio
                0x20000004        0x4 ./Drivers/STM32F1xx_HAL_Driver/Src/stm32f1xx_hal.o
                0x20000004                uwTickPrio
 .data.uwTickFreq
                0x20000008        0x1 ./Drivers/STM32F1xx_HAL_Driver/Src/stm32f1xx_hal.o
                0x20000008                uwTickFreq
 *(.RamFunc)
 *(.RamFunc*)
                0x2000000c                        . = ALIGN (0x4)
 *fill*         0x20000009        0x3 
                0x2000000c                        _edata = .

.igot.plt       0x2000000c        0x0 load address 0x08003e84
 .igot.plt      0x2000000c        0x0 C:/ST/STM32CubeIDE_1.15.1/STM32CubeIDE/plugins/com.st.stm32cube.ide.mcu.externaltools.gnu-tools-for-stm32.12.3.rel1.win32_1.0.100.202403111256/tools/bin/../lib/gcc/arm-none-eabi/12.3.1/thumb/v7-m/nofp/crtbegin.o
                0x2000000c                        . = ALIGN (0x4)

.bss            0x2000000c      0x13c load address 0x08003e84
                0x2000000c                        _sbss = .
                0x2000000c                        __bss_start__ = _sbss
 *(.bss)
 .bss           0x2000000c       0x1c C:/ST/STM32CubeIDE_1.15.1/STM32CubeIDE/plugins/com.st.stm32cube.ide.mcu.externaltools.gnu-tools-for-stm32.12.3.rel1.win32_1.0.100.202403111256/tools/bin/../lib/gcc/arm-none-eabi/12.3.1/thumb/v7-m/nofp/crtbegin.o
 *(.bss*)
 .bss.RxTemp    0x20000028        0x1 ./BSP/bsp_uart.o
                0x20000028                RxTemp
 *fill*         0x20000029        0x3 
 .bss.htim1     0x2000002c       0x48 ./Core/Src/tim.o
                0x2000002c                htim1
 .bss.htim8     0x20000074       0x48 ./Core/Src/tim.o
                0x20000074                htim8
 .bss.huart1    0x200000bc       0x44 ./Core/Src/usart.o
                0x200000bc                huart1
 .bss.hdma_usart1_tx
                0x20000100       0x44 ./Core/Src/usart.o
                0x20000100                hdma_usart1_tx
 .bss.uwTick    0x20000144        0x4 ./Drivers/STM32F1xx_HAL_Driver/Src/stm32f1xx_hal.o
                0x20000144                uwTick
 *(COMMON)
                0x20000148                        . = ALIGN (0x4)
                0x20000148                        _ebss = .
                0x20000148                        __bss_end__ = _ebss

._user_heap_stack
                0x20000148      0x600 load address 0x08003e84
                0x20000148                        . = ALIGN (0x8)
                [!provide]                        PROVIDE (end = .)
                0x20000148                        PROVIDE (_end = .)
                0x20000348                        . = (. + _Min_Heap_Size)
 *fill*         0x20000148      0x200 
                0x20000748                        . = (. + _Min_Stack_Size)
 *fill*         0x20000348      0x400 
                0x20000748                        . = ALIGN (0x8)

/DISCARD/
 libc.a(*)
 libm.a(*)
 libgcc.a(*)

.ARM.attributes
                0x00000000       0x29
 *(.ARM.attributes)
 .ARM.attributes
                0x00000000       0x1d C:/ST/STM32CubeIDE_1.15.1/STM32CubeIDE/plugins/com.st.stm32cube.ide.mcu.externaltools.gnu-tools-for-stm32.12.3.rel1.win32_1.0.100.202403111256/tools/bin/../lib/gcc/arm-none-eabi/12.3.1/thumb/v7-m/nofp/crti.o
 .ARM.attributes
                0x0000001d       0x2d C:/ST/STM32CubeIDE_1.15.1/STM32CubeIDE/plugins/com.st.stm32cube.ide.mcu.externaltools.gnu-tools-for-stm32.12.3.rel1.win32_1.0.100.202403111256/tools/bin/../lib/gcc/arm-none-eabi/12.3.1/thumb/v7-m/nofp/crtbegin.o
 .ARM.attributes
                0x0000004a       0x2d ./BSP/bsp.o
 .ARM.attributes
                0x00000077       0x2d ./BSP/bsp_motor.o
 .ARM.attributes
                0x000000a4       0x2d ./BSP/bsp_uart.o
 .ARM.attributes
                0x000000d1       0x2d ./Core/Src/dma.o
 .ARM.attributes
                0x000000fe       0x2d ./Core/Src/gpio.o
 .ARM.attributes
                0x0000012b       0x2d ./Core/Src/main.o
 .ARM.attributes
                0x00000158       0x2d ./Core/Src/stm32f1xx_hal_msp.o
 .ARM.attributes
                0x00000185       0x2d ./Core/Src/stm32f1xx_it.o
 .ARM.attributes
                0x000001b2       0x2d ./Core/Src/system_stm32f1xx.o
 .ARM.attributes
                0x000001df       0x2d ./Core/Src/tim.o
 .ARM.attributes
                0x0000020c       0x2d ./Core/Src/usart.o
 .ARM.attributes
                0x00000239       0x21 ./Core/Startup/startup_stm32f103rctx.o
 .ARM.attributes
                0x0000025a       0x2d ./Drivers/STM32F1xx_HAL_Driver/Src/stm32f1xx_hal.o
 .ARM.attributes
                0x00000287       0x2d ./Drivers/STM32F1xx_HAL_Driver/Src/stm32f1xx_hal_cortex.o
 .ARM.attributes
                0x000002b4       0x2d ./Drivers/STM32F1xx_HAL_Driver/Src/stm32f1xx_hal_dma.o
 .ARM.attributes
                0x000002e1       0x2d ./Drivers/STM32F1xx_HAL_Driver/Src/stm32f1xx_hal_gpio.o
 .ARM.attributes
                0x0000030e       0x2d ./Drivers/STM32F1xx_HAL_Driver/Src/stm32f1xx_hal_rcc.o
 .ARM.attributes
                0x0000033b       0x2d ./Drivers/STM32F1xx_HAL_Driver/Src/stm32f1xx_hal_tim.o
 .ARM.attributes
                0x00000368       0x2d ./Drivers/STM32F1xx_HAL_Driver/Src/stm32f1xx_hal_tim_ex.o
 .ARM.attributes
                0x00000395       0x2d ./Drivers/STM32F1xx_HAL_Driver/Src/stm32f1xx_hal_uart.o
 .ARM.attributes
                0x000003c2       0x2d C:/ST/STM32CubeIDE_1.15.1/STM32CubeIDE/plugins/com.st.stm32cube.ide.mcu.externaltools.gnu-tools-for-stm32.12.3.rel1.win32_1.0.100.202403111256/tools/bin/../lib/gcc/arm-none-eabi/12.3.1/../../../../arm-none-eabi/lib/thumb/v7-m/nofp\libc_nano.a(libc_a-memset.o)
 .ARM.attributes
                0x000003ef       0x2d C:/ST/STM32CubeIDE_1.15.1/STM32CubeIDE/plugins/com.st.stm32cube.ide.mcu.externaltools.gnu-tools-for-stm32.12.3.rel1.win32_1.0.100.202403111256/tools/bin/../lib/gcc/arm-none-eabi/12.3.1/../../../../arm-none-eabi/lib/thumb/v7-m/nofp\libc_nano.a(libc_a-init.o)
 .ARM.attributes
                0x0000041c       0x1d C:/ST/STM32CubeIDE_1.15.1/STM32CubeIDE/plugins/com.st.stm32cube.ide.mcu.externaltools.gnu-tools-for-stm32.12.3.rel1.win32_1.0.100.202403111256/tools/bin/../lib/gcc/arm-none-eabi/12.3.1/thumb/v7-m/nofp/crtn.o
OUTPUT(Motor.elf elf32-littlearm)
LOAD linker stubs
LOAD C:/ST/STM32CubeIDE_1.15.1/STM32CubeIDE/plugins/com.st.stm32cube.ide.mcu.externaltools.gnu-tools-for-stm32.12.3.rel1.win32_1.0.100.202403111256/tools/bin/../lib/gcc/arm-none-eabi/12.3.1/../../../../arm-none-eabi/lib/thumb/v7-m/nofp\libc.a
LOAD C:/ST/STM32CubeIDE_1.15.1/STM32CubeIDE/plugins/com.st.stm32cube.ide.mcu.externaltools.gnu-tools-for-stm32.12.3.rel1.win32_1.0.100.202403111256/tools/bin/../lib/gcc/arm-none-eabi/12.3.1/../../../../arm-none-eabi/lib/thumb/v7-m/nofp\libm.a
LOAD C:/ST/STM32CubeIDE_1.15.1/STM32CubeIDE/plugins/com.st.stm32cube.ide.mcu.externaltools.gnu-tools-for-stm32.12.3.rel1.win32_1.0.100.202403111256/tools/bin/../lib/gcc/arm-none-eabi/12.3.1/thumb/v7-m/nofp\libgcc.a

.debug_info     0x00000000     0xb397
 .debug_info    0x00000000      0x68b ./BSP/bsp.o
 .debug_info    0x0000068b      0x752 ./BSP/bsp_motor.o
 .debug_info    0x00000ddd      0x65d ./BSP/bsp_uart.o
 .debug_info    0x0000143a      0x335 ./Core/Src/dma.o
 .debug_info    0x0000176f      0x2d3 ./Core/Src/gpio.o
 .debug_info    0x00001a42      0x2bb ./Core/Src/main.o
 .debug_info    0x00001cfd      0x1f1 ./Core/Src/stm32f1xx_hal_msp.o
 .debug_info    0x00001eee      0x5e9 ./Core/Src/stm32f1xx_it.o
 .debug_info    0x000024d7      0x222 ./Core/Src/system_stm32f1xx.o
 .debug_info    0x000026f9      0xc09 ./Core/Src/tim.o
 .debug_info    0x00003302      0x9a0 ./Core/Src/usart.o
 .debug_info    0x00003ca2       0x30 ./Core/Startup/startup_stm32f103rctx.o
 .debug_info    0x00003cd2      0x76a ./Drivers/STM32F1xx_HAL_Driver/Src/stm32f1xx_hal.o
 .debug_info    0x0000443c      0xaed ./Drivers/STM32F1xx_HAL_Driver/Src/stm32f1xx_hal_cortex.o
 .debug_info    0x00004f29      0x6cd ./Drivers/STM32F1xx_HAL_Driver/Src/stm32f1xx_hal_dma.o
 .debug_info    0x000055f6      0x5ab ./Drivers/STM32F1xx_HAL_Driver/Src/stm32f1xx_hal_gpio.o
 .debug_info    0x00005ba1      0x7e9 ./Drivers/STM32F1xx_HAL_Driver/Src/stm32f1xx_hal_rcc.o
 .debug_info    0x0000638a     0x2789 ./Drivers/STM32F1xx_HAL_Driver/Src/stm32f1xx_hal_tim.o
 .debug_info    0x00008b13     0x13f1 ./Drivers/STM32F1xx_HAL_Driver/Src/stm32f1xx_hal_tim_ex.o
 .debug_info    0x00009f04     0x1493 ./Drivers/STM32F1xx_HAL_Driver/Src/stm32f1xx_hal_uart.o

.debug_abbrev   0x00000000     0x2443
 .debug_abbrev  0x00000000      0x1b5 ./BSP/bsp.o
 .debug_abbrev  0x000001b5      0x1fe ./BSP/bsp_motor.o
 .debug_abbrev  0x000003b3      0x1b4 ./BSP/bsp_uart.o
 .debug_abbrev  0x00000567       0xfc ./Core/Src/dma.o
 .debug_abbrev  0x00000663      0x13f ./Core/Src/gpio.o
 .debug_abbrev  0x000007a2      0x172 ./Core/Src/main.o
 .debug_abbrev  0x00000914       0xdb ./Core/Src/stm32f1xx_hal_msp.o
 .debug_abbrev  0x000009ef      0x171 ./Core/Src/stm32f1xx_it.o
 .debug_abbrev  0x00000b60      0x13f ./Core/Src/system_stm32f1xx.o
 .debug_abbrev  0x00000c9f      0x277 ./Core/Src/tim.o
 .debug_abbrev  0x00000f16      0x212 ./Core/Src/usart.o
 .debug_abbrev  0x00001128       0x24 ./Core/Startup/startup_stm32f103rctx.o
 .debug_abbrev  0x0000114c      0x201 ./Drivers/STM32F1xx_HAL_Driver/Src/stm32f1xx_hal.o
 .debug_abbrev  0x0000134d      0x2f8 ./Drivers/STM32F1xx_HAL_Driver/Src/stm32f1xx_hal_cortex.o
 .debug_abbrev  0x00001645      0x20b ./Drivers/STM32F1xx_HAL_Driver/Src/stm32f1xx_hal_dma.o
 .debug_abbrev  0x00001850      0x1ca ./Drivers/STM32F1xx_HAL_Driver/Src/stm32f1xx_hal_gpio.o
 .debug_abbrev  0x00001a1a      0x2b1 ./Drivers/STM32F1xx_HAL_Driver/Src/stm32f1xx_hal_rcc.o
 .debug_abbrev  0x00001ccb      0x270 ./Drivers/STM32F1xx_HAL_Driver/Src/stm32f1xx_hal_tim.o
 .debug_abbrev  0x00001f3b      0x27b ./Drivers/STM32F1xx_HAL_Driver/Src/stm32f1xx_hal_tim_ex.o
 .debug_abbrev  0x000021b6      0x28d ./Drivers/STM32F1xx_HAL_Driver/Src/stm32f1xx_hal_uart.o

.debug_aranges  0x00000000      0xce8
 .debug_aranges
                0x00000000       0x30 ./BSP/bsp.o
 .debug_aranges
                0x00000030       0x38 ./BSP/bsp_motor.o
 .debug_aranges
                0x00000068       0x40 ./BSP/bsp_uart.o
 .debug_aranges
                0x000000a8       0x20 ./Core/Src/dma.o
 .debug_aranges
                0x000000c8       0x20 ./Core/Src/gpio.o
 .debug_aranges
                0x000000e8       0x30 ./Core/Src/main.o
 .debug_aranges
                0x00000118       0x20 ./Core/Src/stm32f1xx_hal_msp.o
 .debug_aranges
                0x00000138       0x70 ./Core/Src/stm32f1xx_it.o
 .debug_aranges
                0x000001a8       0x28 ./Core/Src/system_stm32f1xx.o
 .debug_aranges
                0x000001d0       0x40 ./Core/Src/tim.o
 .debug_aranges
                0x00000210       0x30 ./Core/Src/usart.o
 .debug_aranges
                0x00000240       0x28 ./Core/Startup/startup_stm32f103rctx.o
 .debug_aranges
                0x00000268       0xe0 ./Drivers/STM32F1xx_HAL_Driver/Src/stm32f1xx_hal.o
 .debug_aranges
                0x00000348      0x100 ./Drivers/STM32F1xx_HAL_Driver/Src/stm32f1xx_hal_cortex.o
 .debug_aranges
                0x00000448       0x80 ./Drivers/STM32F1xx_HAL_Driver/Src/stm32f1xx_hal_dma.o
 .debug_aranges
                0x000004c8       0x58 ./Drivers/STM32F1xx_HAL_Driver/Src/stm32f1xx_hal_gpio.o
 .debug_aranges
                0x00000520       0x90 ./Drivers/STM32F1xx_HAL_Driver/Src/stm32f1xx_hal_rcc.o
 .debug_aranges
                0x000005b0      0x3d0 ./Drivers/STM32F1xx_HAL_Driver/Src/stm32f1xx_hal_tim.o
 .debug_aranges
                0x00000980      0x168 ./Drivers/STM32F1xx_HAL_Driver/Src/stm32f1xx_hal_tim_ex.o
 .debug_aranges
                0x00000ae8      0x200 ./Drivers/STM32F1xx_HAL_Driver/Src/stm32f1xx_hal_uart.o

.debug_rnglists
                0x00000000      0x9fc
 .debug_rnglists
                0x00000000       0x20 ./BSP/bsp.o
 .debug_rnglists
                0x00000020       0x27 ./BSP/bsp_motor.o
 .debug_rnglists
                0x00000047       0x2b ./BSP/bsp_uart.o
 .debug_rnglists
                0x00000072       0x13 ./Core/Src/dma.o
 .debug_rnglists
                0x00000085       0x14 ./Core/Src/gpio.o
 .debug_rnglists
                0x00000099       0x20 ./Core/Src/main.o
 .debug_rnglists
                0x000000b9       0x13 ./Core/Src/stm32f1xx_hal_msp.o
 .debug_rnglists
                0x000000cc       0x4f ./Core/Src/stm32f1xx_it.o
 .debug_rnglists
                0x0000011b       0x1a ./Core/Src/system_stm32f1xx.o
 .debug_rnglists
                0x00000135       0x2e ./Core/Src/tim.o
 .debug_rnglists
                0x00000163       0x20 ./Core/Src/usart.o
 .debug_rnglists
                0x00000183       0x19 ./Core/Startup/startup_stm32f103rctx.o
 .debug_rnglists
                0x0000019c       0xa3 ./Drivers/STM32F1xx_HAL_Driver/Src/stm32f1xx_hal.o
 .debug_rnglists
                0x0000023f       0xbb ./Drivers/STM32F1xx_HAL_Driver/Src/stm32f1xx_hal_cortex.o
 .debug_rnglists
                0x000002fa       0x64 ./Drivers/STM32F1xx_HAL_Driver/Src/stm32f1xx_hal_dma.o
 .debug_rnglists
                0x0000035e       0x3f ./Drivers/STM32F1xx_HAL_Driver/Src/stm32f1xx_hal_gpio.o
 .debug_rnglists
                0x0000039d       0x6c ./Drivers/STM32F1xx_HAL_Driver/Src/stm32f1xx_hal_rcc.o
 .debug_rnglists
                0x00000409      0x31a ./Drivers/STM32F1xx_HAL_Driver/Src/stm32f1xx_hal_tim.o
 .debug_rnglists
                0x00000723      0x125 ./Drivers/STM32F1xx_HAL_Driver/Src/stm32f1xx_hal_tim_ex.o
 .debug_rnglists
                0x00000848      0x1b4 ./Drivers/STM32F1xx_HAL_Driver/Src/stm32f1xx_hal_uart.o

.debug_macro    0x00000000    0x1a6f1
 .debug_macro   0x00000000      0x2e4 ./BSP/bsp.o
 .debug_macro   0x000002e4      0xaa8 ./BSP/bsp.o
 .debug_macro   0x00000d8c      0x221 ./BSP/bsp.o
 .debug_macro   0x00000fad       0x2e ./BSP/bsp.o
 .debug_macro   0x00000fdb       0x22 ./BSP/bsp.o
 .debug_macro   0x00000ffd       0x22 ./BSP/bsp.o
 .debug_macro   0x0000101f       0x8e ./BSP/bsp.o
 .debug_macro   0x000010ad       0x51 ./BSP/bsp.o
 .debug_macro   0x000010fe      0x103 ./BSP/bsp.o
 .debug_macro   0x00001201       0x6a ./BSP/bsp.o
 .debug_macro   0x0000126b      0x1df ./BSP/bsp.o
 .debug_macro   0x0000144a       0x1c ./BSP/bsp.o
 .debug_macro   0x00001466       0x22 ./BSP/bsp.o
 .debug_macro   0x00001488       0xbd ./BSP/bsp.o
 .debug_macro   0x00001545      0xd23 ./BSP/bsp.o
 .debug_macro   0x00002268     0xfd8c ./BSP/bsp.o
 .debug_macro   0x00011ff4       0x6d ./BSP/bsp.o
 .debug_macro   0x00012061     0x3468 ./BSP/bsp.o
 .debug_macro   0x000154c9      0x189 ./BSP/bsp.o
 .debug_macro   0x00015652       0x5c ./BSP/bsp.o
 .debug_macro   0x000156ae      0x5be ./BSP/bsp.o
 .debug_macro   0x00015c6c      0x4d5 ./BSP/bsp.o
 .debug_macro   0x00016141      0x1cb ./BSP/bsp.o
 .debug_macro   0x0001630c      0x114 ./BSP/bsp.o
 .debug_macro   0x00016420      0x1ea ./BSP/bsp.o
 .debug_macro   0x0001660a       0x27 ./BSP/bsp.o
 .debug_macro   0x00016631      0x144 ./BSP/bsp.o
 .debug_macro   0x00016775      0x1bc ./BSP/bsp.o
 .debug_macro   0x00016931       0x30 ./BSP/bsp.o
 .debug_macro   0x00016961       0x3c ./BSP/bsp.o
 .debug_macro   0x0001699d       0x57 ./BSP/bsp.o
 .debug_macro   0x000169f4       0x88 ./BSP/bsp.o
 .debug_macro   0x00016a7c      0x24f ./BSP/bsp.o
 .debug_macro   0x00016ccb      0x141 ./BSP/bsp.o
 .debug_macro   0x00016e0c      0x8d1 ./BSP/bsp.o
 .debug_macro   0x000176dd      0x279 ./BSP/bsp.o
 .debug_macro   0x00017956       0xb5 ./BSP/bsp.o
 .debug_macro   0x00017a0b       0x28 ./BSP/bsp.o
 .debug_macro   0x00017a33       0x28 ./BSP/bsp.o
 .debug_macro   0x00017a5b       0x22 ./BSP/bsp.o
 .debug_macro   0x00017a7d       0x4c ./BSP/bsp.o
 .debug_macro   0x00017ac9       0x61 ./BSP/bsp.o
 .debug_macro   0x00017b2a       0x24 ./BSP/bsp.o
 .debug_macro   0x00017b4e       0x43 ./BSP/bsp.o
 .debug_macro   0x00017b91       0x34 ./BSP/bsp.o
 .debug_macro   0x00017bc5       0x16 ./BSP/bsp.o
 .debug_macro   0x00017bdb       0x35 ./BSP/bsp.o
 .debug_macro   0x00017c10      0x369 ./BSP/bsp.o
 .debug_macro   0x00017f79       0x10 ./BSP/bsp.o
 .debug_macro   0x00017f89       0x16 ./BSP/bsp.o
 .debug_macro   0x00017f9f       0x43 ./BSP/bsp.o
 .debug_macro   0x00017fe2       0x34 ./BSP/bsp.o
 .debug_macro   0x00018016       0x10 ./BSP/bsp.o
 .debug_macro   0x00018026       0x58 ./BSP/bsp.o
 .debug_macro   0x0001807e       0x8e ./BSP/bsp.o
 .debug_macro   0x0001810c       0x1c ./BSP/bsp.o
 .debug_macro   0x00018128      0x177 ./BSP/bsp.o
 .debug_macro   0x0001829f       0x16 ./BSP/bsp.o
 .debug_macro   0x000182b5       0x16 ./BSP/bsp.o
 .debug_macro   0x000182cb      0x146 ./BSP/bsp.o
 .debug_macro   0x00018411       0x16 ./BSP/bsp.o
 .debug_macro   0x00018427      0x2ea ./BSP/bsp_motor.o
 .debug_macro   0x00018711       0x46 ./BSP/bsp_motor.o
 .debug_macro   0x00018757      0x2f0 ./BSP/bsp_uart.o
 .debug_macro   0x00018a47      0x1bc ./Core/Src/dma.o
 .debug_macro   0x00018c03      0x1bc ./Core/Src/gpio.o
 .debug_macro   0x00018dbf      0x2ee ./Core/Src/main.o
 .debug_macro   0x000190ad      0x1b2 ./Core/Src/stm32f1xx_hal_msp.o
 .debug_macro   0x0001925f      0x1bc ./Core/Src/stm32f1xx_it.o
 .debug_macro   0x0001941b      0x1a3 ./Core/Src/system_stm32f1xx.o
 .debug_macro   0x000195be      0x1bc ./Core/Src/tim.o
 .debug_macro   0x0001977a      0x1bc ./Core/Src/usart.o
 .debug_macro   0x00019936      0x1c7 ./Drivers/STM32F1xx_HAL_Driver/Src/stm32f1xx_hal.o
 .debug_macro   0x00019afd      0x1a3 ./Drivers/STM32F1xx_HAL_Driver/Src/stm32f1xx_hal_cortex.o
 .debug_macro   0x00019ca0      0x1a3 ./Drivers/STM32F1xx_HAL_Driver/Src/stm32f1xx_hal_dma.o
 .debug_macro   0x00019e43      0x20e ./Drivers/STM32F1xx_HAL_Driver/Src/stm32f1xx_hal_gpio.o
 .debug_macro   0x0001a051      0x1b5 ./Drivers/STM32F1xx_HAL_Driver/Src/stm32f1xx_hal_rcc.o
 .debug_macro   0x0001a206      0x1a4 ./Drivers/STM32F1xx_HAL_Driver/Src/stm32f1xx_hal_tim.o
 .debug_macro   0x0001a3aa      0x1a3 ./Drivers/STM32F1xx_HAL_Driver/Src/stm32f1xx_hal_tim_ex.o
 .debug_macro   0x0001a54d      0x1a4 ./Drivers/STM32F1xx_HAL_Driver/Src/stm32f1xx_hal_uart.o

.debug_line     0x00000000    0x104d6
 .debug_line    0x00000000      0x910 ./BSP/bsp.o
 .debug_line    0x00000910      0x9fb ./BSP/bsp_motor.o
 .debug_line    0x0000130b      0x908 ./BSP/bsp_uart.o
 .debug_line    0x00001c13      0x700 ./Core/Src/dma.o
 .debug_line    0x00002313      0x71e ./Core/Src/gpio.o
 .debug_line    0x00002a31      0x938 ./Core/Src/main.o
 .debug_line    0x00003369      0x705 ./Core/Src/stm32f1xx_hal_msp.o
 .debug_line    0x00003a6e      0x7f7 ./Core/Src/stm32f1xx_it.o
 .debug_line    0x00004265      0x783 ./Core/Src/system_stm32f1xx.o
 .debug_line    0x000049e8      0x90a ./Core/Src/tim.o
 .debug_line    0x000052f2      0x79a ./Core/Src/usart.o
 .debug_line    0x00005a8c       0x79 ./Core/Startup/startup_stm32f103rctx.o
 .debug_line    0x00005b05      0x9b0 ./Drivers/STM32F1xx_HAL_Driver/Src/stm32f1xx_hal.o
 .debug_line    0x000064b5      0xb9c ./Drivers/STM32F1xx_HAL_Driver/Src/stm32f1xx_hal_cortex.o
 .debug_line    0x00007051     0x12da ./Drivers/STM32F1xx_HAL_Driver/Src/stm32f1xx_hal_dma.o
 .debug_line    0x0000832b      0xa6f ./Drivers/STM32F1xx_HAL_Driver/Src/stm32f1xx_hal_gpio.o
 .debug_line    0x00008d9a      0xdbb ./Drivers/STM32F1xx_HAL_Driver/Src/stm32f1xx_hal_rcc.o
 .debug_line    0x00009b55     0x35a2 ./Drivers/STM32F1xx_HAL_Driver/Src/stm32f1xx_hal_tim.o
 .debug_line    0x0000d0f7     0x193c ./Drivers/STM32F1xx_HAL_Driver/Src/stm32f1xx_hal_tim_ex.o
 .debug_line    0x0000ea33     0x1aa3 ./Drivers/STM32F1xx_HAL_Driver/Src/stm32f1xx_hal_uart.o

.debug_str      0x00000000    0x98474
 .debug_str     0x00000000    0x9518c ./BSP/bsp.o
                              0x955de (size before relaxing)
 .debug_str     0x0009518c      0x30a ./BSP/bsp_motor.o
                              0x956d4 (size before relaxing)
 .debug_str     0x00095496       0xcb ./BSP/bsp_uart.o
                              0x95605 (size before relaxing)
 .debug_str     0x00095561      0x39d ./Core/Src/dma.o
                              0x91b75 (size before relaxing)
 .debug_str     0x000958fe       0x96 ./Core/Src/gpio.o
                              0x91833 (size before relaxing)
 .debug_str     0x00095994      0x1b4 ./Core/Src/main.o
                              0x95319 (size before relaxing)
 .debug_str     0x00095b48       0x5a ./Core/Src/stm32f1xx_hal_msp.o
                              0x917bb (size before relaxing)
 .debug_str     0x00095ba2      0x12a ./Core/Src/stm32f1xx_it.o
                              0x91c1e (size before relaxing)
 .debug_str     0x00095ccc       0x7e ./Core/Src/system_stm32f1xx.o
                              0x9176c (size before relaxing)
 .debug_str     0x00095d4a      0x29c ./Core/Src/tim.o
                              0x91fd0 (size before relaxing)
 .debug_str     0x00095fe6       0x91 ./Core/Src/usart.o
                              0x9207d (size before relaxing)
 .debug_str     0x00096077       0x44 ./Core/Startup/startup_stm32f103rctx.o
                                 0x92 (size before relaxing)
 .debug_str     0x000960bb      0x38e ./Drivers/STM32F1xx_HAL_Driver/Src/stm32f1xx_hal.o
                              0x91f83 (size before relaxing)
 .debug_str     0x00096449      0x294 ./Drivers/STM32F1xx_HAL_Driver/Src/stm32f1xx_hal_cortex.o
                              0x91ecf (size before relaxing)
 .debug_str     0x000966dd      0x206 ./Drivers/STM32F1xx_HAL_Driver/Src/stm32f1xx_hal_dma.o
                              0x91b15 (size before relaxing)
 .debug_str     0x000968e3      0x2ce ./Drivers/STM32F1xx_HAL_Driver/Src/stm32f1xx_hal_gpio.o
                              0x91af2 (size before relaxing)
 .debug_str     0x00096bb1      0x229 ./Drivers/STM32F1xx_HAL_Driver/Src/stm32f1xx_hal_rcc.o
                              0x91b9b (size before relaxing)
 .debug_str     0x00096dda      0xd57 ./Drivers/STM32F1xx_HAL_Driver/Src/stm32f1xx_hal_tim.o
                              0x92b86 (size before relaxing)
 .debug_str     0x00097b31      0x3cc ./Drivers/STM32F1xx_HAL_Driver/Src/stm32f1xx_hal_tim_ex.o
                              0x923a2 (size before relaxing)
 .debug_str     0x00097efd      0x577 ./Drivers/STM32F1xx_HAL_Driver/Src/stm32f1xx_hal_uart.o
                              0x921a6 (size before relaxing)

.comment        0x00000000       0x43
 .comment       0x00000000       0x43 ./BSP/bsp.o
                                 0x44 (size before relaxing)
 .comment       0x00000043       0x44 ./BSP/bsp_motor.o
 .comment       0x00000043       0x44 ./BSP/bsp_uart.o
 .comment       0x00000043       0x44 ./Core/Src/dma.o
 .comment       0x00000043       0x44 ./Core/Src/gpio.o
 .comment       0x00000043       0x44 ./Core/Src/main.o
 .comment       0x00000043       0x44 ./Core/Src/stm32f1xx_hal_msp.o
 .comment       0x00000043       0x44 ./Core/Src/stm32f1xx_it.o
 .comment       0x00000043       0x44 ./Core/Src/system_stm32f1xx.o
 .comment       0x00000043       0x44 ./Core/Src/tim.o
 .comment       0x00000043       0x44 ./Core/Src/usart.o
 .comment       0x00000043       0x44 ./Drivers/STM32F1xx_HAL_Driver/Src/stm32f1xx_hal.o
 .comment       0x00000043       0x44 ./Drivers/STM32F1xx_HAL_Driver/Src/stm32f1xx_hal_cortex.o
 .comment       0x00000043       0x44 ./Drivers/STM32F1xx_HAL_Driver/Src/stm32f1xx_hal_dma.o
 .comment       0x00000043       0x44 ./Drivers/STM32F1xx_HAL_Driver/Src/stm32f1xx_hal_gpio.o
 .comment       0x00000043       0x44 ./Drivers/STM32F1xx_HAL_Driver/Src/stm32f1xx_hal_rcc.o
 .comment       0x00000043       0x44 ./Drivers/STM32F1xx_HAL_Driver/Src/stm32f1xx_hal_tim.o
 .comment       0x00000043       0x44 ./Drivers/STM32F1xx_HAL_Driver/Src/stm32f1xx_hal_tim_ex.o
 .comment       0x00000043       0x44 ./Drivers/STM32F1xx_HAL_Driver/Src/stm32f1xx_hal_uart.o

.debug_frame    0x00000000     0x33c4
 .debug_frame   0x00000000       0x68 ./BSP/bsp.o
 .debug_frame   0x00000068       0xa0 ./BSP/bsp_motor.o
 .debug_frame   0x00000108       0xbc ./BSP/bsp_uart.o
 .debug_frame   0x000001c4       0x34 ./Core/Src/dma.o
 .debug_frame   0x000001f8       0x34 ./Core/Src/gpio.o
 .debug_frame   0x0000022c       0x68 ./Core/Src/main.o
 .debug_frame   0x00000294       0x38 ./Core/Src/stm32f1xx_hal_msp.o
 .debug_frame   0x000002cc      0x13c ./Core/Src/stm32f1xx_it.o
 .debug_frame   0x00000408       0x58 ./Core/Src/system_stm32f1xx.o
 .debug_frame   0x00000460       0xcc ./Core/Src/tim.o
 .debug_frame   0x0000052c       0x74 ./Core/Src/usart.o
 .debug_frame   0x000005a0      0x334 ./Drivers/STM32F1xx_HAL_Driver/Src/stm32f1xx_hal.o
 .debug_frame   0x000008d4      0x428 ./Drivers/STM32F1xx_HAL_Driver/Src/stm32f1xx_hal_cortex.o
 .debug_frame   0x00000cfc      0x20c ./Drivers/STM32F1xx_HAL_Driver/Src/stm32f1xx_hal_dma.o
 .debug_frame   0x00000f08      0x14c ./Drivers/STM32F1xx_HAL_Driver/Src/stm32f1xx_hal_gpio.o
 .debug_frame   0x00001054      0x21c ./Drivers/STM32F1xx_HAL_Driver/Src/stm32f1xx_hal_rcc.o
 .debug_frame   0x00001270     0x11bc ./Drivers/STM32F1xx_HAL_Driver/Src/stm32f1xx_hal_tim.o
 .debug_frame   0x0000242c      0x638 ./Drivers/STM32F1xx_HAL_Driver/Src/stm32f1xx_hal_tim_ex.o
 .debug_frame   0x00002a64      0x914 ./Drivers/STM32F1xx_HAL_Driver/Src/stm32f1xx_hal_uart.o
 .debug_frame   0x00003378       0x20 C:/ST/STM32CubeIDE_1.15.1/STM32CubeIDE/plugins/com.st.stm32cube.ide.mcu.externaltools.gnu-tools-for-stm32.12.3.rel1.win32_1.0.100.202403111256/tools/bin/../lib/gcc/arm-none-eabi/12.3.1/../../../../arm-none-eabi/lib/thumb/v7-m/nofp\libc_nano.a(libc_a-memset.o)
 .debug_frame   0x00003398       0x2c C:/ST/STM32CubeIDE_1.15.1/STM32CubeIDE/plugins/com.st.stm32cube.ide.mcu.externaltools.gnu-tools-for-stm32.12.3.rel1.win32_1.0.100.202403111256/tools/bin/../lib/gcc/arm-none-eabi/12.3.1/../../../../arm-none-eabi/lib/thumb/v7-m/nofp\libc_nano.a(libc_a-init.o)

.debug_line_str
                0x00000000       0x76
 .debug_line_str
                0x00000000       0x76 ./Core/Startup/startup_stm32f103rctx.o
